Archive member included to satisfy reference by file (symbol)

c:/MaximSDK/Libraries/PeriphDrivers/bin/MAX78000/softfp/libPeriphDriver_softfp.a(mxc_delay.o)
                              c:/Users/ian89/eclipse-workspace/Alexa_V-1/build/main.o (MXC_Delay)
c:/MaximSDK/Libraries/PeriphDrivers/bin/MAX78000/softfp/libPeriphDriver_softfp.a(pins_ai85.o)
                              c:/Users/ian89/eclipse-workspace/Alexa_V-1/build/camera.o (gpio_cfg_pcif_xclk)
c:/MaximSDK/Libraries/PeriphDrivers/bin/MAX78000/softfp/libPeriphDriver_softfp.a(sys_ai85.o)
                              c:/Users/ian89/eclipse-workspace/Alexa_V-1/build/board.o (MXC_SYS_ClockEnable)
c:/MaximSDK/Libraries/PeriphDrivers/bin/MAX78000/softfp/libPeriphDriver_softfp.a(nvic_table.o)
                              c:/Users/ian89/eclipse-workspace/Alexa_V-1/build/camera.o (NVIC_SetVector)
c:/MaximSDK/Libraries/PeriphDrivers/bin/MAX78000/softfp/libPeriphDriver_softfp.a(cameraif_ai85.o)
                              c:/Users/ian89/eclipse-workspace/Alexa_V-1/build/camera.o (MXC_PCIF_Init)
c:/MaximSDK/Libraries/PeriphDrivers/bin/MAX78000/softfp/libPeriphDriver_softfp.a(cameraif_reva.o)
                              c:/MaximSDK/Libraries/PeriphDrivers/bin/MAX78000/softfp/libPeriphDriver_softfp.a(cameraif_ai85.o) (MXC_PCIF_RevA_SetDatawidth)
c:/MaximSDK/Libraries/PeriphDrivers/bin/MAX78000/softfp/libPeriphDriver_softfp.a(gpio_ai85.o)
                              c:/Users/ian89/eclipse-workspace/Alexa_V-1/build/led.o (MXC_GPIO_Config)
c:/MaximSDK/Libraries/PeriphDrivers/bin/MAX78000/softfp/libPeriphDriver_softfp.a(gpio_reva.o)
                              c:/MaximSDK/Libraries/PeriphDrivers/bin/MAX78000/softfp/libPeriphDriver_softfp.a(gpio_ai85.o) (MXC_GPIO_RevA_InGet)
c:/MaximSDK/Libraries/PeriphDrivers/bin/MAX78000/softfp/libPeriphDriver_softfp.a(pt_me17.o)
                              c:/Users/ian89/eclipse-workspace/Alexa_V-1/build/camera.o (MXC_PT_Init)
c:/MaximSDK/Libraries/PeriphDrivers/bin/MAX78000/softfp/libPeriphDriver_softfp.a(pt_reva.o)
                              c:/MaximSDK/Libraries/PeriphDrivers/bin/MAX78000/softfp/libPeriphDriver_softfp.a(pt_me17.o) (MXC_PT_RevA_Init)
c:/MaximSDK/Libraries/PeriphDrivers/bin/MAX78000/softfp/libPeriphDriver_softfp.a(spi_me17.o)
                              c:/Users/ian89/eclipse-workspace/Alexa_V-1/build/tft.o (MXC_SPI_Init)
c:/MaximSDK/Libraries/PeriphDrivers/bin/MAX78000/softfp/libPeriphDriver_softfp.a(spi_reva.o)
                              c:/MaximSDK/Libraries/PeriphDrivers/bin/MAX78000/softfp/libPeriphDriver_softfp.a(spi_me17.o) (MXC_SPI_RevA_Init)
c:/MaximSDK/Libraries/PeriphDrivers/bin/MAX78000/softfp/libPeriphDriver_softfp.a(tmr_ai85.o)
                              c:/Users/ian89/eclipse-workspace/Alexa_V-1/build/ov7692.o (MXC_TMR_Delay)
c:/MaximSDK/Libraries/PeriphDrivers/bin/MAX78000/softfp/libPeriphDriver_softfp.a(tmr_revb.o)
                              c:/MaximSDK/Libraries/PeriphDrivers/bin/MAX78000/softfp/libPeriphDriver_softfp.a(tmr_ai85.o) (MXC_TMR_RevB_Init)
c:/MaximSDK/Libraries/PeriphDrivers/bin/MAX78000/softfp/libPeriphDriver_softfp.a(uart_ai85.o)
                              c:/Users/ian89/eclipse-workspace/Alexa_V-1/build/board.o (MXC_UART_Shutdown)
c:/MaximSDK/Libraries/PeriphDrivers/bin/MAX78000/softfp/libPeriphDriver_softfp.a(uart_common.o)
                              c:/MaximSDK/Libraries/PeriphDrivers/bin/MAX78000/softfp/libPeriphDriver_softfp.a(uart_ai85.o) (MXC_UART_Common_ReadCharacter)
c:/MaximSDK/Libraries/PeriphDrivers/bin/MAX78000/softfp/libPeriphDriver_softfp.a(uart_revb.o)
                              c:/MaximSDK/Libraries/PeriphDrivers/bin/MAX78000/softfp/libPeriphDriver_softfp.a(uart_ai85.o) (MXC_UART_RevB_Init)
c:/MaximSDK/Libraries/PeriphDrivers/bin/MAX78000/softfp/libPeriphDriver_softfp.a(mxc_lock.o)
                              c:/MaximSDK/Libraries/PeriphDrivers/bin/MAX78000/softfp/libPeriphDriver_softfp.a(spi_reva.o) (MXC_FreeLock)
c:/MaximSDK/Libraries/PeriphDrivers/bin/MAX78000/softfp/libPeriphDriver_softfp.a(dma_me17.o)
                              c:/MaximSDK/Libraries/PeriphDrivers/bin/MAX78000/softfp/libPeriphDriver_softfp.a(spi_reva.o) (MXC_DMA_Init)
c:/MaximSDK/Libraries/PeriphDrivers/bin/MAX78000/softfp/libPeriphDriver_softfp.a(dma_reva.o)
                              c:/MaximSDK/Libraries/PeriphDrivers/bin/MAX78000/softfp/libPeriphDriver_softfp.a(dma_me17.o) (MXC_DMA_RevA_Init)
c:/MaximSDK/Libraries/PeriphDrivers/bin/MAX78000/softfp/libPeriphDriver_softfp.a(gpio_common.o)
                              c:/MaximSDK/Libraries/PeriphDrivers/bin/MAX78000/softfp/libPeriphDriver_softfp.a(gpio_ai85.o) (MXC_GPIO_Common_Init)
c:/MaximSDK/Libraries/PeriphDrivers/bin/MAX78000/softfp/libPeriphDriver_softfp.a(tmr_common.o)
                              c:/MaximSDK/Libraries/PeriphDrivers/bin/MAX78000/softfp/libPeriphDriver_softfp.a(tmr_ai85.o) (MXC_TMR_Common_Delay)
[...]
Memory Configuration

Name             Origin             Length             Attributes
ROM              0x00000000         0x00010000         xr
FLASH            0x10000000         0x00080000         xr
SRAM             0x20000000         0x00020000         xrw
*default*        0x00000000         0xffffffff

Linker script and memory map

LOAD c:/maximsdk/tools/gnutools/bin/../lib/gcc/arm-none-eabi/9.2.1/thumb/v7e-m+fp/softfp/crti.o
LOAD c:/maximsdk/tools/gnutools/bin/../lib/gcc/arm-none-eabi/9.2.1/thumb/v7e-m+fp/softfp/crtbegin.o
LOAD c:/maximsdk/tools/gnutools/bin/../lib/gcc/arm-none-eabi/9.2.1/../../../../arm-none-eabi/lib/thumb/v7e-m+fp/softfp/crt0.o
LOAD c:/Users/ian89/eclipse-workspace/Alexa_V-1/build/main.o
LOAD c:/Users/ian89/eclipse-workspace/Alexa_V-1/build/board.o
LOAD c:/Users/ian89/eclipse-workspace/Alexa_V-1/build/stdio.o
LOAD c:/Users/ian89/eclipse-workspace/Alexa_V-1/build/led.o
LOAD c:/Users/ian89/eclipse-workspace/Alexa_V-1/build/pb.o
LOAD c:/Users/ian89/eclipse-workspace/Alexa_V-1/build/tft.o
LOAD c:/Users/ian89/eclipse-workspace/Alexa_V-1/build/touchscreen.o
LOAD c:/Users/ian89/eclipse-workspace/Alexa_V-1/build/camera.o
LOAD c:/Users/ian89/eclipse-workspace/Alexa_V-1/build/ov7692.o
LOAD c:/Users/ian89/eclipse-workspace/Alexa_V-1/build/sccb.o
LOAD c:/Users/ian89/eclipse-workspace/Alexa_V-1/build/startup_max78000.o
LOAD c:/Users/ian89/eclipse-workspace/Alexa_V-1/build/heap.o
LOAD c:/Users/ian89/eclipse-workspace/Alexa_V-1/build/system_max78000.o
START GROUP
LOAD c:/MaximSDK/Libraries/PeriphDrivers/bin/MAX78000/softfp/libPeriphDriver_softfp.a
LOAD c:/maximsdk/tools/gnutools/bin/../lib/gcc/arm-none-eabi/9.2.1/../../../../arm-none-eabi/lib/thumb/v7e-m+fp/softfp\libc.a
LOAD c:/maximsdk/tools/gnutools/bin/../lib/gcc/arm-none-eabi/9.2.1/../../../../arm-none-eabi/lib/thumb/v7e-m+fp/softfp\libm.a
LOAD c:/maximsdk/tools/gnutools/bin/../lib/gcc/arm-none-eabi/9.2.1/../../../../arm-none-eabi/lib/thumb/v7e-m+fp/softfp\libnosys.a
END GROUP
START GROUP
LOAD c:/maximsdk/tools/gnutools/bin/../lib/gcc/arm-none-eabi/9.2.1/thumb/v7e-m+fp/softfp\libgcc.a
LOAD c:/maximsdk/tools/gnutools/bin/../lib/gcc/arm-none-eabi/9.2.1/../../../../arm-none-eabi/lib/thumb/v7e-m+fp/softfp\libc.a
END GROUP
LOAD c:/maximsdk/tools/gnutools/bin/../lib/gcc/arm-none-eabi/9.2.1/thumb/v7e-m+fp/softfp/crtend.o
LOAD c:/maximsdk/tools/gnutools/bin/../lib/gcc/arm-none-eabi/9.2.1/thumb/v7e-m+fp/softfp/crtn.o

.rom
 *(.rom_vector)
 *(.rom_handlers*)

.text           0x10000000     0x7754
                0x10000000                _text = .
 *(.isr_vector)
 .isr_vector    0x10000000      0x1e0 c:/Users/ian89/eclipse-workspace/Alexa_V-1/build/startup_max78000.o
                0x10000000                __isr_vector
 *(.text*)
 .text          0x100001e0       0x40 c:/maximsdk/tools/gnutools/bin/../lib/gcc/arm-none-eabi/9.2.1/thumb/v7e-m+fp/softfp/crtbegin.o
 .text.startup.main
                0x10000220       0x40 c:/Users/ian89/eclipse-workspace/Alexa_V-1/build/main.o
                0x10000220                main
 .text.mxc_assert
                0x10000260       0x10 c:/Users/ian89/eclipse-workspace/Alexa_V-1/build/board.o
                0x10000260                mxc_assert
 .text.Console_Init
                0x10000270       0x14 c:/Users/ian89/eclipse-workspace/Alexa_V-1/build/board.o
                0x10000270                Console_Init
 .text.Board_Init
                0x10000284       0x5c c:/Users/ian89/eclipse-workspace/Alexa_V-1/build/board.o
                0x10000284                Board_Init
 .text.NMI_Handler
                0x100002e0        0x4 c:/Users/ian89/eclipse-workspace/Alexa_V-1/build/board.o
                0x100002e0                NMI_Handler
 .text._close   0x100002e4        0x6 c:/Users/ian89/eclipse-workspace/Alexa_V-1/build/stdio.o
                0x100002e4                _close
 .text._isatty  0x100002ea        0x6 c:/Users/ian89/eclipse-workspace/Alexa_V-1/build/stdio.o
                0x100002ea                _isatty
 .text._lseek   0x100002f0        0x6 c:/Users/ian89/eclipse-workspace/Alexa_V-1/build/stdio.o
                0x100002f0                _lseek
 .text._fstat   0x100002f6        0x6 c:/Users/ian89/eclipse-workspace/Alexa_V-1/build/stdio.o
                0x100002f6                _fstat
 .text._read    0x100002fc       0x50 c:/Users/ian89/eclipse-workspace/Alexa_V-1/build/stdio.o
                0x100002fc                _read
 .text._write   0x1000034c       0x48 c:/Users/ian89/eclipse-workspace/Alexa_V-1/build/stdio.o
                0x1000034c                _write
 .text.LED_On   0x10000394       0x3c c:/Users/ian89/eclipse-workspace/Alexa_V-1/build/led.o
                0x10000394                LED_On
 .text.LED_Off  0x100003d0       0x3c c:/Users/ian89/eclipse-workspace/Alexa_V-1/build/led.o
                0x100003d0                LED_Off
 .text.LED_Init
                0x1000040c       0x40 c:/Users/ian89/eclipse-workspace/Alexa_V-1/build/led.o
                0x1000040c                LED_Init
 .text.PB_Init  0x1000044c       0x38 c:/Users/ian89/eclipse-workspace/Alexa_V-1/build/pb.o
                0x1000044c                PB_Init
 .text.GPIO0_IRQHandler
                0x10000484        0x6 c:/Users/ian89/eclipse-workspace/Alexa_V-1/build/pb.o
                0x10000484                GPIO0_IRQHandler
 .text.GPIO1_IRQHandler
                0x1000048a        0x6 c:/Users/ian89/eclipse-workspace/Alexa_V-1/build/pb.o
                0x1000048a                GPIO1_IRQHandler
 .text.GPIO2_IRQHandler
                0x10000490        0x6 c:/Users/ian89/eclipse-workspace/Alexa_V-1/build/pb.o
                0x10000490                GPIO2_IRQHandler
 *fill*         0x10000496        0x2 
 .text          0x10000498      0x148 c:/Users/ian89/eclipse-workspace/Alexa_V-1/build/startup_max78000.o
                0x10000498                Reset_Handler
                0x100004d6                HardFault_Handler
                0x100004d8                MemManage_Handler
                0x100004da                BusFault_Handler
                0x100004dc                UsageFault_Handler
                0x100004de                SVC_Handler
                0x100004e0                DebugMon_Handler
                0x100004e2                PendSV_Handler
                0x100004e4                SysTick_Handler
                0x100004e6                Default_Handler
                0x100004e8                PF_IRQHandler
                0x100004ea                WDT0_IRQHandler
                0x100004ec                RSV02_IRQHandler
                0x100004ee                RTC_IRQHandler
                0x100004f0                TRNG_IRQHandler
                0x100004f2                TMR0_IRQHandler
                0x100004f4                TMR1_IRQHandler
                0x100004f6                TMR2_IRQHandler
                0x100004f8                TMR3_IRQHandler
                0x100004fa                TMR4_IRQHandler
                0x100004fc                TMR5_IRQHandler
                0x100004fe                RSV11_IRQHandler
                0x10000500                RSV12_IRQHandler
                0x10000502                I2C0_IRQHandler
                0x10000504                UART0_IRQHandler
                0x10000506                UART1_IRQHandler
                0x10000508                SPI1_IRQHandler
                0x1000050a                RSV17_IRQHandler
                0x1000050c                RSV18_IRQHandler
                0x1000050e                RSV19_IRQHandler
                0x10000510                ADC_IRQHandler
                0x10000512                RSV21_IRQHandler
                0x10000514                RSV22_IRQHandler
                0x10000516                FLC0_IRQHandler
                0x1000051e                RSV27_IRQHandler
                0x10000520                DMA0_IRQHandler
                0x10000522                DMA1_IRQHandler
                0x10000524                DMA2_IRQHandler
                0x10000526                DMA3_IRQHandler
                0x10000528                RSV32_IRQHandler
                0x1000052a                RSV33_IRQHandler
                0x1000052c                UART2_IRQHandler
                0x1000052e                RSV35_IRQHandler
                0x10000530                I2C1_IRQHandler
                0x10000532                RSV37_IRQHandler
                0x10000534                RSV38_IRQHandler
                0x10000536                RSV39_IRQHandler
                0x10000538                RSV40_IRQHandler
                0x1000053a                RSV41_IRQHandler
                0x1000053c                RSV42_IRQHandler
                0x1000053e                RSV43_IRQHandler
                0x10000540                RSV44_IRQHandler
                0x10000542                RSV45_IRQHandler
                0x10000544                RSV46_IRQHandler
                0x10000546                RSV47_IRQHandler
                0x10000548                RSV48_IRQHandler
                0x1000054a                RSV49_IRQHandler
                0x1000054c                RSV50_IRQHandler
                0x1000054e                RSV51_IRQHandler
                0x10000550                RSV52_IRQHandler
                0x10000552                WUT_IRQHandler
                0x10000554                GPIOWAKE_IRQHandler
                0x10000556                RSV55_IRQHandler
                0x10000558                SPI0_IRQHandler
                0x1000055a                WDT1_IRQHandler
                0x1000055c                RSV58_IRQHandler
                0x1000055e                PT_IRQHandler
                0x10000560                RSV60_IRQHandler
                0x10000562                RSV61_IRQHandler
                0x10000564                I2C2_IRQHandler
                0x10000566                RISCV_IRQHandler
                0x10000568                RSV64_IRQHandler
                0x1000056a                RSV65_IRQHandler
                0x1000056c                RSV66_IRQHandler
                0x1000056e                OWM_IRQHandler
                0x10000570                RSV68_IRQHandler
                0x10000572                RSV69_IRQHandler
                0x10000574                RSV70_IRQHandler
                0x10000576                RSV71_IRQHandler
                0x10000578                RSV72_IRQHandler
                0x1000057a                RSV73_IRQHandler
                0x1000057c                RSV74_IRQHandler
                0x1000057e                RSV75_IRQHandler
                0x10000580                RSV76_IRQHandler
                0x10000582                RSV77_IRQHandler
                0x10000584                RSV78_IRQHandler
                0x10000586                RSV79_IRQHandler
                0x10000588                RSV80_IRQHandler
                0x1000058a                RSV81_IRQHandler
                0x1000058c                ECC_IRQHandler
                0x1000058e                DVS_IRQHandler
                0x10000590                SIMO_IRQHandler
                0x10000592                RSV85_IRQHandler
                0x10000594                RSV86_IRQHandler
                0x10000596                RSV87_IRQHandler
                0x10000598                UART3_IRQHandler
                0x1000059a                RSV89_IRQHandler
                0x1000059c                RSV90_IRQHandler
                0x1000059e                PCIF_IRQHandler
                0x100005a0                RSV92_IRQHandler
                0x100005a2                RSV93_IRQHandler
                0x100005a4                RSV94_IRQHandler
                0x100005a6                RSV95_IRQHandler
                0x100005a8                RSV96_IRQHandler
                0x100005aa                AES_IRQHandler
                0x100005ac                RSV98_IRQHandler
                0x100005ae                I2S_IRQHandler
                0x100005b0                CNN_FIFO_IRQHandler
                0x100005b2                CNN_IRQHandler
                0x100005b4                RSV102_IRQHandler
                0x100005b6                LPCMP_IRQHandler
 .text._sbrk    0x100005e0       0x38 c:/Users/ian89/eclipse-workspace/Alexa_V-1/build/heap.o
                0x100005e0                _sbrk
 .text.SystemCoreClockUpdate
                0x10000618       0x68 c:/Users/ian89/eclipse-workspace/Alexa_V-1/build/system_max78000.o
                0x10000618                SystemCoreClockUpdate
 .text.PreInit  0x10000680        0x4 c:/Users/ian89/eclipse-workspace/Alexa_V-1/build/system_max78000.o
                0x10000680                PreInit
 .text.SystemInit
                0x10000684       0x30 c:/Users/ian89/eclipse-workspace/Alexa_V-1/build/system_max78000.o
                0x10000684                SystemInit
 .text.MXC_DelayInit
                0x100006b4       0x80 c:/MaximSDK/Libraries/PeriphDrivers/bin/MAX78000/softfp/libPeriphDriver_softfp.a(mxc_delay.o)
 .text.MXC_DelayAsync
                0x10000734       0x3c c:/MaximSDK/Libraries/PeriphDrivers/bin/MAX78000/softfp/libPeriphDriver_softfp.a(mxc_delay.o)
                0x10000734                MXC_DelayAsync
 .text.MXC_DelayAbort
                0x10000770       0x34 c:/MaximSDK/Libraries/PeriphDrivers/bin/MAX78000/softfp/libPeriphDriver_softfp.a(mxc_delay.o)
                0x10000770                MXC_DelayAbort
 .text.MXC_DelayCheck
                0x100007a4       0x58 c:/MaximSDK/Libraries/PeriphDrivers/bin/MAX78000/softfp/libPeriphDriver_softfp.a(mxc_delay.o)
                0x100007a4                MXC_DelayCheck
 .text.MXC_Delay
                0x100007fc       0x4c c:/MaximSDK/Libraries/PeriphDrivers/bin/MAX78000/softfp/libPeriphDriver_softfp.a(mxc_delay.o)
                0x100007fc                MXC_Delay
 .text.MXC_SYS_ClockDisable
                0x10000848       0x44 c:/MaximSDK/Libraries/PeriphDrivers/bin/MAX78000/softfp/libPeriphDriver_softfp.a(sys_ai85.o)
                0x10000848                MXC_SYS_ClockDisable
 .text.MXC_SYS_ClockEnable
                0x1000088c       0x4c c:/MaximSDK/Libraries/PeriphDrivers/bin/MAX78000/softfp/libPeriphDriver_softfp.a(sys_ai85.o)
                0x1000088c                MXC_SYS_ClockEnable
 .text.MXC_SYS_Clock_Timeout
                0x100008d8       0x30 c:/MaximSDK/Libraries/PeriphDrivers/bin/MAX78000/softfp/libPeriphDriver_softfp.a(sys_ai85.o)
                0x100008d8                MXC_SYS_Clock_Timeout
 .text.MXC_SYS_ClockSourceEnable
                0x10000908       0x74 c:/MaximSDK/Libraries/PeriphDrivers/bin/MAX78000/softfp/libPeriphDriver_softfp.a(sys_ai85.o)
                0x10000908                MXC_SYS_ClockSourceEnable
 .text.MXC_SYS_Reset_Periph
                0x1000097c       0x3c c:/MaximSDK/Libraries/PeriphDrivers/bin/MAX78000/softfp/libPeriphDriver_softfp.a(sys_ai85.o)
                0x1000097c                MXC_SYS_Reset_Periph
 .text.MXC_GPIO_Init
                0x100009b8       0x38 c:/MaximSDK/Libraries/PeriphDrivers/bin/MAX78000/softfp/libPeriphDriver_softfp.a(gpio_ai85.o)
                0x100009b8                MXC_GPIO_Init
 .text.MXC_GPIO_Config
                0x100009f0      0x190 c:/MaximSDK/Libraries/PeriphDrivers/bin/MAX78000/softfp/libPeriphDriver_softfp.a(gpio_ai85.o)
                0x100009f0                MXC_GPIO_Config
 .text.MXC_GPIO_OutSet
                0x10000b80       0x34 c:/MaximSDK/Libraries/PeriphDrivers/bin/MAX78000/softfp/libPeriphDriver_softfp.a(gpio_ai85.o)
                0x10000b80                MXC_GPIO_OutSet
 .text.MXC_GPIO_OutClr
                0x10000bb4       0x34 c:/MaximSDK/Libraries/PeriphDrivers/bin/MAX78000/softfp/libPeriphDriver_softfp.a(gpio_ai85.o)
                0x10000bb4                MXC_GPIO_OutClr
 .text.MXC_GPIO_Handler
                0x10000be8        0x4 c:/MaximSDK/Libraries/PeriphDrivers/bin/MAX78000/softfp/libPeriphDriver_softfp.a(gpio_ai85.o)
                0x10000be8                MXC_GPIO_Handler
 .text.MXC_GPIO_ClearFlags
                0x10000bec        0x4 c:/MaximSDK/Libraries/PeriphDrivers/bin/MAX78000/softfp/libPeriphDriver_softfp.a(gpio_ai85.o)
                0x10000bec                MXC_GPIO_ClearFlags
 .text.MXC_GPIO_GetFlags
                0x10000bf0        0x4 c:/MaximSDK/Libraries/PeriphDrivers/bin/MAX78000/softfp/libPeriphDriver_softfp.a(gpio_ai85.o)
                0x10000bf0                MXC_GPIO_GetFlags
 .text.MXC_GPIO_RevA_OutSet
                0x10000bf4        0x4 c:/MaximSDK/Libraries/PeriphDrivers/bin/MAX78000/softfp/libPeriphDriver_softfp.a(gpio_reva.o)
                0x10000bf4                MXC_GPIO_RevA_OutSet
 .text.MXC_GPIO_RevA_OutClr
                0x10000bf8        0x4 c:/MaximSDK/Libraries/PeriphDrivers/bin/MAX78000/softfp/libPeriphDriver_softfp.a(gpio_reva.o)
                0x10000bf8                MXC_GPIO_RevA_OutClr
 .text.MXC_GPIO_RevA_ClearFlags
                0x10000bfc        0x4 c:/MaximSDK/Libraries/PeriphDrivers/bin/MAX78000/softfp/libPeriphDriver_softfp.a(gpio_reva.o)
                0x10000bfc                MXC_GPIO_RevA_ClearFlags
 .text.MXC_GPIO_RevA_GetFlags
                0x10000c00        0x4 c:/MaximSDK/Libraries/PeriphDrivers/bin/MAX78000/softfp/libPeriphDriver_softfp.a(gpio_reva.o)
                0x10000c00                MXC_GPIO_RevA_GetFlags
 .text.MXC_GPIO_RevA_SetVSSEL
                0x10000c04       0x24 c:/MaximSDK/Libraries/PeriphDrivers/bin/MAX78000/softfp/libPeriphDriver_softfp.a(gpio_reva.o)
                0x10000c04                MXC_GPIO_RevA_SetVSSEL
 .text.MXC_GPIO_RevA_SetAF
                0x10000c28       0x3c c:/MaximSDK/Libraries/PeriphDrivers/bin/MAX78000/softfp/libPeriphDriver_softfp.a(gpio_reva.o)
                0x10000c28                MXC_GPIO_RevA_SetAF
 .text.MXC_UART_Shutdown
                0x10000c64       0x70 c:/MaximSDK/Libraries/PeriphDrivers/bin/MAX78000/softfp/libPeriphDriver_softfp.a(uart_ai85.o)
                0x10000c64                MXC_UART_Shutdown
 .text.MXC_UART_Init
                0x10000cd4       0xb8 c:/MaximSDK/Libraries/PeriphDrivers/bin/MAX78000/softfp/libPeriphDriver_softfp.a(uart_ai85.o)
                0x10000cd4                MXC_UART_Init
 .text.MXC_UART_GetFrequency
                0x10000d8c       0x88 c:/MaximSDK/Libraries/PeriphDrivers/bin/MAX78000/softfp/libPeriphDriver_softfp.a(uart_ai85.o)
                0x10000d8c                MXC_UART_GetFrequency
 .text.MXC_UART_SetFrequency
                0x10000e14       0xac c:/MaximSDK/Libraries/PeriphDrivers/bin/MAX78000/softfp/libPeriphDriver_softfp.a(uart_ai85.o)
                0x10000e14                MXC_UART_SetFrequency
 .text.MXC_UART_SetDataSize
                0x10000ec0        0x4 c:/MaximSDK/Libraries/PeriphDrivers/bin/MAX78000/softfp/libPeriphDriver_softfp.a(uart_ai85.o)
                0x10000ec0                MXC_UART_SetDataSize
 .text.MXC_UART_SetStopBits
                0x10000ec4        0x4 c:/MaximSDK/Libraries/PeriphDrivers/bin/MAX78000/softfp/libPeriphDriver_softfp.a(uart_ai85.o)
                0x10000ec4                MXC_UART_SetStopBits
 .text.MXC_UART_SetParity
                0x10000ec8        0x4 c:/MaximSDK/Libraries/PeriphDrivers/bin/MAX78000/softfp/libPeriphDriver_softfp.a(uart_ai85.o)
                0x10000ec8                MXC_UART_SetParity
 .text.MXC_UART_ReadCharacterRaw
                0x10000ecc        0x4 c:/MaximSDK/Libraries/PeriphDrivers/bin/MAX78000/softfp/libPeriphDriver_softfp.a(uart_ai85.o)
                0x10000ecc                MXC_UART_ReadCharacterRaw
 .text.MXC_UART_WriteCharacterRaw
                0x10000ed0        0x4 c:/MaximSDK/Libraries/PeriphDrivers/bin/MAX78000/softfp/libPeriphDriver_softfp.a(uart_ai85.o)
                0x10000ed0                MXC_UART_WriteCharacterRaw
 .text.MXC_UART_ReadCharacter
                0x10000ed4        0x4 c:/MaximSDK/Libraries/PeriphDrivers/bin/MAX78000/softfp/libPeriphDriver_softfp.a(uart_ai85.o)
                0x10000ed4                MXC_UART_ReadCharacter
 .text.MXC_UART_WriteCharacter
                0x10000ed8        0x4 c:/MaximSDK/Libraries/PeriphDrivers/bin/MAX78000/softfp/libPeriphDriver_softfp.a(uart_ai85.o)
                0x10000ed8                MXC_UART_WriteCharacter
 .text.MXC_UART_GetRXFIFOAvailable
                0x10000edc        0x4 c:/MaximSDK/Libraries/PeriphDrivers/bin/MAX78000/softfp/libPeriphDriver_softfp.a(uart_ai85.o)
                0x10000edc                MXC_UART_GetRXFIFOAvailable
 .text.MXC_UART_GetTXFIFOAvailable
                0x10000ee0        0x4 c:/MaximSDK/Libraries/PeriphDrivers/bin/MAX78000/softfp/libPeriphDriver_softfp.a(uart_ai85.o)
                0x10000ee0                MXC_UART_GetTXFIFOAvailable
 .text.MXC_UART_SetRXThreshold
                0x10000ee4        0x4 c:/MaximSDK/Libraries/PeriphDrivers/bin/MAX78000/softfp/libPeriphDriver_softfp.a(uart_ai85.o)
                0x10000ee4                MXC_UART_SetRXThreshold
 .text.MXC_UART_Common_ReadCharacter
                0x10000ee8       0x18 c:/MaximSDK/Libraries/PeriphDrivers/bin/MAX78000/softfp/libPeriphDriver_softfp.a(uart_common.o)
                0x10000ee8                MXC_UART_Common_ReadCharacter
 .text.MXC_UART_Common_WriteCharacter
                0x10000f00       0x1e c:/MaximSDK/Libraries/PeriphDrivers/bin/MAX78000/softfp/libPeriphDriver_softfp.a(uart_common.o)
                0x10000f00                MXC_UART_Common_WriteCharacter
 *fill*         0x10000f1e        0x2 
 .text.MXC_UART_RevB_Init
                0x10000f20       0x68 c:/MaximSDK/Libraries/PeriphDrivers/bin/MAX78000/softfp/libPeriphDriver_softfp.a(uart_revb.o)
                0x10000f20                MXC_UART_RevB_Init
 .text.MXC_UART_RevB_SetFrequency
                0x10000f88       0xec c:/MaximSDK/Libraries/PeriphDrivers/bin/MAX78000/softfp/libPeriphDriver_softfp.a(uart_revb.o)
                0x10000f88                MXC_UART_RevB_SetFrequency
 .text.MXC_UART_RevB_GetFrequency
                0x10001074       0xb4 c:/MaximSDK/Libraries/PeriphDrivers/bin/MAX78000/softfp/libPeriphDriver_softfp.a(uart_revb.o)
                0x10001074                MXC_UART_RevB_GetFrequency
 .text.MXC_UART_RevB_SetDataSize
                0x10001128       0x40 c:/MaximSDK/Libraries/PeriphDrivers/bin/MAX78000/softfp/libPeriphDriver_softfp.a(uart_revb.o)
                0x10001128                MXC_UART_RevB_SetDataSize
 .text.MXC_UART_RevB_SetStopBits
                0x10001168       0x44 c:/MaximSDK/Libraries/PeriphDrivers/bin/MAX78000/softfp/libPeriphDriver_softfp.a(uart_revb.o)
                0x10001168                MXC_UART_RevB_SetStopBits
 .text.MXC_UART_RevB_SetParity
                0x100011ac       0x94 c:/MaximSDK/Libraries/PeriphDrivers/bin/MAX78000/softfp/libPeriphDriver_softfp.a(uart_revb.o)
                0x100011ac                MXC_UART_RevB_SetParity
 .text.MXC_UART_RevB_ReadCharacterRaw
                0x10001240       0x38 c:/MaximSDK/Libraries/PeriphDrivers/bin/MAX78000/softfp/libPeriphDriver_softfp.a(uart_revb.o)
                0x10001240                MXC_UART_RevB_ReadCharacterRaw
 .text.MXC_UART_RevB_WriteCharacterRaw
                0x10001278       0x3c c:/MaximSDK/Libraries/PeriphDrivers/bin/MAX78000/softfp/libPeriphDriver_softfp.a(uart_revb.o)
                0x10001278                MXC_UART_RevB_WriteCharacterRaw
 .text.MXC_UART_RevB_GetRXFIFOAvailable
                0x100012b4        0x8 c:/MaximSDK/Libraries/PeriphDrivers/bin/MAX78000/softfp/libPeriphDriver_softfp.a(uart_revb.o)
                0x100012b4                MXC_UART_RevB_GetRXFIFOAvailable
 .text.MXC_UART_RevB_GetTXFIFOAvailable
                0x100012bc        0xc c:/MaximSDK/Libraries/PeriphDrivers/bin/MAX78000/softfp/libPeriphDriver_softfp.a(uart_revb.o)
                0x100012bc                MXC_UART_RevB_GetTXFIFOAvailable
 .text.MXC_UART_RevB_SetRXThreshold
                0x100012c8       0x3c c:/MaximSDK/Libraries/PeriphDrivers/bin/MAX78000/softfp/libPeriphDriver_softfp.a(uart_revb.o)
                0x100012c8                MXC_UART_RevB_SetRXThreshold
 .text.MXC_GPIO_Common_Init
                0x10001304       0x34 c:/MaximSDK/Libraries/PeriphDrivers/bin/MAX78000/softfp/libPeriphDriver_softfp.a(gpio_common.o)
                0x10001304                MXC_GPIO_Common_Init
 .text.MXC_GPIO_Common_Handler
                0x10001338       0x84 c:/MaximSDK/Libraries/PeriphDrivers/bin/MAX78000/softfp/libPeriphDriver_softfp.a(gpio_common.o)
                0x10001338                MXC_GPIO_Common_Handler
 .text.__errno  0x100013bc        0xc c:/maximsdk/tools/gnutools/bin/../lib/gcc/arm-none-eabi/9.2.1/../../../../arm-none-eabi/lib/thumb/v7e-m+fp/softfp\libc.a(lib_a-errno.o)
                0x100013bc                __errno
 .text.__libc_init_array
                0x100013c8       0x48 c:/maximsdk/tools/gnutools/bin/../lib/gcc/arm-none-eabi/9.2.1/../../../../arm-none-eabi/lib/thumb/v7e-m+fp/softfp\libc.a(lib_a-init.o)
                0x100013c8                __libc_init_array
 .text._malloc_r
                0x10001410      0x574 c:/maximsdk/tools/gnutools/bin/../lib/gcc/arm-none-eabi/9.2.1/../../../../arm-none-eabi/lib/thumb/v7e-m+fp/softfp\libc.a(lib_a-mallocr.o)
                0x10001410                _malloc_r
 .text          0x10001984      0x134 c:/maximsdk/tools/gnutools/bin/../lib/gcc/arm-none-eabi/9.2.1/../../../../arm-none-eabi/lib/thumb/v7e-m+fp/softfp\libc.a(lib_a-memcpy.o)
                0x10001984                memcpy
 .text.memset   0x10001ab8       0xa0 c:/maximsdk/tools/gnutools/bin/../lib/gcc/arm-none-eabi/9.2.1/../../../../arm-none-eabi/lib/thumb/v7e-m+fp/softfp\libc.a(lib_a-memset.o)
                0x10001ab8                memset
 .text.__malloc_lock
                0x10001b58        0xc c:/maximsdk/tools/gnutools/bin/../lib/gcc/arm-none-eabi/9.2.1/../../../../arm-none-eabi/lib/thumb/v7e-m+fp/softfp\libc.a(lib_a-mlock.o)
                0x10001b58                __malloc_lock
 .text.__malloc_unlock
                0x10001b64        0xc c:/maximsdk/tools/gnutools/bin/../lib/gcc/arm-none-eabi/9.2.1/../../../../arm-none-eabi/lib/thumb/v7e-m+fp/softfp\libc.a(lib_a-mlock.o)
                0x10001b64                __malloc_unlock
 .text.printf   0x10001b70       0x28 c:/maximsdk/tools/gnutools/bin/../lib/gcc/arm-none-eabi/9.2.1/../../../../arm-none-eabi/lib/thumb/v7e-m+fp/softfp\libc.a(lib_a-printf.o)
                0x10001b70                printf
 .text._puts_r  0x10001b98       0x9c c:/maximsdk/tools/gnutools/bin/../lib/gcc/arm-none-eabi/9.2.1/../../../../arm-none-eabi/lib/thumb/v7e-m+fp/softfp\libc.a(lib_a-puts.o)
                0x10001b98                _puts_r
 .text.puts     0x10001c34       0x10 c:/maximsdk/tools/gnutools/bin/../lib/gcc/arm-none-eabi/9.2.1/../../../../arm-none-eabi/lib/thumb/v7e-m+fp/softfp\libc.a(lib_a-puts.o)
                0x10001c34                puts
 .text._sbrk_r  0x10001c44       0x24 c:/maximsdk/tools/gnutools/bin/../lib/gcc/arm-none-eabi/9.2.1/../../../../arm-none-eabi/lib/thumb/v7e-m+fp/softfp\libc.a(lib_a-sbrkr.o)
                0x10001c44                _sbrk_r
 *fill*         0x10001c68       0x18 
 .text          0x10001c80       0xdc c:/maximsdk/tools/gnutools/bin/../lib/gcc/arm-none-eabi/9.2.1/../../../../arm-none-eabi/lib/thumb/v7e-m+fp/softfp\libc.a(lib_a-strlen.o)
                0x10001c80                strlen
 *fill*         0x10001d5c        0x4 
 .text._vfprintf_r
                0x10001d60     0x1bdc c:/maximsdk/tools/gnutools/bin/../lib/gcc/arm-none-eabi/9.2.1/../../../../arm-none-eabi/lib/thumb/v7e-m+fp/softfp\libc.a(lib_a-vfprintf.o)
                0x10001d60                _vfprintf_r
 .text.__sbprintf
                0x1000393c       0x84 c:/maximsdk/tools/gnutools/bin/../lib/gcc/arm-none-eabi/9.2.1/../../../../arm-none-eabi/lib/thumb/v7e-m+fp/softfp\libc.a(lib_a-vfprintf.o)
 .text.__swsetup_r
                0x100039c0       0xd0 c:/maximsdk/tools/gnutools/bin/../lib/gcc/arm-none-eabi/9.2.1/../../../../arm-none-eabi/lib/thumb/v7e-m+fp/softfp\libc.a(lib_a-wsetup.o)
                0x100039c0                __swsetup_r
 .text.startup.register_fini
                0x10003a90       0x14 c:/maximsdk/tools/gnutools/bin/../lib/gcc/arm-none-eabi/9.2.1/../../../../arm-none-eabi/lib/thumb/v7e-m+fp/softfp\libc.a(lib_a-__call_atexit.o)
 .text.atexit   0x10003aa4        0xc c:/maximsdk/tools/gnutools/bin/../lib/gcc/arm-none-eabi/9.2.1/../../../../arm-none-eabi/lib/thumb/v7e-m+fp/softfp\libc.a(lib_a-atexit.o)
                0x10003aa4                atexit
 .text.quorem   0x10003ab0      0x11c c:/maximsdk/tools/gnutools/bin/../lib/gcc/arm-none-eabi/9.2.1/../../../../arm-none-eabi/lib/thumb/v7e-m+fp/softfp\libc.a(lib_a-dtoa.o)
 *fill*         0x10003bcc        0x4 
 .text._dtoa_r  0x10003bd0      0xeec c:/maximsdk/tools/gnutools/bin/../lib/gcc/arm-none-eabi/9.2.1/../../../../arm-none-eabi/lib/thumb/v7e-m+fp/softfp\libc.a(lib_a-dtoa.o)
                0x10003bd0                _dtoa_r
 .text.__sflush_r
                0x10004abc      0x130 c:/maximsdk/tools/gnutools/bin/../lib/gcc/arm-none-eabi/9.2.1/../../../../arm-none-eabi/lib/thumb/v7e-m+fp/softfp\libc.a(lib_a-fflush.o)
                0x10004abc                __sflush_r
 .text._fflush_r
                0x10004bec       0x5c c:/maximsdk/tools/gnutools/bin/../lib/gcc/arm-none-eabi/9.2.1/../../../../arm-none-eabi/lib/thumb/v7e-m+fp/softfp\libc.a(lib_a-fflush.o)
                0x10004bec                _fflush_r
 .text.std      0x10004c48       0x50 c:/maximsdk/tools/gnutools/bin/../lib/gcc/arm-none-eabi/9.2.1/../../../../arm-none-eabi/lib/thumb/v7e-m+fp/softfp\libc.a(lib_a-findfp.o)
 .text._cleanup_r
                0x10004c98        0xc c:/maximsdk/tools/gnutools/bin/../lib/gcc/arm-none-eabi/9.2.1/../../../../arm-none-eabi/lib/thumb/v7e-m+fp/softfp\libc.a(lib_a-findfp.o)
                0x10004c98                _cleanup_r
 .text.__sinit  0x10004ca4       0x54 c:/maximsdk/tools/gnutools/bin/../lib/gcc/arm-none-eabi/9.2.1/../../../../arm-none-eabi/lib/thumb/v7e-m+fp/softfp\libc.a(lib_a-findfp.o)
                0x10004ca4                __sinit
 .text.__sfp_lock_acquire
                0x10004cf8        0xc c:/maximsdk/tools/gnutools/bin/../lib/gcc/arm-none-eabi/9.2.1/../../../../arm-none-eabi/lib/thumb/v7e-m+fp/softfp\libc.a(lib_a-findfp.o)
                0x10004cf8                __sfp_lock_acquire
 .text.__sfp_lock_release
                0x10004d04        0xc c:/maximsdk/tools/gnutools/bin/../lib/gcc/arm-none-eabi/9.2.1/../../../../arm-none-eabi/lib/thumb/v7e-m+fp/softfp\libc.a(lib_a-findfp.o)
                0x10004d04                __sfp_lock_release
 .text.__libc_fini_array
                0x10004d10       0x2c c:/maximsdk/tools/gnutools/bin/../lib/gcc/arm-none-eabi/9.2.1/../../../../arm-none-eabi/lib/thumb/v7e-m+fp/softfp\libc.a(lib_a-fini.o)
                0x10004d10                __libc_fini_array
 .text._malloc_trim_r
                0x10004d3c       0xa0 c:/maximsdk/tools/gnutools/bin/../lib/gcc/arm-none-eabi/9.2.1/../../../../arm-none-eabi/lib/thumb/v7e-m+fp/softfp\libc.a(lib_a-freer.o)
                0x10004d3c                _malloc_trim_r
 .text._free_r  0x10004ddc      0x208 c:/maximsdk/tools/gnutools/bin/../lib/gcc/arm-none-eabi/9.2.1/../../../../arm-none-eabi/lib/thumb/v7e-m+fp/softfp\libc.a(lib_a-freer.o)
                0x10004ddc                _free_r
 .text.__sfvwrite_r
                0x10004fe4      0x2e0 c:/maximsdk/tools/gnutools/bin/../lib/gcc/arm-none-eabi/9.2.1/../../../../arm-none-eabi/lib/thumb/v7e-m+fp/softfp\libc.a(lib_a-fvwrite.o)
                0x10004fe4                __sfvwrite_r
 .text._fwalk_reent
                0x100052c4       0x48 c:/maximsdk/tools/gnutools/bin/../lib/gcc/arm-none-eabi/9.2.1/../../../../arm-none-eabi/lib/thumb/v7e-m+fp/softfp\libc.a(lib_a-fwalk.o)
                0x100052c4                _fwalk_reent
 .text._localeconv_r
                0x1000530c        0x8 c:/maximsdk/tools/gnutools/bin/../lib/gcc/arm-none-eabi/9.2.1/../../../../arm-none-eabi/lib/thumb/v7e-m+fp/softfp\libc.a(lib_a-localeconv.o)
                0x1000530c                _localeconv_r
 .text.__retarget_lock_init_recursive
                0x10005314        0x4 c:/maximsdk/tools/gnutools/bin/../lib/gcc/arm-none-eabi/9.2.1/../../../../arm-none-eabi/lib/thumb/v7e-m+fp/softfp\libc.a(lib_a-lock.o)
                0x10005314                __retarget_lock_init_recursive
 .text.__retarget_lock_close_recursive
                0x10005318        0x4 c:/maximsdk/tools/gnutools/bin/../lib/gcc/arm-none-eabi/9.2.1/../../../../arm-none-eabi/lib/thumb/v7e-m+fp/softfp\libc.a(lib_a-lock.o)
                0x10005318                __retarget_lock_close_recursive
 .text.__retarget_lock_acquire_recursive
                0x1000531c        0x4 c:/maximsdk/tools/gnutools/bin/../lib/gcc/arm-none-eabi/9.2.1/../../../../arm-none-eabi/lib/thumb/v7e-m+fp/softfp\libc.a(lib_a-lock.o)
                0x1000531c                __retarget_lock_acquire_recursive
 .text.__retarget_lock_release_recursive
                0x10005320        0x4 c:/maximsdk/tools/gnutools/bin/../lib/gcc/arm-none-eabi/9.2.1/../../../../arm-none-eabi/lib/thumb/v7e-m+fp/softfp\libc.a(lib_a-lock.o)
                0x10005320                __retarget_lock_release_recursive
 .text.__swhatbuf_r
                0x10005324       0x5c c:/maximsdk/tools/gnutools/bin/../lib/gcc/arm-none-eabi/9.2.1/../../../../arm-none-eabi/lib/thumb/v7e-m+fp/softfp\libc.a(lib_a-makebuf.o)
                0x10005324                __swhatbuf_r
 .text.__smakebuf_r
                0x10005380       0x98 c:/maximsdk/tools/gnutools/bin/../lib/gcc/arm-none-eabi/9.2.1/../../../../arm-none-eabi/lib/thumb/v7e-m+fp/softfp\libc.a(lib_a-makebuf.o)
                0x10005380                __smakebuf_r
 *fill*         0x10005418        0x8 
 .text          0x10005420       0xa0 c:/maximsdk/tools/gnutools/bin/../lib/gcc/arm-none-eabi/9.2.1/../../../../arm-none-eabi/lib/thumb/v7e-m+fp/softfp\libc.a(lib_a-memchr.o)
                0x10005420                memchr
 .text.memmove  0x100054c0       0xd8 c:/maximsdk/tools/gnutools/bin/../lib/gcc/arm-none-eabi/9.2.1/../../../../arm-none-eabi/lib/thumb/v7e-m+fp/softfp\libc.a(lib_a-memmove.o)
                0x100054c0                memmove
 .text._Balloc  0x10005598       0x4c c:/maximsdk/tools/gnutools/bin/../lib/gcc/arm-none-eabi/9.2.1/../../../../arm-none-eabi/lib/thumb/v7e-m+fp/softfp\libc.a(lib_a-mprec.o)
                0x10005598                _Balloc
 .text._Bfree   0x100055e4       0x14 c:/maximsdk/tools/gnutools/bin/../lib/gcc/arm-none-eabi/9.2.1/../../../../arm-none-eabi/lib/thumb/v7e-m+fp/softfp\libc.a(lib_a-mprec.o)
                0x100055e4                _Bfree
 .text.__multadd
                0x100055f8       0x8c c:/maximsdk/tools/gnutools/bin/../lib/gcc/arm-none-eabi/9.2.1/../../../../arm-none-eabi/lib/thumb/v7e-m+fp/softfp\libc.a(lib_a-mprec.o)
                0x100055f8                __multadd
 .text.__hi0bits
                0x10005684       0x40 c:/maximsdk/tools/gnutools/bin/../lib/gcc/arm-none-eabi/9.2.1/../../../../arm-none-eabi/lib/thumb/v7e-m+fp/softfp\libc.a(lib_a-mprec.o)
                0x10005684                __hi0bits
 .text.__lo0bits
                0x100056c4       0x60 c:/maximsdk/tools/gnutools/bin/../lib/gcc/arm-none-eabi/9.2.1/../../../../arm-none-eabi/lib/thumb/v7e-m+fp/softfp\libc.a(lib_a-mprec.o)
                0x100056c4                __lo0bits
 .text.__i2b    0x10005724       0x14 c:/maximsdk/tools/gnutools/bin/../lib/gcc/arm-none-eabi/9.2.1/../../../../arm-none-eabi/lib/thumb/v7e-m+fp/softfp\libc.a(lib_a-mprec.o)
                0x10005724                __i2b
 .text.__multiply
                0x10005738      0x144 c:/maximsdk/tools/gnutools/bin/../lib/gcc/arm-none-eabi/9.2.1/../../../../arm-none-eabi/lib/thumb/v7e-m+fp/softfp\libc.a(lib_a-mprec.o)
                0x10005738                __multiply
 .text.__pow5mult
                0x1000587c       0xa0 c:/maximsdk/tools/gnutools/bin/../lib/gcc/arm-none-eabi/9.2.1/../../../../arm-none-eabi/lib/thumb/v7e-m+fp/softfp\libc.a(lib_a-mprec.o)
                0x1000587c                __pow5mult
 .text.__lshift
                0x1000591c       0xd4 c:/maximsdk/tools/gnutools/bin/../lib/gcc/arm-none-eabi/9.2.1/../../../../arm-none-eabi/lib/thumb/v7e-m+fp/softfp\libc.a(lib_a-mprec.o)
                0x1000591c                __lshift
 .text.__mcmp   0x100059f0       0x3c c:/maximsdk/tools/gnutools/bin/../lib/gcc/arm-none-eabi/9.2.1/../../../../arm-none-eabi/lib/thumb/v7e-m+fp/softfp\libc.a(lib_a-mprec.o)
                0x100059f0                __mcmp
 .text.__mdiff  0x10005a2c      0x138 c:/maximsdk/tools/gnutools/bin/../lib/gcc/arm-none-eabi/9.2.1/../../../../arm-none-eabi/lib/thumb/v7e-m+fp/softfp\libc.a(lib_a-mprec.o)
                0x10005a2c                __mdiff
 .text.__d2b    0x10005b64       0xbc c:/maximsdk/tools/gnutools/bin/../lib/gcc/arm-none-eabi/9.2.1/../../../../arm-none-eabi/lib/thumb/v7e-m+fp/softfp\libc.a(lib_a-mprec.o)
                0x10005b64                __d2b
 .text._realloc_r
                0x10005c20      0x3e0 c:/maximsdk/tools/gnutools/bin/../lib/gcc/arm-none-eabi/9.2.1/../../../../arm-none-eabi/lib/thumb/v7e-m+fp/softfp\libc.a(lib_a-reallocr.o)
                0x10005c20                _realloc_r
 .text.frexp    0x10006000       0x70 c:/maximsdk/tools/gnutools/bin/../lib/gcc/arm-none-eabi/9.2.1/../../../../arm-none-eabi/lib/thumb/v7e-m+fp/softfp\libc.a(lib_a-s_frexp.o)
                0x10006000                frexp
 .text.__sread  0x10006070       0x24 c:/maximsdk/tools/gnutools/bin/../lib/gcc/arm-none-eabi/9.2.1/../../../../arm-none-eabi/lib/thumb/v7e-m+fp/softfp\libc.a(lib_a-stdio.o)
                0x10006070                __sread
 .text.__swrite
                0x10006094       0x40 c:/maximsdk/tools/gnutools/bin/../lib/gcc/arm-none-eabi/9.2.1/../../../../arm-none-eabi/lib/thumb/v7e-m+fp/softfp\libc.a(lib_a-stdio.o)
                0x10006094                __swrite
 .text.__sseek  0x100060d4       0x20 c:/maximsdk/tools/gnutools/bin/../lib/gcc/arm-none-eabi/9.2.1/../../../../arm-none-eabi/lib/thumb/v7e-m+fp/softfp\libc.a(lib_a-stdio.o)
                0x100060d4                __sseek
 .text.__sclose
                0x100060f4        0x8 c:/maximsdk/tools/gnutools/bin/../lib/gcc/arm-none-eabi/9.2.1/../../../../arm-none-eabi/lib/thumb/v7e-m+fp/softfp\libc.a(lib_a-stdio.o)
                0x100060f4                __sclose
 .text.strncpy  0x100060fc       0x68 c:/maximsdk/tools/gnutools/bin/../lib/gcc/arm-none-eabi/9.2.1/../../../../arm-none-eabi/lib/thumb/v7e-m+fp/softfp\libc.a(lib_a-strncpy.o)
                0x100060fc                strncpy
 .text.__sprint_r.part.0
                0x10006164       0x78 c:/maximsdk/tools/gnutools/bin/../lib/gcc/arm-none-eabi/9.2.1/../../../../arm-none-eabi/lib/thumb/v7e-m+fp/softfp\libc.a(lib_a-vfiprintf.o)
 .text.__sprint_r
                0x100061dc       0x18 c:/maximsdk/tools/gnutools/bin/../lib/gcc/arm-none-eabi/9.2.1/../../../../arm-none-eabi/lib/thumb/v7e-m+fp/softfp\libc.a(lib_a-vfiprintf.o)
                0x100061dc                __sprint_r
 .text._write_r
                0x100061f4       0x2c c:/maximsdk/tools/gnutools/bin/../lib/gcc/arm-none-eabi/9.2.1/../../../../arm-none-eabi/lib/thumb/v7e-m+fp/softfp\libc.a(lib_a-writer.o)
                0x100061f4                _write_r
 .text.__register_exitproc
                0x10006220       0x8c c:/maximsdk/tools/gnutools/bin/../lib/gcc/arm-none-eabi/9.2.1/../../../../arm-none-eabi/lib/thumb/v7e-m+fp/softfp\libc.a(lib_a-__atexit.o)
                0x10006220                __register_exitproc
 .text._calloc_r
                0x100062ac       0x60 c:/maximsdk/tools/gnutools/bin/../lib/gcc/arm-none-eabi/9.2.1/../../../../arm-none-eabi/lib/thumb/v7e-m+fp/softfp\libc.a(lib_a-callocr.o)
                0x100062ac                _calloc_r
 .text._close_r
                0x1000630c       0x24 c:/maximsdk/tools/gnutools/bin/../lib/gcc/arm-none-eabi/9.2.1/../../../../arm-none-eabi/lib/thumb/v7e-m+fp/softfp\libc.a(lib_a-closer.o)
                0x1000630c                _close_r
 .text._fclose_r
                0x10006330       0xcc c:/maximsdk/tools/gnutools/bin/../lib/gcc/arm-none-eabi/9.2.1/../../../../arm-none-eabi/lib/thumb/v7e-m+fp/softfp\libc.a(lib_a-fclose.o)
                0x10006330                _fclose_r
 .text.__fputwc
                0x100063fc       0xa8 c:/maximsdk/tools/gnutools/bin/../lib/gcc/arm-none-eabi/9.2.1/../../../../arm-none-eabi/lib/thumb/v7e-m+fp/softfp\libc.a(lib_a-fputwc.o)
                0x100063fc                __fputwc
 .text._fputwc_r
                0x100064a4       0x68 c:/maximsdk/tools/gnutools/bin/../lib/gcc/arm-none-eabi/9.2.1/../../../../arm-none-eabi/lib/thumb/v7e-m+fp/softfp\libc.a(lib_a-fputwc.o)
                0x100064a4                _fputwc_r
 .text._fstat_r
                0x1000650c       0x2c c:/maximsdk/tools/gnutools/bin/../lib/gcc/arm-none-eabi/9.2.1/../../../../arm-none-eabi/lib/thumb/v7e-m+fp/softfp\libc.a(lib_a-fstatr.o)
                0x1000650c                _fstat_r
 .text._isatty_r
                0x10006538       0x24 c:/maximsdk/tools/gnutools/bin/../lib/gcc/arm-none-eabi/9.2.1/../../../../arm-none-eabi/lib/thumb/v7e-m+fp/softfp\libc.a(lib_a-isattyr.o)
                0x10006538                _isatty_r
 .text.__locale_mb_cur_max
                0x1000655c        0xc c:/maximsdk/tools/gnutools/bin/../lib/gcc/arm-none-eabi/9.2.1/../../../../arm-none-eabi/lib/thumb/v7e-m+fp/softfp\libc.a(lib_a-locale.o)
                0x1000655c                __locale_mb_cur_max
 .text._lseek_r
                0x10006568       0x2c c:/maximsdk/tools/gnutools/bin/../lib/gcc/arm-none-eabi/9.2.1/../../../../arm-none-eabi/lib/thumb/v7e-m+fp/softfp\libc.a(lib_a-lseekr.o)
                0x10006568                _lseek_r
 .text.__ascii_mbtowc
                0x10006594       0x2c c:/maximsdk/tools/gnutools/bin/../lib/gcc/arm-none-eabi/9.2.1/../../../../arm-none-eabi/lib/thumb/v7e-m+fp/softfp\libc.a(lib_a-mbtowc_r.o)
                0x10006594                __ascii_mbtowc
 .text._read_r  0x100065c0       0x2c c:/maximsdk/tools/gnutools/bin/../lib/gcc/arm-none-eabi/9.2.1/../../../../arm-none-eabi/lib/thumb/v7e-m+fp/softfp\libc.a(lib_a-readr.o)
                0x100065c0                _read_r
 .text.__swbuf_r
                0x100065ec       0xb0 c:/maximsdk/tools/gnutools/bin/../lib/gcc/arm-none-eabi/9.2.1/../../../../arm-none-eabi/lib/thumb/v7e-m+fp/softfp\libc.a(lib_a-wbuf.o)
                0x100065ec                __swbuf_r
 .text._wcrtomb_r
                0x1000669c       0x3c c:/maximsdk/tools/gnutools/bin/../lib/gcc/arm-none-eabi/9.2.1/../../../../arm-none-eabi/lib/thumb/v7e-m+fp/softfp\libc.a(lib_a-wcrtomb.o)
                0x1000669c                _wcrtomb_r
 .text.__ascii_wctomb
                0x100066d8       0x1c c:/maximsdk/tools/gnutools/bin/../lib/gcc/arm-none-eabi/9.2.1/../../../../arm-none-eabi/lib/thumb/v7e-m+fp/softfp\libc.a(lib_a-wctomb_r.o)
                0x100066d8                __ascii_wctomb
 .text          0x100066f4      0x378 c:/maximsdk/tools/gnutools/bin/../lib/gcc/arm-none-eabi/9.2.1/thumb/v7e-m+fp/softfp\libgcc.a(_arm_addsubdf3.o)
                0x100066f4                __aeabi_drsub
                0x100066fc                __aeabi_dsub
                0x100066fc                __subdf3
                0x10006700                __aeabi_dadd
                0x10006700                __adddf3
                0x10006978                __floatunsidf
                0x10006978                __aeabi_ui2d
                0x10006998                __floatsidf
                0x10006998                __aeabi_i2d
                0x100069bc                __aeabi_f2d
                0x100069bc                __extendsfdf2
                0x10006a00                __floatundidf
                0x10006a00                __aeabi_ul2d
                0x10006a10                __floatdidf
                0x10006a10                __aeabi_l2d
 .text          0x10006a6c      0x424 c:/maximsdk/tools/gnutools/bin/../lib/gcc/arm-none-eabi/9.2.1/thumb/v7e-m+fp/softfp\libgcc.a(_arm_muldivdf3.o)
                0x10006a6c                __aeabi_dmul
                0x10006a6c                __muldf3
                0x10006cc0                __divdf3
                0x10006cc0                __aeabi_ddiv
 .text          0x10006e90      0x110 c:/maximsdk/tools/gnutools/bin/../lib/gcc/arm-none-eabi/9.2.1/thumb/v7e-m+fp/softfp\libgcc.a(_arm_cmpdf2.o)
                0x10006e90                __gtdf2
                0x10006e90                __gedf2
                0x10006e98                __ltdf2
                0x10006e98                __ledf2
                0x10006ea0                __nedf2
                0x10006ea0                __eqdf2
                0x10006ea0                __cmpdf2
                0x10006f1c                __aeabi_cdrcmple
                0x10006f2c                __aeabi_cdcmpeq
                0x10006f2c                __aeabi_cdcmple
                0x10006f3c                __aeabi_dcmpeq
                0x10006f50                __aeabi_dcmplt
                0x10006f64                __aeabi_dcmple
                0x10006f78                __aeabi_dcmpge
                0x10006f8c                __aeabi_dcmpgt
 .text          0x10006fa0       0x2c c:/maximsdk/tools/gnutools/bin/../lib/gcc/arm-none-eabi/9.2.1/thumb/v7e-m+fp/softfp\libgcc.a(_arm_unorddf2.o)
                0x10006fa0                __unorddf2
                0x10006fa0                __aeabi_dcmpun
 .text          0x10006fcc       0x50 c:/maximsdk/tools/gnutools/bin/../lib/gcc/arm-none-eabi/9.2.1/thumb/v7e-m+fp/softfp\libgcc.a(_arm_fixdfsi.o)
                0x10006fcc                __aeabi_d2iz
                0x10006fcc                __fixdfsi
 .text          0x1000701c       0x30 c:/maximsdk/tools/gnutools/bin/../lib/gcc/arm-none-eabi/9.2.1/thumb/v7e-m+fp/softfp\libgcc.a(_aeabi_uldivmod.o)
                0x1000701c                __aeabi_uldivmod
 .text          0x1000704c      0x2c4 c:/maximsdk/tools/gnutools/bin/../lib/gcc/arm-none-eabi/9.2.1/thumb/v7e-m+fp/softfp\libgcc.a(_udivmoddi4.o)
                0x1000704c                __udivmoddi4
 .text          0x10007310        0x4 c:/maximsdk/tools/gnutools/bin/../lib/gcc/arm-none-eabi/9.2.1/thumb/v7e-m+fp/softfp\libgcc.a(_dvmd_tls.o)
                0x10007310                __aeabi_idiv0
                0x10007310                __aeabi_ldiv0
 *(.rodata*)
 .rodata.main.str1.1
                0x10007314       0x19 c:/Users/ian89/eclipse-workspace/Alexa_V-1/build/main.o
 .rodata.mxc_assert.str1.1
                0x1000732d       0x19 c:/Users/ian89/eclipse-workspace/Alexa_V-1/build/board.o
 .rodata.Board_Init.str1.1
                0x10007346       0x43 c:/Users/ian89/eclipse-workspace/Alexa_V-1/build/board.o
 *fill*         0x10007389        0x3 
 .rodata.led_pin
                0x1000738c       0x18 c:/Users/ian89/eclipse-workspace/Alexa_V-1/build/board.o
                0x1000738c                led_pin
 .rodata.num_leds
                0x100073a4        0x4 c:/Users/ian89/eclipse-workspace/Alexa_V-1/build/board.o
                0x100073a4                num_leds
 .rodata.num_pbs
                0x100073a8        0x4 c:/Users/ian89/eclipse-workspace/Alexa_V-1/build/board.o
                0x100073a8                num_pbs
 .rodata.pb_pin
                0x100073ac       0x18 c:/Users/ian89/eclipse-workspace/Alexa_V-1/build/board.o
                0x100073ac                pb_pin
 .rodata.LED_On.str1.1
                0x100073c4       0x4e c:/Users/ian89/eclipse-workspace/Alexa_V-1/build/led.o
 *fill*         0x10007412        0x2 
 .rodata.gpio_cfg_uart0
                0x10007414        0xc c:/MaximSDK/Libraries/PeriphDrivers/bin/MAX78000/softfp/libPeriphDriver_softfp.a(pins_ai85.o)
                0x10007414                gpio_cfg_uart0
 .rodata.gpio_cfg_uart1
                0x10007420        0xc c:/MaximSDK/Libraries/PeriphDrivers/bin/MAX78000/softfp/libPeriphDriver_softfp.a(pins_ai85.o)
                0x10007420                gpio_cfg_uart1
 .rodata.gpio_cfg_uart2
                0x1000742c        0xc c:/MaximSDK/Libraries/PeriphDrivers/bin/MAX78000/softfp/libPeriphDriver_softfp.a(pins_ai85.o)
                0x1000742c                gpio_cfg_uart2
 .rodata.gpio_cfg_uart3
                0x10007438        0xc c:/MaximSDK/Libraries/PeriphDrivers/bin/MAX78000/softfp/libPeriphDriver_softfp.a(pins_ai85.o)
                0x10007438                gpio_cfg_uart3
 .rodata.MXC_GPIO_Common_Handler.str1.1
                0x10007444       0x65 c:/MaximSDK/Libraries/PeriphDrivers/bin/MAX78000/softfp/libPeriphDriver_softfp.a(gpio_common.o)
 *fill*         0x100074a9        0x3 
 .rodata._global_impure_ptr
                0x100074ac        0x4 c:/maximsdk/tools/gnutools/bin/../lib/gcc/arm-none-eabi/9.2.1/../../../../arm-none-eabi/lib/thumb/v7e-m+fp/softfp\libc.a(lib_a-impure.o)
                0x100074ac                _global_impure_ptr
 .rodata._puts_r.str1.4
                0x100074b0        0x2 c:/maximsdk/tools/gnutools/bin/../lib/gcc/arm-none-eabi/9.2.1/../../../../arm-none-eabi/lib/thumb/v7e-m+fp/softfp\libc.a(lib_a-puts.o)
 *fill*         0x100074b2        0x2 
 .rodata._vfprintf_r.str1.4
                0x100074b4       0x42 c:/maximsdk/tools/gnutools/bin/../lib/gcc/arm-none-eabi/9.2.1/../../../../arm-none-eabi/lib/thumb/v7e-m+fp/softfp\libc.a(lib_a-vfprintf.o)
 *fill*         0x100074f6        0x2 
 .rodata.blanks.8723
                0x100074f8       0x10 c:/maximsdk/tools/gnutools/bin/../lib/gcc/arm-none-eabi/9.2.1/../../../../arm-none-eabi/lib/thumb/v7e-m+fp/softfp\libc.a(lib_a-vfprintf.o)
 .rodata.zeroes.8724
                0x10007508       0x10 c:/maximsdk/tools/gnutools/bin/../lib/gcc/arm-none-eabi/9.2.1/../../../../arm-none-eabi/lib/thumb/v7e-m+fp/softfp\libc.a(lib_a-vfprintf.o)
 .rodata._dtoa_r.str1.4
                0x10007518        0xd c:/maximsdk/tools/gnutools/bin/../lib/gcc/arm-none-eabi/9.2.1/../../../../arm-none-eabi/lib/thumb/v7e-m+fp/softfp\libc.a(lib_a-dtoa.o)
                                 0x12 (size before relaxing)
 *fill*         0x10007525        0x3 
 .rodata.__mprec_bigtens
                0x10007528       0x28 c:/maximsdk/tools/gnutools/bin/../lib/gcc/arm-none-eabi/9.2.1/../../../../arm-none-eabi/lib/thumb/v7e-m+fp/softfp\libc.a(lib_a-mprec.o)
                0x10007528                __mprec_bigtens
 .rodata.__mprec_tens
                0x10007550       0xc8 c:/maximsdk/tools/gnutools/bin/../lib/gcc/arm-none-eabi/9.2.1/../../../../arm-none-eabi/lib/thumb/v7e-m+fp/softfp\libc.a(lib_a-mprec.o)
                0x10007550                __mprec_tens
 .rodata.p05.7478
                0x10007618        0xc c:/maximsdk/tools/gnutools/bin/../lib/gcc/arm-none-eabi/9.2.1/../../../../arm-none-eabi/lib/thumb/v7e-m+fp/softfp\libc.a(lib_a-mprec.o)
 .rodata._setlocale_r.str1.4
                0x10007624        0xa c:/maximsdk/tools/gnutools/bin/../lib/gcc/arm-none-eabi/9.2.1/../../../../arm-none-eabi/lib/thumb/v7e-m+fp/softfp\libc.a(lib_a-locale.o)
                                  0xd (size before relaxing)
 *fill*         0x1000762e        0x2 
 .rodata.str1.4
                0x10007630        0x2 c:/maximsdk/tools/gnutools/bin/../lib/gcc/arm-none-eabi/9.2.1/../../../../arm-none-eabi/lib/thumb/v7e-m+fp/softfp\libc.a(lib_a-locale.o)
 *fill*         0x10007632        0x2 
 .rodata._ctype_
                0x10007634      0x101 c:/maximsdk/tools/gnutools/bin/../lib/gcc/arm-none-eabi/9.2.1/../../../../arm-none-eabi/lib/thumb/v7e-m+fp/softfp\libc.a(lib_a-ctype_.o)
                0x10007634                _ctype_
 *(.init)
 *fill*         0x10007735        0x3 
 .init          0x10007738        0x4 c:/maximsdk/tools/gnutools/bin/../lib/gcc/arm-none-eabi/9.2.1/thumb/v7e-m+fp/softfp/crti.o
                0x10007738                _init
 .init          0x1000773c        0x8 c:/maximsdk/tools/gnutools/bin/../lib/gcc/arm-none-eabi/9.2.1/thumb/v7e-m+fp/softfp/crtn.o
 *(.fini)
 .fini          0x10007744        0x4 c:/maximsdk/tools/gnutools/bin/../lib/gcc/arm-none-eabi/9.2.1/thumb/v7e-m+fp/softfp/crti.o
                0x10007744                _fini
 .fini          0x10007748        0x8 c:/maximsdk/tools/gnutools/bin/../lib/gcc/arm-none-eabi/9.2.1/thumb/v7e-m+fp/softfp/crtn.o
 *(.eh_frame*)
 .eh_frame      0x10007750        0x0 c:/maximsdk/tools/gnutools/bin/../lib/gcc/arm-none-eabi/9.2.1/thumb/v7e-m+fp/softfp/crtbegin.o
 .eh_frame      0x10007750        0x4 c:/maximsdk/tools/gnutools/bin/../lib/gcc/arm-none-eabi/9.2.1/thumb/v7e-m+fp/softfp/crtend.o
                0x10007754                _etext = .

.glue_7         0x10007754        0x0
 .glue_7        0x10007754        0x0 linker stubs

.glue_7t        0x10007754        0x0
 .glue_7t       0x10007754        0x0 linker stubs

.vfp11_veneer   0x10007754        0x0
 .vfp11_veneer  0x10007754        0x0 linker stubs

.v4_bx          0x10007754        0x0
 .v4_bx         0x10007754        0x0 linker stubs

.iplt           0x10007754        0x0
 .iplt          0x10007754        0x0 c:/maximsdk/tools/gnutools/bin/../lib/gcc/arm-none-eabi/9.2.1/thumb/v7e-m+fp/softfp/crtbegin.o

.bin_storage    0x10007754        0x0
 FILL mask 0xff
                0x10007754                _bin_start_ = .
 *(.bin_storage_img)
                0x10007754                _bin_end_ = .
                0x10007754                . = ALIGN (0x4)

.rom_code       0x00000000        0x0
                0x00000000                . = ALIGN (0x10)
                0x20000000                _sran_code = .
 *(.rom_code_section)
                0x20000000                _esran_code = .

.flash_code     0x10007754        0xc
                0x10007760                . = ALIGN (0x10)
 *fill*         0x10007754        0xc 
                0x20000000                _sran_code = .
 *(.flash_code_section)
                0x20000000                _esran_code = .

.sram_code      0x20000000        0x0
                0x20000000                . = ALIGN (0x10)
                0x20000000                _sran_code = .
 *(.sram_code_section)
                0x20000000                _esran_code = .

.ARM.exidx      0x10007760        0x8
                0x10007760                __exidx_start = .
 *(.ARM.exidx*)
 .ARM.exidx     0x10007760        0x8 c:/maximsdk/tools/gnutools/bin/../lib/gcc/arm-none-eabi/9.2.1/thumb/v7e-m+fp/softfp\libgcc.a(_udivmoddi4.o)
                0x10007768                __exidx_end = .

.rel.dyn        0x10007768        0x0
 .rel.iplt      0x10007768        0x0 c:/maximsdk/tools/gnutools/bin/../lib/gcc/arm-none-eabi/9.2.1/thumb/v7e-m+fp/softfp/crtbegin.o

.data           0x20000000      0x9c4 load address 0x10007768
                0x20000000                _data = ALIGN (., 0x4)
 *(.data*)
 .data.ConsoleUart
                0x20000000        0x4 c:/Users/ian89/eclipse-workspace/Alexa_V-1/build/board.o
                0x20000000                ConsoleUart
 .data.overflows
                0x20000004        0x4 c:/MaximSDK/Libraries/PeriphDrivers/bin/MAX78000/softfp/libPeriphDriver_softfp.a(mxc_delay.o)
 .data._impure_ptr
                0x20000008        0x4 c:/maximsdk/tools/gnutools/bin/../lib/gcc/arm-none-eabi/9.2.1/../../../../arm-none-eabi/lib/thumb/v7e-m+fp/softfp\libc.a(lib_a-impure.o)
                0x20000008                _impure_ptr
 *fill*         0x2000000c        0x4 
 .data.impure_data
                0x20000010      0x428 c:/maximsdk/tools/gnutools/bin/../lib/gcc/arm-none-eabi/9.2.1/../../../../arm-none-eabi/lib/thumb/v7e-m+fp/softfp\libc.a(lib_a-impure.o)
 .data.__malloc_av_
                0x20000438      0x408 c:/maximsdk/tools/gnutools/bin/../lib/gcc/arm-none-eabi/9.2.1/../../../../arm-none-eabi/lib/thumb/v7e-m+fp/softfp\libc.a(lib_a-mallocr.o)
                0x20000438                __malloc_av_
 .data.__malloc_sbrk_base
                0x20000840        0x4 c:/maximsdk/tools/gnutools/bin/../lib/gcc/arm-none-eabi/9.2.1/../../../../arm-none-eabi/lib/thumb/v7e-m+fp/softfp\libc.a(lib_a-mallocr.o)
                0x20000840                __malloc_sbrk_base
 .data.__malloc_trim_threshold
                0x20000844        0x4 c:/maximsdk/tools/gnutools/bin/../lib/gcc/arm-none-eabi/9.2.1/../../../../arm-none-eabi/lib/thumb/v7e-m+fp/softfp\libc.a(lib_a-mallocr.o)
                0x20000844                __malloc_trim_threshold
 .data.__atexit_recursive_mutex
                0x20000848        0x4 c:/maximsdk/tools/gnutools/bin/../lib/gcc/arm-none-eabi/9.2.1/../../../../arm-none-eabi/lib/thumb/v7e-m+fp/softfp\libc.a(lib_a-__call_atexit.o)
                0x20000848                __atexit_recursive_mutex
 .data.__global_locale
                0x2000084c      0x16c c:/maximsdk/tools/gnutools/bin/../lib/gcc/arm-none-eabi/9.2.1/../../../../arm-none-eabi/lib/thumb/v7e-m+fp/softfp\libc.a(lib_a-locale.o)
                0x2000084c                __global_locale
                0x200009b8                . = ALIGN (0x4)
                0x200009b8                PROVIDE (__preinit_array_start = .)
 *(.preinit_array)
                0x200009b8                PROVIDE (__preinit_array_end = .)
                0x200009b8                . = ALIGN (0x4)
                0x200009b8                PROVIDE (__init_array_start = .)
 *(SORT_BY_NAME(.init_array.*))
 .init_array.00000
                0x200009b8        0x4 c:/maximsdk/tools/gnutools/bin/../lib/gcc/arm-none-eabi/9.2.1/../../../../arm-none-eabi/lib/thumb/v7e-m+fp/softfp\libc.a(lib_a-__call_atexit.o)
 *(.init_array)
 .init_array    0x200009bc        0x4 c:/maximsdk/tools/gnutools/bin/../lib/gcc/arm-none-eabi/9.2.1/thumb/v7e-m+fp/softfp/crtbegin.o
                0x200009c0                PROVIDE (__init_array_end = .)
                0x200009c0                . = ALIGN (0x4)
                0x200009c0                PROVIDE (__fini_array_start = .)
 *(SORT_BY_NAME(.fini_array.*))
 *(.fini_array)
 .fini_array    0x200009c0        0x4 c:/maximsdk/tools/gnutools/bin/../lib/gcc/arm-none-eabi/9.2.1/thumb/v7e-m+fp/softfp/crtbegin.o
                0x200009c4                PROVIDE (__fini_array_end = .)
                0x200009c4                _edata = ALIGN (., 0x4)
                0x10007768                __load_data = LOADADDR (.data)

.igot.plt       0x200009c4        0x0 load address 0x1000812c
 .igot.plt      0x200009c4        0x0 c:/maximsdk/tools/gnutools/bin/../lib/gcc/arm-none-eabi/9.2.1/thumb/v7e-m+fp/softfp/crtbegin.o

.bss            0x200009c4      0x48c load address 0x1000812c
                0x200009c4                . = ALIGN (0x4)
                0x200009c4                _bss = .
 *(.bss*)
 .bss           0x200009c4       0x1c c:/maximsdk/tools/gnutools/bin/../lib/gcc/arm-none-eabi/9.2.1/thumb/v7e-m+fp/softfp/crtbegin.o
 .bss.heap_end  0x200009e0        0x4 c:/Users/ian89/eclipse-workspace/Alexa_V-1/build/heap.o
 .bss.cbFunc    0x200009e4        0x4 c:/MaximSDK/Libraries/PeriphDrivers/bin/MAX78000/softfp/libPeriphDriver_softfp.a(mxc_delay.o)
 .bss.ctrl_save
                0x200009e8        0x4 c:/MaximSDK/Libraries/PeriphDrivers/bin/MAX78000/softfp/libPeriphDriver_softfp.a(mxc_delay.o)
 .bss.endtick   0x200009ec        0x4 c:/MaximSDK/Libraries/PeriphDrivers/bin/MAX78000/softfp/libPeriphDriver_softfp.a(mxc_delay.o)
 .bss.callback  0x200009f0      0x200 c:/MaximSDK/Libraries/PeriphDrivers/bin/MAX78000/softfp/libPeriphDriver_softfp.a(gpio_common.o)
 .bss.cbparam   0x20000bf0      0x200 c:/MaximSDK/Libraries/PeriphDrivers/bin/MAX78000/softfp/libPeriphDriver_softfp.a(gpio_common.o)
 .bss.initialized
                0x20000df0        0x1 c:/MaximSDK/Libraries/PeriphDrivers/bin/MAX78000/softfp/libPeriphDriver_softfp.a(gpio_common.o)
 *fill*         0x20000df1        0x3 
 .bss.__malloc_current_mallinfo
                0x20000df4       0x28 c:/maximsdk/tools/gnutools/bin/../lib/gcc/arm-none-eabi/9.2.1/../../../../arm-none-eabi/lib/thumb/v7e-m+fp/softfp\libc.a(lib_a-mallocr.o)
                0x20000df4                __malloc_current_mallinfo
 .bss.__malloc_max_sbrked_mem
                0x20000e1c        0x4 c:/maximsdk/tools/gnutools/bin/../lib/gcc/arm-none-eabi/9.2.1/../../../../arm-none-eabi/lib/thumb/v7e-m+fp/softfp\libc.a(lib_a-mallocr.o)
                0x20000e1c                __malloc_max_sbrked_mem
 .bss.__malloc_max_total_mem
                0x20000e20        0x4 c:/maximsdk/tools/gnutools/bin/../lib/gcc/arm-none-eabi/9.2.1/../../../../arm-none-eabi/lib/thumb/v7e-m+fp/softfp\libc.a(lib_a-mallocr.o)
                0x20000e20                __malloc_max_total_mem
 .bss.__malloc_top_pad
                0x20000e24        0x4 c:/maximsdk/tools/gnutools/bin/../lib/gcc/arm-none-eabi/9.2.1/../../../../arm-none-eabi/lib/thumb/v7e-m+fp/softfp\libc.a(lib_a-mallocr.o)
                0x20000e24                __malloc_top_pad
 *(COMMON)
 COMMON         0x20000e28       0x21 c:/maximsdk/tools/gnutools/bin/../lib/gcc/arm-none-eabi/9.2.1/../../../../arm-none-eabi/lib/thumb/v7e-m+fp/softfp\libc.a(lib_a-lock.o)
                0x20000e28                __lock___atexit_recursive_mutex
                0x20000e2c                __lock___arc4random_mutex
                0x20000e30                __lock___env_recursive_mutex
                0x20000e34                __lock___sinit_recursive_mutex
                0x20000e38                __lock___malloc_recursive_mutex
                0x20000e3c                __lock___at_quick_exit_mutex
                0x20000e40                __lock___dd_hash_mutex
                0x20000e44                __lock___tz_mutex
                0x20000e48                __lock___sfp_recursive_mutex
 *fill*         0x20000e49        0x3 
 COMMON         0x20000e4c        0x4 c:/maximsdk/tools/gnutools/bin/../lib/gcc/arm-none-eabi/9.2.1/../../../../arm-none-eabi/lib/thumb/v7e-m+fp/softfp\libc.a(lib_a-reent.o)
                0x20000e4c                errno
                0x20000e50                _ebss = ALIGN (., 0x4)

.shared         0x20000e50        0x4 load address 0x1000812c
                0x20000e50                . = ALIGN (0x4)
                0x20000e50                _shared = .
 *(.mailbox*)
                0x20000e50                . = ALIGN (0x4)
 *(.shared*)
 .shared        0x20000e50        0x4 c:/Users/ian89/eclipse-workspace/Alexa_V-1/build/system_max78000.o
                0x20000e50                SystemCoreClock
                0x20000e54                _eshared = ALIGN (., 0x4)
                0x1000812c                __shared_data = LOADADDR (.shared)
                0x20020000                __StackTop = (ORIGIN (SRAM) + LENGTH (SRAM))
                0x2001f000                __StackLimit = (__StackTop - SIZEOF (.stack_dummy))

.stack_dummy    0x20000e58     0x1000 load address 0x10008130
 *(.stack*)
 .stack         0x20000e58     0x1000 c:/Users/ian89/eclipse-workspace/Alexa_V-1/build/startup_max78000.o

.heap           0x20000e58      0xc00 load address 0x10008130
                0x20000e58                . = ALIGN (0x4)
 *(.heap*)
 .heap          0x20000e58      0xc00 c:/Users/ian89/eclipse-workspace/Alexa_V-1/build/startup_max78000.o
                0x20000e58                __HeapBase
                0x2001f000                __HeapLimit = ABSOLUTE (__StackLimit)
                0x20020000                PROVIDE (__stack = __StackTop)
                0x00000001                ASSERT ((__StackLimit >= _ebss), region RAM overflowed with stack)
OUTPUT(c:/Users/ian89/eclipse-workspace/Alexa_V-1/build/Alexa_V-1.elf elf32-littlearm)

.ARM.attributes
                0x00000000       0x2e
 .ARM.attributes
                0x00000000       0x1e c:/maximsdk/tools/gnutools/bin/../lib/gcc/arm-none-eabi/9.2.1/thumb/v7e-m+fp/softfp/crti.o
 .ARM.attributes
                0x0000001e       0x32 c:/maximsdk/tools/gnutools/bin/../lib/gcc/arm-none-eabi/9.2.1/thumb/v7e-m+fp/softfp/crtbegin.o
 .ARM.attributes
                0x00000050       0x32 c:/Users/ian89/eclipse-workspace/Alexa_V-1/build/main.o
 .ARM.attributes
                0x00000082       0x32 c:/Users/ian89/eclipse-workspace/Alexa_V-1/build/board.o
 .ARM.attributes
                0x000000b4       0x32 c:/Users/ian89/eclipse-workspace/Alexa_V-1/build/stdio.o
 .ARM.attributes
                0x000000e6       0x32 c:/Users/ian89/eclipse-workspace/Alexa_V-1/build/led.o
 .ARM.attributes
                0x00000118       0x32 c:/Users/ian89/eclipse-workspace/Alexa_V-1/build/pb.o
 .ARM.attributes
                0x0000014a       0x1b c:/Users/ian89/eclipse-workspace/Alexa_V-1/build/startup_max78000.o
 .ARM.attributes
                0x00000165       0x32 c:/Users/ian89/eclipse-workspace/Alexa_V-1/build/heap.o
 .ARM.attributes
                0x00000197       0x32 c:/Users/ian89/eclipse-workspace/Alexa_V-1/build/system_max78000.o
 .ARM.attributes
                0x000001c9       0x32 c:/MaximSDK/Libraries/PeriphDrivers/bin/MAX78000/softfp/libPeriphDriver_softfp.a(mxc_delay.o)
 .ARM.attributes
                0x000001fb       0x37 c:/MaximSDK/Libraries/PeriphDrivers/bin/MAX78000/softfp/libPeriphDriver_softfp.a(pins_ai85.o)
 .ARM.attributes
                0x00000232       0x32 c:/MaximSDK/Libraries/PeriphDrivers/bin/MAX78000/softfp/libPeriphDriver_softfp.a(sys_ai85.o)
 .ARM.attributes
                0x00000264       0x32 c:/MaximSDK/Libraries/PeriphDrivers/bin/MAX78000/softfp/libPeriphDriver_softfp.a(gpio_ai85.o)
 .ARM.attributes
                0x00000296       0x32 c:/MaximSDK/Libraries/PeriphDrivers/bin/MAX78000/softfp/libPeriphDriver_softfp.a(gpio_reva.o)
 .ARM.attributes
                0x000002c8       0x32 c:/MaximSDK/Libraries/PeriphDrivers/bin/MAX78000/softfp/libPeriphDriver_softfp.a(uart_ai85.o)
 .ARM.attributes
                0x000002fa       0x32 c:/MaximSDK/Libraries/PeriphDrivers/bin/MAX78000/softfp/libPeriphDriver_softfp.a(uart_common.o)
 .ARM.attributes
                0x0000032c       0x32 c:/MaximSDK/Libraries/PeriphDrivers/bin/MAX78000/softfp/libPeriphDriver_softfp.a(uart_revb.o)
 .ARM.attributes
                0x0000035e       0x32 c:/MaximSDK/Libraries/PeriphDrivers/bin/MAX78000/softfp/libPeriphDriver_softfp.a(gpio_common.o)
 .ARM.attributes
                0x00000390       0x32 c:/maximsdk/tools/gnutools/bin/../lib/gcc/arm-none-eabi/9.2.1/../../../../arm-none-eabi/lib/thumb/v7e-m+fp/softfp\libc.a(lib_a-errno.o)
 .ARM.attributes
                0x000003c2       0x30 c:/maximsdk/tools/gnutools/bin/../lib/gcc/arm-none-eabi/9.2.1/../../../../arm-none-eabi/lib/thumb/v7e-m+fp/softfp\libc.a(lib_a-impure.o)
 .ARM.attributes
                0x000003f2       0x32 c:/maximsdk/tools/gnutools/bin/../lib/gcc/arm-none-eabi/9.2.1/../../../../arm-none-eabi/lib/thumb/v7e-m+fp/softfp\libc.a(lib_a-init.o)
 .ARM.attributes
                0x00000424       0x32 c:/maximsdk/tools/gnutools/bin/../lib/gcc/arm-none-eabi/9.2.1/../../../../arm-none-eabi/lib/thumb/v7e-m+fp/softfp\libc.a(lib_a-mallocr.o)
 .ARM.attributes
                0x00000456       0x1c c:/maximsdk/tools/gnutools/bin/../lib/gcc/arm-none-eabi/9.2.1/../../../../arm-none-eabi/lib/thumb/v7e-m+fp/softfp\libc.a(lib_a-memcpy.o)
 .ARM.attributes
                0x00000472       0x32 c:/maximsdk/tools/gnutools/bin/../lib/gcc/arm-none-eabi/9.2.1/../../../../arm-none-eabi/lib/thumb/v7e-m+fp/softfp\libc.a(lib_a-memset.o)
 .ARM.attributes
                0x000004a4       0x32 c:/maximsdk/tools/gnutools/bin/../lib/gcc/arm-none-eabi/9.2.1/../../../../arm-none-eabi/lib/thumb/v7e-m+fp/softfp\libc.a(lib_a-mlock.o)
 .ARM.attributes
                0x000004d6       0x32 c:/maximsdk/tools/gnutools/bin/../lib/gcc/arm-none-eabi/9.2.1/../../../../arm-none-eabi/lib/thumb/v7e-m+fp/softfp\libc.a(lib_a-printf.o)
 .ARM.attributes
                0x00000508       0x32 c:/maximsdk/tools/gnutools/bin/../lib/gcc/arm-none-eabi/9.2.1/../../../../arm-none-eabi/lib/thumb/v7e-m+fp/softfp\libc.a(lib_a-puts.o)
 .ARM.attributes
                0x0000053a       0x32 c:/maximsdk/tools/gnutools/bin/../lib/gcc/arm-none-eabi/9.2.1/../../../../arm-none-eabi/lib/thumb/v7e-m+fp/softfp\libc.a(lib_a-sbrkr.o)
 .ARM.attributes
                0x0000056c       0x1c c:/maximsdk/tools/gnutools/bin/../lib/gcc/arm-none-eabi/9.2.1/../../../../arm-none-eabi/lib/thumb/v7e-m+fp/softfp\libc.a(lib_a-strlen.o)
 .ARM.attributes
                0x00000588       0x32 c:/maximsdk/tools/gnutools/bin/../lib/gcc/arm-none-eabi/9.2.1/../../../../arm-none-eabi/lib/thumb/v7e-m+fp/softfp\libc.a(lib_a-vfprintf.o)
 .ARM.attributes
                0x000005ba       0x32 c:/maximsdk/tools/gnutools/bin/../lib/gcc/arm-none-eabi/9.2.1/../../../../arm-none-eabi/lib/thumb/v7e-m+fp/softfp\libc.a(lib_a-wsetup.o)
 .ARM.attributes
                0x000005ec       0x32 c:/maximsdk/tools/gnutools/bin/../lib/gcc/arm-none-eabi/9.2.1/../../../../arm-none-eabi/lib/thumb/v7e-m+fp/softfp\libc.a(lib_a-__call_atexit.o)
 .ARM.attributes
                0x0000061e       0x32 c:/maximsdk/tools/gnutools/bin/../lib/gcc/arm-none-eabi/9.2.1/../../../../arm-none-eabi/lib/thumb/v7e-m+fp/softfp\libc.a(lib_a-atexit.o)
 .ARM.attributes
                0x00000650       0x32 c:/maximsdk/tools/gnutools/bin/../lib/gcc/arm-none-eabi/9.2.1/../../../../arm-none-eabi/lib/thumb/v7e-m+fp/softfp\libc.a(lib_a-dtoa.o)
 .ARM.attributes
                0x00000682       0x32 c:/maximsdk/tools/gnutools/bin/../lib/gcc/arm-none-eabi/9.2.1/../../../../arm-none-eabi/lib/thumb/v7e-m+fp/softfp\libc.a(lib_a-fflush.o)
 .ARM.attributes
                0x000006b4       0x32 c:/maximsdk/tools/gnutools/bin/../lib/gcc/arm-none-eabi/9.2.1/../../../../arm-none-eabi/lib/thumb/v7e-m+fp/softfp\libc.a(lib_a-findfp.o)
 .ARM.attributes
                0x000006e6       0x32 c:/maximsdk/tools/gnutools/bin/../lib/gcc/arm-none-eabi/9.2.1/../../../../arm-none-eabi/lib/thumb/v7e-m+fp/softfp\libc.a(lib_a-fini.o)
 .ARM.attributes
                0x00000718       0x32 c:/maximsdk/tools/gnutools/bin/../lib/gcc/arm-none-eabi/9.2.1/../../../../arm-none-eabi/lib/thumb/v7e-m+fp/softfp\libc.a(lib_a-freer.o)
 .ARM.attributes
                0x0000074a       0x32 c:/maximsdk/tools/gnutools/bin/../lib/gcc/arm-none-eabi/9.2.1/../../../../arm-none-eabi/lib/thumb/v7e-m+fp/softfp\libc.a(lib_a-fvwrite.o)
 .ARM.attributes
                0x0000077c       0x32 c:/maximsdk/tools/gnutools/bin/../lib/gcc/arm-none-eabi/9.2.1/../../../../arm-none-eabi/lib/thumb/v7e-m+fp/softfp\libc.a(lib_a-fwalk.o)
 .ARM.attributes
                0x000007ae       0x32 c:/maximsdk/tools/gnutools/bin/../lib/gcc/arm-none-eabi/9.2.1/../../../../arm-none-eabi/lib/thumb/v7e-m+fp/softfp\libc.a(lib_a-localeconv.o)
 .ARM.attributes
                0x000007e0       0x32 c:/maximsdk/tools/gnutools/bin/../lib/gcc/arm-none-eabi/9.2.1/../../../../arm-none-eabi/lib/thumb/v7e-m+fp/softfp\libc.a(lib_a-lock.o)
 .ARM.attributes
                0x00000812       0x32 c:/maximsdk/tools/gnutools/bin/../lib/gcc/arm-none-eabi/9.2.1/../../../../arm-none-eabi/lib/thumb/v7e-m+fp/softfp\libc.a(lib_a-makebuf.o)
 .ARM.attributes
                0x00000844       0x1c c:/maximsdk/tools/gnutools/bin/../lib/gcc/arm-none-eabi/9.2.1/../../../../arm-none-eabi/lib/thumb/v7e-m+fp/softfp\libc.a(lib_a-memchr.o)
 .ARM.attributes
                0x00000860       0x32 c:/maximsdk/tools/gnutools/bin/../lib/gcc/arm-none-eabi/9.2.1/../../../../arm-none-eabi/lib/thumb/v7e-m+fp/softfp\libc.a(lib_a-memmove.o)
 .ARM.attributes
                0x00000892       0x32 c:/maximsdk/tools/gnutools/bin/../lib/gcc/arm-none-eabi/9.2.1/../../../../arm-none-eabi/lib/thumb/v7e-m+fp/softfp\libc.a(lib_a-mprec.o)
 .ARM.attributes
                0x000008c4       0x32 c:/maximsdk/tools/gnutools/bin/../lib/gcc/arm-none-eabi/9.2.1/../../../../arm-none-eabi/lib/thumb/v7e-m+fp/softfp\libc.a(lib_a-reallocr.o)
 .ARM.attributes
                0x000008f6       0x32 c:/maximsdk/tools/gnutools/bin/../lib/gcc/arm-none-eabi/9.2.1/../../../../arm-none-eabi/lib/thumb/v7e-m+fp/softfp\libc.a(lib_a-reent.o)
 .ARM.attributes
                0x00000928       0x32 c:/maximsdk/tools/gnutools/bin/../lib/gcc/arm-none-eabi/9.2.1/../../../../arm-none-eabi/lib/thumb/v7e-m+fp/softfp\libc.a(lib_a-s_frexp.o)
 .ARM.attributes
                0x0000095a       0x32 c:/maximsdk/tools/gnutools/bin/../lib/gcc/arm-none-eabi/9.2.1/../../../../arm-none-eabi/lib/thumb/v7e-m+fp/softfp\libc.a(lib_a-stdio.o)
 .ARM.attributes
                0x0000098c       0x32 c:/maximsdk/tools/gnutools/bin/../lib/gcc/arm-none-eabi/9.2.1/../../../../arm-none-eabi/lib/thumb/v7e-m+fp/softfp\libc.a(lib_a-strncpy.o)
 .ARM.attributes
                0x000009be       0x32 c:/maximsdk/tools/gnutools/bin/../lib/gcc/arm-none-eabi/9.2.1/../../../../arm-none-eabi/lib/thumb/v7e-m+fp/softfp\libc.a(lib_a-vfiprintf.o)
 .ARM.attributes
                0x000009f0       0x32 c:/maximsdk/tools/gnutools/bin/../lib/gcc/arm-none-eabi/9.2.1/../../../../arm-none-eabi/lib/thumb/v7e-m+fp/softfp\libc.a(lib_a-writer.o)
 .ARM.attributes
                0x00000a22       0x32 c:/maximsdk/tools/gnutools/bin/../lib/gcc/arm-none-eabi/9.2.1/../../../../arm-none-eabi/lib/thumb/v7e-m+fp/softfp\libc.a(lib_a-__atexit.o)
 .ARM.attributes
                0x00000a54       0x32 c:/maximsdk/tools/gnutools/bin/../lib/gcc/arm-none-eabi/9.2.1/../../../../arm-none-eabi/lib/thumb/v7e-m+fp/softfp\libc.a(lib_a-callocr.o)
 .ARM.attributes
                0x00000a86       0x32 c:/maximsdk/tools/gnutools/bin/../lib/gcc/arm-none-eabi/9.2.1/../../../../arm-none-eabi/lib/thumb/v7e-m+fp/softfp\libc.a(lib_a-closer.o)
 .ARM.attributes
                0x00000ab8       0x32 c:/maximsdk/tools/gnutools/bin/../lib/gcc/arm-none-eabi/9.2.1/../../../../arm-none-eabi/lib/thumb/v7e-m+fp/softfp\libc.a(lib_a-fclose.o)
 .ARM.attributes
                0x00000aea       0x32 c:/maximsdk/tools/gnutools/bin/../lib/gcc/arm-none-eabi/9.2.1/../../../../arm-none-eabi/lib/thumb/v7e-m+fp/softfp\libc.a(lib_a-fputwc.o)
 .ARM.attributes
                0x00000b1c       0x32 c:/maximsdk/tools/gnutools/bin/../lib/gcc/arm-none-eabi/9.2.1/../../../../arm-none-eabi/lib/thumb/v7e-m+fp/softfp\libc.a(lib_a-fstatr.o)
 .ARM.attributes
                0x00000b4e       0x32 c:/maximsdk/tools/gnutools/bin/../lib/gcc/arm-none-eabi/9.2.1/../../../../arm-none-eabi/lib/thumb/v7e-m+fp/softfp\libc.a(lib_a-isattyr.o)
 .ARM.attributes
                0x00000b80       0x32 c:/maximsdk/tools/gnutools/bin/../lib/gcc/arm-none-eabi/9.2.1/../../../../arm-none-eabi/lib/thumb/v7e-m+fp/softfp\libc.a(lib_a-locale.o)
 .ARM.attributes
                0x00000bb2       0x32 c:/maximsdk/tools/gnutools/bin/../lib/gcc/arm-none-eabi/9.2.1/../../../../arm-none-eabi/lib/thumb/v7e-m+fp/softfp\libc.a(lib_a-lseekr.o)
 .ARM.attributes
                0x00000be4       0x32 c:/maximsdk/tools/gnutools/bin/../lib/gcc/arm-none-eabi/9.2.1/../../../../arm-none-eabi/lib/thumb/v7e-m+fp/softfp\libc.a(lib_a-mbtowc_r.o)
 .ARM.attributes
                0x00000c16       0x32 c:/maximsdk/tools/gnutools/bin/../lib/gcc/arm-none-eabi/9.2.1/../../../../arm-none-eabi/lib/thumb/v7e-m+fp/softfp\libc.a(lib_a-readr.o)
 .ARM.attributes
                0x00000c48       0x32 c:/maximsdk/tools/gnutools/bin/../lib/gcc/arm-none-eabi/9.2.1/../../../../arm-none-eabi/lib/thumb/v7e-m+fp/softfp\libc.a(lib_a-wbuf.o)
 .ARM.attributes
                0x00000c7a       0x32 c:/maximsdk/tools/gnutools/bin/../lib/gcc/arm-none-eabi/9.2.1/../../../../arm-none-eabi/lib/thumb/v7e-m+fp/softfp\libc.a(lib_a-wcrtomb.o)
 .ARM.attributes
                0x00000cac       0x32 c:/maximsdk/tools/gnutools/bin/../lib/gcc/arm-none-eabi/9.2.1/../../../../arm-none-eabi/lib/thumb/v7e-m+fp/softfp\libc.a(lib_a-wctomb_r.o)
 .ARM.attributes
                0x00000cde       0x30 c:/maximsdk/tools/gnutools/bin/../lib/gcc/arm-none-eabi/9.2.1/../../../../arm-none-eabi/lib/thumb/v7e-m+fp/softfp\libc.a(lib_a-ctype_.o)
 .ARM.attributes
                0x00000d0e       0x1e c:/maximsdk/tools/gnutools/bin/../lib/gcc/arm-none-eabi/9.2.1/thumb/v7e-m+fp/softfp\libgcc.a(_arm_addsubdf3.o)
 .ARM.attributes
                0x00000d2c       0x1e c:/maximsdk/tools/gnutools/bin/../lib/gcc/arm-none-eabi/9.2.1/thumb/v7e-m+fp/softfp\libgcc.a(_arm_muldivdf3.o)
 .ARM.attributes
                0x00000d4a       0x1e c:/maximsdk/tools/gnutools/bin/../lib/gcc/arm-none-eabi/9.2.1/thumb/v7e-m+fp/softfp\libgcc.a(_arm_cmpdf2.o)
 .ARM.attributes
                0x00000d68       0x1e c:/maximsdk/tools/gnutools/bin/../lib/gcc/arm-none-eabi/9.2.1/thumb/v7e-m+fp/softfp\libgcc.a(_arm_unorddf2.o)
 .ARM.attributes
                0x00000d86       0x1e c:/maximsdk/tools/gnutools/bin/../lib/gcc/arm-none-eabi/9.2.1/thumb/v7e-m+fp/softfp\libgcc.a(_arm_fixdfsi.o)
 .ARM.attributes
                0x00000da4       0x1e c:/maximsdk/tools/gnutools/bin/../lib/gcc/arm-none-eabi/9.2.1/thumb/v7e-m+fp/softfp\libgcc.a(_aeabi_uldivmod.o)
 .ARM.attributes
                0x00000dc2       0x32 c:/maximsdk/tools/gnutools/bin/../lib/gcc/arm-none-eabi/9.2.1/thumb/v7e-m+fp/softfp\libgcc.a(_udivmoddi4.o)
 .ARM.attributes
                0x00000df4       0x1e c:/maximsdk/tools/gnutools/bin/../lib/gcc/arm-none-eabi/9.2.1/thumb/v7e-m+fp/softfp\libgcc.a(_dvmd_tls.o)
 .ARM.attributes
                0x00000e12       0x30 c:/maximsdk/tools/gnutools/bin/../lib/gcc/arm-none-eabi/9.2.1/thumb/v7e-m+fp/softfp/crtend.o
 .ARM.attributes
                0x00000e42       0x1e c:/maximsdk/tools/gnutools/bin/../lib/gcc/arm-none-eabi/9.2.1/thumb/v7e-m+fp/softfp/crtn.o

.comment        0x00000000       0x79
 .comment       0x00000000       0x79 c:/Users/ian89/eclipse-workspace/Alexa_V-1/build/main.o
                                 0x7a (size before relaxing)
 .comment       0x00000079       0x7a c:/Users/ian89/eclipse-workspace/Alexa_V-1/build/board.o
 .comment       0x00000079       0x7a c:/Users/ian89/eclipse-workspace/Alexa_V-1/build/stdio.o
 .comment       0x00000079       0x7a c:/Users/ian89/eclipse-workspace/Alexa_V-1/build/led.o
 .comment       0x00000079       0x7a c:/Users/ian89/eclipse-workspace/Alexa_V-1/build/pb.o
 .comment       0x00000079       0x7a c:/Users/ian89/eclipse-workspace/Alexa_V-1/build/heap.o
 .comment       0x00000079       0x7a c:/Users/ian89/eclipse-workspace/Alexa_V-1/build/system_max78000.o
 .comment       0x00000079       0x7a c:/MaximSDK/Libraries/PeriphDrivers/bin/MAX78000/softfp/libPeriphDriver_softfp.a(mxc_delay.o)
 .comment       0x00000079       0x7a c:/MaximSDK/Libraries/PeriphDrivers/bin/MAX78000/softfp/libPeriphDriver_softfp.a(pins_ai85.o)
 .comment       0x00000079       0x7a c:/MaximSDK/Libraries/PeriphDrivers/bin/MAX78000/softfp/libPeriphDriver_softfp.a(sys_ai85.o)
 .comment       0x00000079       0x7a c:/MaximSDK/Libraries/PeriphDrivers/bin/MAX78000/softfp/libPeriphDriver_softfp.a(gpio_ai85.o)
 .comment       0x00000079       0x7a c:/MaximSDK/Libraries/PeriphDrivers/bin/MAX78000/softfp/libPeriphDriver_softfp.a(gpio_reva.o)
 .comment       0x00000079       0x7a c:/MaximSDK/Libraries/PeriphDrivers/bin/MAX78000/softfp/libPeriphDriver_softfp.a(uart_ai85.o)
 .comment       0x00000079       0x7a c:/MaximSDK/Libraries/PeriphDrivers/bin/MAX78000/softfp/libPeriphDriver_softfp.a(uart_common.o)
 .comment       0x00000079       0x7a c:/MaximSDK/Libraries/PeriphDrivers/bin/MAX78000/softfp/libPeriphDriver_softfp.a(uart_revb.o)
 .comment       0x00000079       0x7a c:/MaximSDK/Libraries/PeriphDrivers/bin/MAX78000/softfp/libPeriphDriver_softfp.a(gpio_common.o)

.debug_info     0x00000000    0x11215
 .debug_info    0x00000000      0xd84 c:/Users/ian89/eclipse-workspace/Alexa_V-1/build/main.o
 .debug_info    0x00000d84     0x14fd c:/Users/ian89/eclipse-workspace/Alexa_V-1/build/board.o
 .debug_info    0x00002281     0x1511 c:/Users/ian89/eclipse-workspace/Alexa_V-1/build/stdio.o
 .debug_info    0x00003792     0x10fb c:/Users/ian89/eclipse-workspace/Alexa_V-1/build/led.o
 .debug_info    0x0000488d      0xee2 c:/Users/ian89/eclipse-workspace/Alexa_V-1/build/pb.o
 .debug_info    0x0000576f      0xa22 c:/Users/ian89/eclipse-workspace/Alexa_V-1/build/heap.o
 .debug_info    0x00006191     0x1390 c:/Users/ian89/eclipse-workspace/Alexa_V-1/build/system_max78000.o
 .debug_info    0x00007521      0x8ee c:/MaximSDK/Libraries/PeriphDrivers/bin/MAX78000/softfp/libPeriphDriver_softfp.a(mxc_delay.o)
 .debug_info    0x00007e0f      0x8dd c:/MaximSDK/Libraries/PeriphDrivers/bin/MAX78000/softfp/libPeriphDriver_softfp.a(pins_ai85.o)
 .debug_info    0x000086ec      0xe57 c:/MaximSDK/Libraries/PeriphDrivers/bin/MAX78000/softfp/libPeriphDriver_softfp.a(sys_ai85.o)
 .debug_info    0x00009543     0x136c c:/MaximSDK/Libraries/PeriphDrivers/bin/MAX78000/softfp/libPeriphDriver_softfp.a(gpio_ai85.o)
 .debug_info    0x0000a8af      0xbc9 c:/MaximSDK/Libraries/PeriphDrivers/bin/MAX78000/softfp/libPeriphDriver_softfp.a(gpio_reva.o)
 .debug_info    0x0000b478     0x204a c:/MaximSDK/Libraries/PeriphDrivers/bin/MAX78000/softfp/libPeriphDriver_softfp.a(uart_ai85.o)
 .debug_info    0x0000d4c2      0x82e c:/MaximSDK/Libraries/PeriphDrivers/bin/MAX78000/softfp/libPeriphDriver_softfp.a(uart_common.o)
 .debug_info    0x0000dcf0     0x2ca1 c:/MaximSDK/Libraries/PeriphDrivers/bin/MAX78000/softfp/libPeriphDriver_softfp.a(uart_revb.o)
 .debug_info    0x00010991      0x884 c:/MaximSDK/Libraries/PeriphDrivers/bin/MAX78000/softfp/libPeriphDriver_softfp.a(gpio_common.o)

.debug_abbrev   0x00000000     0x2689
 .debug_abbrev  0x00000000      0x25a c:/Users/ian89/eclipse-workspace/Alexa_V-1/build/main.o
 .debug_abbrev  0x0000025a      0x33d c:/Users/ian89/eclipse-workspace/Alexa_V-1/build/board.o
 .debug_abbrev  0x00000597      0x2ff c:/Users/ian89/eclipse-workspace/Alexa_V-1/build/stdio.o
 .debug_abbrev  0x00000896      0x2ae c:/Users/ian89/eclipse-workspace/Alexa_V-1/build/led.o
 .debug_abbrev  0x00000b44      0x298 c:/Users/ian89/eclipse-workspace/Alexa_V-1/build/pb.o
 .debug_abbrev  0x00000ddc      0x232 c:/Users/ian89/eclipse-workspace/Alexa_V-1/build/heap.o
 .debug_abbrev  0x0000100e      0x2c1 c:/Users/ian89/eclipse-workspace/Alexa_V-1/build/system_max78000.o
 .debug_abbrev  0x000012cf      0x248 c:/MaximSDK/Libraries/PeriphDrivers/bin/MAX78000/softfp/libPeriphDriver_softfp.a(mxc_delay.o)
 .debug_abbrev  0x00001517       0xe3 c:/MaximSDK/Libraries/PeriphDrivers/bin/MAX78000/softfp/libPeriphDriver_softfp.a(pins_ai85.o)
 .debug_abbrev  0x000015fa      0x24e c:/MaximSDK/Libraries/PeriphDrivers/bin/MAX78000/softfp/libPeriphDriver_softfp.a(sys_ai85.o)
 .debug_abbrev  0x00001848      0x293 c:/MaximSDK/Libraries/PeriphDrivers/bin/MAX78000/softfp/libPeriphDriver_softfp.a(gpio_ai85.o)
 .debug_abbrev  0x00001adb      0x17b c:/MaximSDK/Libraries/PeriphDrivers/bin/MAX78000/softfp/libPeriphDriver_softfp.a(gpio_reva.o)
 .debug_abbrev  0x00001c56      0x2ca c:/MaximSDK/Libraries/PeriphDrivers/bin/MAX78000/softfp/libPeriphDriver_softfp.a(uart_ai85.o)
 .debug_abbrev  0x00001f20      0x144 c:/MaximSDK/Libraries/PeriphDrivers/bin/MAX78000/softfp/libPeriphDriver_softfp.a(uart_common.o)
 .debug_abbrev  0x00002064      0x420 c:/MaximSDK/Libraries/PeriphDrivers/bin/MAX78000/softfp/libPeriphDriver_softfp.a(uart_revb.o)
 .debug_abbrev  0x00002484      0x205 c:/MaximSDK/Libraries/PeriphDrivers/bin/MAX78000/softfp/libPeriphDriver_softfp.a(gpio_common.o)

.debug_loc      0x00000000     0x40a3
 .debug_loc     0x00000000       0x30 c:/Users/ian89/eclipse-workspace/Alexa_V-1/build/main.o
 .debug_loc     0x00000030       0xdd c:/Users/ian89/eclipse-workspace/Alexa_V-1/build/board.o
 .debug_loc     0x0000010d      0x324 c:/Users/ian89/eclipse-workspace/Alexa_V-1/build/stdio.o
 .debug_loc     0x00000431       0xdc c:/Users/ian89/eclipse-workspace/Alexa_V-1/build/led.o
 .debug_loc     0x0000050d      0x184 c:/Users/ian89/eclipse-workspace/Alexa_V-1/build/pb.o
 .debug_loc     0x00000691       0x54 c:/Users/ian89/eclipse-workspace/Alexa_V-1/build/heap.o
 .debug_loc     0x000006e5       0x52 c:/Users/ian89/eclipse-workspace/Alexa_V-1/build/system_max78000.o
 .debug_loc     0x00000737      0x198 c:/MaximSDK/Libraries/PeriphDrivers/bin/MAX78000/softfp/libPeriphDriver_softfp.a(mxc_delay.o)
 .debug_loc     0x000008cf      0x3c7 c:/MaximSDK/Libraries/PeriphDrivers/bin/MAX78000/softfp/libPeriphDriver_softfp.a(sys_ai85.o)
 .debug_loc     0x00000c96      0x8a5 c:/MaximSDK/Libraries/PeriphDrivers/bin/MAX78000/softfp/libPeriphDriver_softfp.a(gpio_ai85.o)
 .debug_loc     0x0000153b      0x2ae c:/MaximSDK/Libraries/PeriphDrivers/bin/MAX78000/softfp/libPeriphDriver_softfp.a(gpio_reva.o)
 .debug_loc     0x000017e9     0x118b c:/MaximSDK/Libraries/PeriphDrivers/bin/MAX78000/softfp/libPeriphDriver_softfp.a(uart_ai85.o)
 .debug_loc     0x00002974       0xa3 c:/MaximSDK/Libraries/PeriphDrivers/bin/MAX78000/softfp/libPeriphDriver_softfp.a(uart_common.o)
 .debug_loc     0x00002a17     0x1525 c:/MaximSDK/Libraries/PeriphDrivers/bin/MAX78000/softfp/libPeriphDriver_softfp.a(uart_revb.o)
 .debug_loc     0x00003f3c      0x167 c:/MaximSDK/Libraries/PeriphDrivers/bin/MAX78000/softfp/libPeriphDriver_softfp.a(gpio_common.o)

.debug_aranges  0x00000000      0x6b8
 .debug_aranges
                0x00000000       0x20 c:/Users/ian89/eclipse-workspace/Alexa_V-1/build/main.o
 .debug_aranges
                0x00000020       0x48 c:/Users/ian89/eclipse-workspace/Alexa_V-1/build/board.o
 .debug_aranges
                0x00000068       0x48 c:/Users/ian89/eclipse-workspace/Alexa_V-1/build/stdio.o
 .debug_aranges
                0x000000b0       0x38 c:/Users/ian89/eclipse-workspace/Alexa_V-1/build/led.o
 .debug_aranges
                0x000000e8       0x60 c:/Users/ian89/eclipse-workspace/Alexa_V-1/build/pb.o
 .debug_aranges
                0x00000148       0x20 c:/Users/ian89/eclipse-workspace/Alexa_V-1/build/heap.o
 .debug_aranges
                0x00000168       0x30 c:/Users/ian89/eclipse-workspace/Alexa_V-1/build/system_max78000.o
 .debug_aranges
                0x00000198       0x50 c:/MaximSDK/Libraries/PeriphDrivers/bin/MAX78000/softfp/libPeriphDriver_softfp.a(mxc_delay.o)
 .debug_aranges
                0x000001e8       0x18 c:/MaximSDK/Libraries/PeriphDrivers/bin/MAX78000/softfp/libPeriphDriver_softfp.a(pins_ai85.o)
 .debug_aranges
                0x00000200       0x70 c:/MaximSDK/Libraries/PeriphDrivers/bin/MAX78000/softfp/libPeriphDriver_softfp.a(sys_ai85.o)
 .debug_aranges
                0x00000270       0xa8 c:/MaximSDK/Libraries/PeriphDrivers/bin/MAX78000/softfp/libPeriphDriver_softfp.a(gpio_ai85.o)
 .debug_aranges
                0x00000318       0x80 c:/MaximSDK/Libraries/PeriphDrivers/bin/MAX78000/softfp/libPeriphDriver_softfp.a(gpio_reva.o)
 .debug_aranges
                0x00000398      0x168 c:/MaximSDK/Libraries/PeriphDrivers/bin/MAX78000/softfp/libPeriphDriver_softfp.a(uart_ai85.o)
 .debug_aranges
                0x00000500       0x28 c:/MaximSDK/Libraries/PeriphDrivers/bin/MAX78000/softfp/libPeriphDriver_softfp.a(uart_common.o)
 .debug_aranges
                0x00000528      0x160 c:/MaximSDK/Libraries/PeriphDrivers/bin/MAX78000/softfp/libPeriphDriver_softfp.a(uart_revb.o)
 .debug_aranges
                0x00000688       0x30 c:/MaximSDK/Libraries/PeriphDrivers/bin/MAX78000/softfp/libPeriphDriver_softfp.a(gpio_common.o)

.debug_ranges   0x00000000      0x5f8
 .debug_ranges  0x00000000       0x10 c:/Users/ian89/eclipse-workspace/Alexa_V-1/build/main.o
 .debug_ranges  0x00000010       0x38 c:/Users/ian89/eclipse-workspace/Alexa_V-1/build/board.o
 .debug_ranges  0x00000048       0x38 c:/Users/ian89/eclipse-workspace/Alexa_V-1/build/stdio.o
 .debug_ranges  0x00000080       0x28 c:/Users/ian89/eclipse-workspace/Alexa_V-1/build/led.o
 .debug_ranges  0x000000a8       0x50 c:/Users/ian89/eclipse-workspace/Alexa_V-1/build/pb.o
 .debug_ranges  0x000000f8       0x10 c:/Users/ian89/eclipse-workspace/Alexa_V-1/build/heap.o
 .debug_ranges  0x00000108       0x20 c:/Users/ian89/eclipse-workspace/Alexa_V-1/build/system_max78000.o
 .debug_ranges  0x00000128       0x40 c:/MaximSDK/Libraries/PeriphDrivers/bin/MAX78000/softfp/libPeriphDriver_softfp.a(mxc_delay.o)
 .debug_ranges  0x00000168       0x60 c:/MaximSDK/Libraries/PeriphDrivers/bin/MAX78000/softfp/libPeriphDriver_softfp.a(sys_ai85.o)
 .debug_ranges  0x000001c8       0xb0 c:/MaximSDK/Libraries/PeriphDrivers/bin/MAX78000/softfp/libPeriphDriver_softfp.a(gpio_ai85.o)
 .debug_ranges  0x00000278       0x70 c:/MaximSDK/Libraries/PeriphDrivers/bin/MAX78000/softfp/libPeriphDriver_softfp.a(gpio_reva.o)
 .debug_ranges  0x000002e8      0x170 c:/MaximSDK/Libraries/PeriphDrivers/bin/MAX78000/softfp/libPeriphDriver_softfp.a(uart_ai85.o)
 .debug_ranges  0x00000458       0x18 c:/MaximSDK/Libraries/PeriphDrivers/bin/MAX78000/softfp/libPeriphDriver_softfp.a(uart_common.o)
 .debug_ranges  0x00000470      0x150 c:/MaximSDK/Libraries/PeriphDrivers/bin/MAX78000/softfp/libPeriphDriver_softfp.a(uart_revb.o)
 .debug_ranges  0x000005c0       0x38 c:/MaximSDK/Libraries/PeriphDrivers/bin/MAX78000/softfp/libPeriphDriver_softfp.a(gpio_common.o)

.debug_macro    0x00000000     0xa80e
 .debug_macro   0x00000000      0x1f9 c:/Users/ian89/eclipse-workspace/Alexa_V-1/build/main.o
 .debug_macro   0x000001f9      0xaba c:/Users/ian89/eclipse-workspace/Alexa_V-1/build/main.o
 .debug_macro   0x00000cb3       0x22 c:/Users/ian89/eclipse-workspace/Alexa_V-1/build/main.o
 .debug_macro   0x00000cd5       0x58 c:/Users/ian89/eclipse-workspace/Alexa_V-1/build/main.o
 .debug_macro   0x00000d2d       0x18 c:/Users/ian89/eclipse-workspace/Alexa_V-1/build/main.o
 .debug_macro   0x00000d45       0x94 c:/Users/ian89/eclipse-workspace/Alexa_V-1/build/main.o
 .debug_macro   0x00000dd9       0x35 c:/Users/ian89/eclipse-workspace/Alexa_V-1/build/main.o
 .debug_macro   0x00000e0e       0x34 c:/Users/ian89/eclipse-workspace/Alexa_V-1/build/main.o
 .debug_macro   0x00000e42       0x16 c:/Users/ian89/eclipse-workspace/Alexa_V-1/build/main.o
 .debug_macro   0x00000e58       0x57 c:/Users/ian89/eclipse-workspace/Alexa_V-1/build/main.o
 .debug_macro   0x00000eaf       0x97 c:/Users/ian89/eclipse-workspace/Alexa_V-1/build/main.o
 .debug_macro   0x00000f46      0x339 c:/Users/ian89/eclipse-workspace/Alexa_V-1/build/main.o
 .debug_macro   0x0000127f       0xfd c:/Users/ian89/eclipse-workspace/Alexa_V-1/build/main.o
 .debug_macro   0x0000137c       0x10 c:/Users/ian89/eclipse-workspace/Alexa_V-1/build/main.o
 .debug_macro   0x0000138c       0x58 c:/Users/ian89/eclipse-workspace/Alexa_V-1/build/main.o
 .debug_macro   0x000013e4       0x1f c:/Users/ian89/eclipse-workspace/Alexa_V-1/build/main.o
 .debug_macro   0x00001403       0x43 c:/Users/ian89/eclipse-workspace/Alexa_V-1/build/main.o
 .debug_macro   0x00001446       0x20 c:/Users/ian89/eclipse-workspace/Alexa_V-1/build/main.o
 .debug_macro   0x00001466      0x18e c:/Users/ian89/eclipse-workspace/Alexa_V-1/build/main.o
 .debug_macro   0x000015f4       0x10 c:/Users/ian89/eclipse-workspace/Alexa_V-1/build/main.o
 .debug_macro   0x00001604       0x6a c:/Users/ian89/eclipse-workspace/Alexa_V-1/build/main.o
 .debug_macro   0x0000166e       0x1c c:/Users/ian89/eclipse-workspace/Alexa_V-1/build/main.o
 .debug_macro   0x0000168a       0x52 c:/Users/ian89/eclipse-workspace/Alexa_V-1/build/main.o
 .debug_macro   0x000016dc       0x40 c:/Users/ian89/eclipse-workspace/Alexa_V-1/build/main.o
 .debug_macro   0x0000171c       0x10 c:/Users/ian89/eclipse-workspace/Alexa_V-1/build/main.o
 .debug_macro   0x0000172c       0x40 c:/Users/ian89/eclipse-workspace/Alexa_V-1/build/main.o
 .debug_macro   0x0000176c       0xd7 c:/Users/ian89/eclipse-workspace/Alexa_V-1/build/main.o
 .debug_macro   0x00001843       0x1c c:/Users/ian89/eclipse-workspace/Alexa_V-1/build/main.o
 .debug_macro   0x0000185f       0x3d c:/Users/ian89/eclipse-workspace/Alexa_V-1/build/main.o
 .debug_macro   0x0000189c       0x16 c:/Users/ian89/eclipse-workspace/Alexa_V-1/build/main.o
 .debug_macro   0x000018b2      0x16f c:/Users/ian89/eclipse-workspace/Alexa_V-1/build/main.o
 .debug_macro   0x00001a21       0xef c:/Users/ian89/eclipse-workspace/Alexa_V-1/build/main.o
 .debug_macro   0x00001b10      0x1df c:/Users/ian89/eclipse-workspace/Alexa_V-1/build/main.o
 .debug_macro   0x00001cef       0x16 c:/Users/ian89/eclipse-workspace/Alexa_V-1/build/main.o
 .debug_macro   0x00001d05       0x58 c:/Users/ian89/eclipse-workspace/Alexa_V-1/build/main.o
 .debug_macro   0x00001d5d      0x51c c:/Users/ian89/eclipse-workspace/Alexa_V-1/build/main.o
 .debug_macro   0x00002279       0xdc c:/Users/ian89/eclipse-workspace/Alexa_V-1/build/main.o
 .debug_macro   0x00002355       0x1c c:/Users/ian89/eclipse-workspace/Alexa_V-1/build/main.o
 .debug_macro   0x00002371      0x2af c:/Users/ian89/eclipse-workspace/Alexa_V-1/build/board.o
 .debug_macro   0x00002620       0x16 c:/Users/ian89/eclipse-workspace/Alexa_V-1/build/board.o
 .debug_macro   0x00002636       0x40 c:/Users/ian89/eclipse-workspace/Alexa_V-1/build/board.o
 .debug_macro   0x00002676       0x3b c:/Users/ian89/eclipse-workspace/Alexa_V-1/build/board.o
 .debug_macro   0x000026b1       0x2d c:/Users/ian89/eclipse-workspace/Alexa_V-1/build/board.o
 .debug_macro   0x000026de       0x42 c:/Users/ian89/eclipse-workspace/Alexa_V-1/build/board.o
 .debug_macro   0x00002720      0xd39 c:/Users/ian89/eclipse-workspace/Alexa_V-1/build/board.o
 .debug_macro   0x00003459       0x3a c:/Users/ian89/eclipse-workspace/Alexa_V-1/build/board.o
 .debug_macro   0x00003493      0x5d7 c:/Users/ian89/eclipse-workspace/Alexa_V-1/build/board.o
 .debug_macro   0x00003a6a       0x7c c:/Users/ian89/eclipse-workspace/Alexa_V-1/build/board.o
 .debug_macro   0x00003ae6      0x50a c:/Users/ian89/eclipse-workspace/Alexa_V-1/build/board.o