Archive member included to satisfy reference by file (symbol)

Libraries/PeriphDrivers/bin/MAX78000/softfp/libPeriphDriver_softfp.a(mxc_delay.o)
                              c:/Users/ian89/OneDrive/Desktop/Alexa-V-1/workspace/Alexa_V-1/build/state_voice_recognition.o (MXC_Delay)
Libraries/PeriphDrivers/bin/MAX78000/softfp/libPeriphDriver_softfp.a(pins_ai85.o)
                              c:/Users/ian89/OneDrive/Desktop/Alexa-V-1/workspace/Alexa_V-1/build/camera.o (gpio_cfg_pcif_xclk)
Libraries/PeriphDrivers/bin/MAX78000/softfp/libPeriphDriver_softfp.a(sys_ai85.o)
                              c:/Users/ian89/OneDrive/Desktop/Alexa-V-1/workspace/Alexa_V-1/build/state_faceID.o (MXC_SYS_ClockDisable)
Libraries/PeriphDrivers/bin/MAX78000/softfp/libPeriphDriver_softfp.a(nvic_table.o)
                              c:/Users/ian89/OneDrive/Desktop/Alexa-V-1/workspace/Alexa_V-1/build/state_voice_recognition.o (NVIC_SetVector)
Libraries/PeriphDrivers/bin/MAX78000/softfp/libPeriphDriver_softfp.a(cameraif_ai85.o)
                              c:/Users/ian89/OneDrive/Desktop/Alexa-V-1/workspace/Alexa_V-1/build/camera.o (MXC_PCIF_Init)
Libraries/PeriphDrivers/bin/MAX78000/softfp/libPeriphDriver_softfp.a(cameraif_reva.o)
                              Libraries/PeriphDrivers/bin/MAX78000/softfp/libPeriphDriver_softfp.a(cameraif_ai85.o) (MXC_PCIF_RevA_SetDatawidth)
Libraries/PeriphDrivers/bin/MAX78000/softfp/libPeriphDriver_softfp.a(dma_me17.o)
                              c:/Users/ian89/OneDrive/Desktop/Alexa-V-1/workspace/Alexa_V-1/build/main.o (MXC_DMA_Init)
Libraries/PeriphDrivers/bin/MAX78000/softfp/libPeriphDriver_softfp.a(dma_reva.o)
                              Libraries/PeriphDrivers/bin/MAX78000/softfp/libPeriphDriver_softfp.a(dma_me17.o) (MXC_DMA_RevA_Init)
Libraries/PeriphDrivers/bin/MAX78000/softfp/libPeriphDriver_softfp.a(gpio_ai85.o)
                              c:/Users/ian89/OneDrive/Desktop/Alexa-V-1/workspace/Alexa_V-1/build/cnn.o (MXC_GPIO_Config)
Libraries/PeriphDrivers/bin/MAX78000/softfp/libPeriphDriver_softfp.a(gpio_reva.o)
                              Libraries/PeriphDrivers/bin/MAX78000/softfp/libPeriphDriver_softfp.a(gpio_ai85.o) (MXC_GPIO_RevA_InGet)
Libraries/PeriphDrivers/bin/MAX78000/softfp/libPeriphDriver_softfp.a(i2s_ai85.o)
                              c:/Users/ian89/OneDrive/Desktop/Alexa-V-1/workspace/Alexa_V-1/build/state_voice_recognition.o (MXC_I2S_Init)
Libraries/PeriphDrivers/bin/MAX78000/softfp/libPeriphDriver_softfp.a(i2s_reva.o)
                              Libraries/PeriphDrivers/bin/MAX78000/softfp/libPeriphDriver_softfp.a(i2s_ai85.o) (MXC_I2S_RevA_Init)
Libraries/PeriphDrivers/bin/MAX78000/softfp/libPeriphDriver_softfp.a(icc_me17.o)
                              c:/Users/ian89/OneDrive/Desktop/Alexa-V-1/workspace/Alexa_V-1/build/main.o (MXC_ICC_Enable)
Libraries/PeriphDrivers/bin/MAX78000/softfp/libPeriphDriver_softfp.a(icc_reva.o)
                              Libraries/PeriphDrivers/bin/MAX78000/softfp/libPeriphDriver_softfp.a(icc_me17.o) (MXC_ICC_RevA_ID)
Libraries/PeriphDrivers/bin/MAX78000/softfp/libPeriphDriver_softfp.a(pt_me17.o)
                              c:/Users/ian89/OneDrive/Desktop/Alexa-V-1/workspace/Alexa_V-1/build/camera.o (MXC_PT_Init)
Libraries/PeriphDrivers/bin/MAX78000/softfp/libPeriphDriver_softfp.a(pt_reva.o)
                              Libraries/PeriphDrivers/bin/MAX78000/softfp/libPeriphDriver_softfp.a(pt_me17.o) (MXC_PT_RevA_Init)
Libraries/PeriphDrivers/bin/MAX78000/softfp/libPeriphDriver_softfp.a(rtc_me17.o)
                              c:/Users/ian89/OneDrive/Desktop/Alexa-V-1/workspace/Alexa_V-1/build/main.o (MXC_RTC_Start)
Libraries/PeriphDrivers/bin/MAX78000/softfp/libPeriphDriver_softfp.a(rtc_reva.o)
                              Libraries/PeriphDrivers/bin/MAX78000/softfp/libPeriphDriver_softfp.a(rtc_me17.o) (MXC_RTC_RevA_EnableInt)
Libraries/PeriphDrivers/bin/MAX78000/softfp/libPeriphDriver_softfp.a(spi_me17.o)
                              c:/Users/ian89/OneDrive/Desktop/Alexa-V-1/workspace/Alexa_V-1/build/tft.o (MXC_SPI_Init)
Libraries/PeriphDrivers/bin/MAX78000/softfp/libPeriphDriver_softfp.a(spi_reva.o)
                              Libraries/PeriphDrivers/bin/MAX78000/softfp/libPeriphDriver_softfp.a(spi_me17.o) (MXC_SPI_RevA_Init)
Libraries/PeriphDrivers/bin/MAX78000/softfp/libPeriphDriver_softfp.a(tmr_ai85.o)
                              c:/Users/ian89/OneDrive/Desktop/Alexa-V-1/workspace/Alexa_V-1/build/ov7692.o (MXC_TMR_Delay)
Libraries/PeriphDrivers/bin/MAX78000/softfp/libPeriphDriver_softfp.a(tmr_revb.o)
                              Libraries/PeriphDrivers/bin/MAX78000/softfp/libPeriphDriver_softfp.a(tmr_ai85.o) (MXC_TMR_RevB_Init)
Libraries/PeriphDrivers/bin/MAX78000/softfp/libPeriphDriver_softfp.a(uart_ai85.o)
                              c:/Users/ian89/OneDrive/Desktop/Alexa-V-1/workspace/Alexa_V-1/build/board.o (MXC_UART_Shutdown)
[...]
Memory Configuration

Name             Origin             Length             Attributes
ROM              0x00000000         0x00010000         xr
FLASH            0x10000000         0x00080000         xr
SRAM             0x20000000         0x00020000         xrw
*default*        0x00000000         0xffffffff

Linker script and memory map

LOAD c:/maximsdk/tools/gnutools/bin/../lib/gcc/arm-none-eabi/9.2.1/thumb/v7e-m+fp/softfp/crti.o
LOAD c:/maximsdk/tools/gnutools/bin/../lib/gcc/arm-none-eabi/9.2.1/thumb/v7e-m+fp/softfp/crtbegin.o
LOAD c:/maximsdk/tools/gnutools/bin/../lib/gcc/arm-none-eabi/9.2.1/../../../../arm-none-eabi/lib/thumb/v7e-m+fp/softfp/crt0.o
LOAD c:/Users/ian89/OneDrive/Desktop/Alexa-V-1/workspace/Alexa_V-1/build/main.o
LOAD c:/Users/ian89/OneDrive/Desktop/Alexa-V-1/workspace/Alexa_V-1/build/softmax.o
LOAD c:/Users/ian89/OneDrive/Desktop/Alexa-V-1/workspace/Alexa_V-1/build/all_imgs.o
LOAD c:/Users/ian89/OneDrive/Desktop/Alexa-V-1/workspace/Alexa_V-1/build/utils.o
LOAD c:/Users/ian89/OneDrive/Desktop/Alexa-V-1/workspace/Alexa_V-1/build/state.o
LOAD c:/Users/ian89/OneDrive/Desktop/Alexa-V-1/workspace/Alexa_V-1/build/state_home.o
LOAD c:/Users/ian89/OneDrive/Desktop/Alexa-V-1/workspace/Alexa_V-1/build/state_faceID.o
LOAD c:/Users/ian89/OneDrive/Desktop/Alexa-V-1/workspace/Alexa_V-1/build/state_voice_recognition.o
LOAD c:/Users/ian89/OneDrive/Desktop/Alexa-V-1/workspace/Alexa_V-1/build/cnn.o
LOAD c:/Users/ian89/OneDrive/Desktop/Alexa-V-1/workspace/Alexa_V-1/build/embedding_process.o
LOAD c:/Users/ian89/OneDrive/Desktop/Alexa-V-1/workspace/Alexa_V-1/build/board.o
LOAD c:/Users/ian89/OneDrive/Desktop/Alexa-V-1/workspace/Alexa_V-1/build/stdio.o
LOAD c:/Users/ian89/OneDrive/Desktop/Alexa-V-1/workspace/Alexa_V-1/build/led.o
LOAD c:/Users/ian89/OneDrive/Desktop/Alexa-V-1/workspace/Alexa_V-1/build/pb.o
LOAD c:/Users/ian89/OneDrive/Desktop/Alexa-V-1/workspace/Alexa_V-1/build/tft.o
LOAD c:/Users/ian89/OneDrive/Desktop/Alexa-V-1/workspace/Alexa_V-1/build/touchscreen.o
LOAD c:/Users/ian89/OneDrive/Desktop/Alexa-V-1/workspace/Alexa_V-1/build/camera.o
LOAD c:/Users/ian89/OneDrive/Desktop/Alexa-V-1/workspace/Alexa_V-1/build/ov7692.o
LOAD c:/Users/ian89/OneDrive/Desktop/Alexa-V-1/workspace/Alexa_V-1/build/sccb.o
LOAD c:/Users/ian89/OneDrive/Desktop/Alexa-V-1/workspace/Alexa_V-1/build/startup_max78000.o
LOAD c:/Users/ian89/OneDrive/Desktop/Alexa-V-1/workspace/Alexa_V-1/build/heap.o
LOAD c:/Users/ian89/OneDrive/Desktop/Alexa-V-1/workspace/Alexa_V-1/build/system_max78000.o
START GROUP
LOAD Libraries/PeriphDrivers/bin/MAX78000/softfp/libPeriphDriver_softfp.a
LOAD c:/maximsdk/tools/gnutools/bin/../lib/gcc/arm-none-eabi/9.2.1/../../../../arm-none-eabi/lib/thumb/v7e-m+fp/softfp\libc.a
LOAD c:/maximsdk/tools/gnutools/bin/../lib/gcc/arm-none-eabi/9.2.1/../../../../arm-none-eabi/lib/thumb/v7e-m+fp/softfp\libm.a
LOAD c:/maximsdk/tools/gnutools/bin/../lib/gcc/arm-none-eabi/9.2.1/../../../../arm-none-eabi/lib/thumb/v7e-m+fp/softfp\libnosys.a
END GROUP
START GROUP
LOAD c:/maximsdk/tools/gnutools/bin/../lib/gcc/arm-none-eabi/9.2.1/thumb/v7e-m+fp/softfp\libgcc.a
LOAD c:/maximsdk/tools/gnutools/bin/../lib/gcc/arm-none-eabi/9.2.1/../../../../arm-none-eabi/lib/thumb/v7e-m+fp/softfp\libc.a
END GROUP
LOAD c:/maximsdk/tools/gnutools/bin/../lib/gcc/arm-none-eabi/9.2.1/thumb/v7e-m+fp/softfp/crtend.o
LOAD c:/maximsdk/tools/gnutools/bin/../lib/gcc/arm-none-eabi/9.2.1/thumb/v7e-m+fp/softfp/crtn.o

.rom
 *(.rom_vector)
 *(.rom_handlers*)

.text           0x10000000    0x3d67c
                0x10000000                _text = .
 *(.isr_vector)
 .isr_vector    0x10000000      0x1e0 c:/Users/ian89/OneDrive/Desktop/Alexa-V-1/workspace/Alexa_V-1/build/startup_max78000.o
                0x10000000                __isr_vector
 *(.text*)
 .text          0x100001e0       0x40 c:/maximsdk/tools/gnutools/bin/../lib/gcc/arm-none-eabi/9.2.1/thumb/v7e-m+fp/softfp/crtbegin.o
 .text.startup.main
                0x10000220      0x18c c:/Users/ian89/OneDrive/Desktop/Alexa-V-1/workspace/Alexa_V-1/build/main.o
                0x10000220                main
 .text.utils_get_time_ms
                0x100003ac       0x3c c:/Users/ian89/OneDrive/Desktop/Alexa-V-1/workspace/Alexa_V-1/build/utils.o
                0x100003ac                utils_get_time_ms
 .text.state_init
                0x100003e8       0x18 c:/Users/ian89/OneDrive/Desktop/Alexa-V-1/workspace/Alexa_V-1/build/state.o
                0x100003e8                state_init
 .text.state_set_current
                0x10000400       0x14 c:/Users/ian89/OneDrive/Desktop/Alexa-V-1/workspace/Alexa_V-1/build/state.o
                0x10000400                state_set_current
 .text.state_get_current
                0x10000414        0xc c:/Users/ian89/OneDrive/Desktop/Alexa-V-1/workspace/Alexa_V-1/build/state.o
                0x10000414                state_get_current
 .text.init     0x10000420       0xd4 c:/Users/ian89/OneDrive/Desktop/Alexa-V-1/workspace/Alexa_V-1/build/state_home.o
 .text.key_process
                0x100004f4       0x18 c:/Users/ian89/OneDrive/Desktop/Alexa-V-1/workspace/Alexa_V-1/build/state_home.o
 .text.get_home_state
                0x1000050c        0x8 c:/Users/ian89/OneDrive/Desktop/Alexa-V-1/workspace/Alexa_V-1/build/state_home.o
                0x1000050c                get_home_state
 .text.run_cnn  0x10000514      0x2c0 c:/Users/ian89/OneDrive/Desktop/Alexa-V-1/workspace/Alexa_V-1/build/state_faceID.o
 .text.key_process
                0x100007d4       0x18 c:/Users/ian89/OneDrive/Desktop/Alexa-V-1/workspace/Alexa_V-1/build/state_faceID.o
 .text.init     0x100007ec      0x180 c:/Users/ian89/OneDrive/Desktop/Alexa-V-1/workspace/Alexa_V-1/build/state_faceID.o
 .text.get_faceID_state
                0x1000096c        0x8 c:/Users/ian89/OneDrive/Desktop/Alexa-V-1/workspace/Alexa_V-1/build/state_faceID.o
                0x1000096c                get_faceID_state
 .text.init     0x10000974       0xdc c:/Users/ian89/OneDrive/Desktop/Alexa-V-1/workspace/Alexa_V-1/build/state_voice_recognition.o
 .text.key_process
                0x10000a50       0x2c c:/Users/ian89/OneDrive/Desktop/Alexa-V-1/workspace/Alexa_V-1/build/state_voice_recognition.o
 .text.get_voice_recognition_state
                0x10000a7c        0x8 c:/Users/ian89/OneDrive/Desktop/Alexa-V-1/workspace/Alexa_V-1/build/state_voice_recognition.o
                0x10000a7c                get_voice_recognition_state
 .text.CNN_ISR  0x10000a84       0x54 c:/Users/ian89/OneDrive/Desktop/Alexa-V-1/workspace/Alexa_V-1/build/cnn.o
                0x10000a84                CNN_ISR
 .text.cnn_stop
                0x10000ad8       0x14 c:/Users/ian89/OneDrive/Desktop/Alexa-V-1/workspace/Alexa_V-1/build/cnn.o
                0x10000ad8                cnn_stop
 .text.cnn_load_weights
                0x10000aec      0xc08 c:/Users/ian89/OneDrive/Desktop/Alexa-V-1/workspace/Alexa_V-1/build/cnn.o
                0x10000aec                cnn_load_weights
 .text.cnn_init
                0x100016f4       0x74 c:/Users/ian89/OneDrive/Desktop/Alexa-V-1/workspace/Alexa_V-1/build/cnn.o
                0x100016f4                cnn_init
 .text.cnn_configure
                0x10001768     0x1328 c:/Users/ian89/OneDrive/Desktop/Alexa-V-1/workspace/Alexa_V-1/build/cnn.o
                0x10001768                cnn_configure
 .text.cnn_start
                0x10002a90       0x50 c:/Users/ian89/OneDrive/Desktop/Alexa-V-1/workspace/Alexa_V-1/build/cnn.o
                0x10002a90                cnn_start
 .text.cnn_unload
                0x10002ae0      0xde4 c:/Users/ian89/OneDrive/Desktop/Alexa-V-1/workspace/Alexa_V-1/build/cnn.o
                0x10002ae0                cnn_unload
 .text.cnn_enable
                0x100038c4       0x3c c:/Users/ian89/OneDrive/Desktop/Alexa-V-1/workspace/Alexa_V-1/build/cnn.o
                0x100038c4                cnn_enable
 .text.init_database
                0x10003900       0x94 c:/Users/ian89/OneDrive/Desktop/Alexa-V-1/workspace/Alexa_V-1/build/embedding_process.o
                0x10003900                init_database
 .text.get_subject
                0x10003994       0x44 c:/Users/ian89/OneDrive/Desktop/Alexa-V-1/workspace/Alexa_V-1/build/embedding_process.o
                0x10003994                get_subject
 .text.get_min_dist_counter
                0x100039d8       0x18 c:/Users/ian89/OneDrive/Desktop/Alexa-V-1/workspace/Alexa_V-1/build/embedding_process.o
                0x100039d8                get_min_dist_counter
 .text.calculate_minDistance
                0x100039f0      0x350 c:/Users/ian89/OneDrive/Desktop/Alexa-V-1/workspace/Alexa_V-1/build/embedding_process.o
                0x100039f0                calculate_minDistance
 .text.mxc_assert
                0x10003d40       0x10 c:/Users/ian89/OneDrive/Desktop/Alexa-V-1/workspace/Alexa_V-1/build/board.o
                0x10003d40                mxc_assert
 .text.Board_Init
                0x10003d50       0x70 c:/Users/ian89/OneDrive/Desktop/Alexa-V-1/workspace/Alexa_V-1/build/board.o
                0x10003d50                Board_Init
 .text.NMI_Handler
                0x10003dc0        0x4 c:/Users/ian89/OneDrive/Desktop/Alexa-V-1/workspace/Alexa_V-1/build/board.o
                0x10003dc0                NMI_Handler
 .text.Camera_Power
                0x10003dc4        0x8 c:/Users/ian89/OneDrive/Desktop/Alexa-V-1/workspace/Alexa_V-1/build/board.o
                0x10003dc4                Camera_Power
 .text._close   0x10003dcc        0x8 c:/Users/ian89/OneDrive/Desktop/Alexa-V-1/workspace/Alexa_V-1/build/stdio.o
                0x10003dcc                _close
 .text._isatty  0x10003dd4        0x8 c:/Users/ian89/OneDrive/Desktop/Alexa-V-1/workspace/Alexa_V-1/build/stdio.o
                0x10003dd4                _isatty
 .text._lseek   0x10003ddc        0x8 c:/Users/ian89/OneDrive/Desktop/Alexa-V-1/workspace/Alexa_V-1/build/stdio.o
                0x10003ddc                _lseek
 .text._fstat   0x10003de4        0x8 c:/Users/ian89/OneDrive/Desktop/Alexa-V-1/workspace/Alexa_V-1/build/stdio.o
                0x10003de4                _fstat
 .text._read    0x10003dec       0x50 c:/Users/ian89/OneDrive/Desktop/Alexa-V-1/workspace/Alexa_V-1/build/stdio.o
                0x10003dec                _read
 .text._write   0x10003e3c       0x4c c:/Users/ian89/OneDrive/Desktop/Alexa-V-1/workspace/Alexa_V-1/build/stdio.o
                0x10003e3c                _write
 .text.LED_On   0x10003e88       0x40 c:/Users/ian89/OneDrive/Desktop/Alexa-V-1/workspace/Alexa_V-1/build/led.o
                0x10003e88                LED_On
 .text.LED_Off  0x10003ec8       0x40 c:/Users/ian89/OneDrive/Desktop/Alexa-V-1/workspace/Alexa_V-1/build/led.o
                0x10003ec8                LED_Off
 .text.LED_Init
                0x10003f08       0x40 c:/Users/ian89/OneDrive/Desktop/Alexa-V-1/workspace/Alexa_V-1/build/led.o
                0x10003f08                LED_Init
 .text.PB_Init  0x10003f48       0x34 c:/Users/ian89/OneDrive/Desktop/Alexa-V-1/workspace/Alexa_V-1/build/pb.o
                0x10003f48                PB_Init
 .text.GPIO0_IRQHandler
                0x10003f7c        0x8 c:/Users/ian89/OneDrive/Desktop/Alexa-V-1/workspace/Alexa_V-1/build/pb.o
                0x10003f7c                GPIO0_IRQHandler
 .text.GPIO1_IRQHandler
                0x10003f84        0x8 c:/Users/ian89/OneDrive/Desktop/Alexa-V-1/workspace/Alexa_V-1/build/pb.o
                0x10003f84                GPIO1_IRQHandler
 .text.GPIO2_IRQHandler
                0x10003f8c        0x8 c:/Users/ian89/OneDrive/Desktop/Alexa-V-1/workspace/Alexa_V-1/build/pb.o
                0x10003f8c                GPIO2_IRQHandler
 .text.get_font_info
                0x10003f94       0x40 c:/Users/ian89/OneDrive/Desktop/Alexa-V-1/workspace/Alexa_V-1/build/tft.o
 .text.setPalette
                0x10003fd4       0xcc c:/Users/ian89/OneDrive/Desktop/Alexa-V-1/workspace/Alexa_V-1/build/tft.o
 .text.spi_transmit
                0x100040a0       0xc4 c:/Users/ian89/OneDrive/Desktop/Alexa-V-1/workspace/Alexa_V-1/build/tft.o
 .text.write_data
                0x10004164       0x34 c:/Users/ian89/OneDrive/Desktop/Alexa-V-1/workspace/Alexa_V-1/build/tft.o
 .text.displaySub
                0x10004198       0xac c:/Users/ian89/OneDrive/Desktop/Alexa-V-1/workspace/Alexa_V-1/build/tft.o
 .text.displaySub_Rotated
                0x10004244       0xbc c:/Users/ian89/OneDrive/Desktop/Alexa-V-1/workspace/Alexa_V-1/build/tft.o
 .text.write_color
                0x10004300       0x28 c:/Users/ian89/OneDrive/Desktop/Alexa-V-1/workspace/Alexa_V-1/build/tft.o
 .text.print_line
                0x10004328       0x74 c:/Users/ian89/OneDrive/Desktop/Alexa-V-1/workspace/Alexa_V-1/build/tft.o
 .text.RLE_decode
                0x1000439c      0x1a4 c:/Users/ian89/OneDrive/Desktop/Alexa-V-1/workspace/Alexa_V-1/build/tft.o
 .text.print_line_rgb565
                0x10004540       0xc0 c:/Users/ian89/OneDrive/Desktop/Alexa-V-1/workspace/Alexa_V-1/build/tft.o
 .text.writeSubBitmap
                0x10004600       0xf4 c:/Users/ian89/OneDrive/Desktop/Alexa-V-1/workspace/Alexa_V-1/build/tft.o
 .text.get_bitmap_info
                0x100046f4       0x50 c:/Users/ian89/OneDrive/Desktop/Alexa-V-1/workspace/Alexa_V-1/build/tft.o
 .text.MXC_TFT_PrintFont.part.0
                0x10004744      0x1e0 c:/Users/ian89/OneDrive/Desktop/Alexa-V-1/workspace/Alexa_V-1/build/tft.o
 .text.MXC_TFT_SetRotation
                0x10004924       0x30 c:/Users/ian89/OneDrive/Desktop/Alexa-V-1/workspace/Alexa_V-1/build/tft.o
                0x10004924                MXC_TFT_SetRotation
 .text.MXC_TFT_SetBackGroundColor
                0x10004954       0xd0 c:/Users/ian89/OneDrive/Desktop/Alexa-V-1/workspace/Alexa_V-1/build/tft.o
                0x10004954                MXC_TFT_SetBackGroundColor
 .text.MXC_TFT_Backlight
                0x10004a24       0x1c c:/Users/ian89/OneDrive/Desktop/Alexa-V-1/workspace/Alexa_V-1/build/tft.o
                0x10004a24                MXC_TFT_Backlight
 .text.MXC_TFT_Init
                0x10004a40      0x40c c:/Users/ian89/OneDrive/Desktop/Alexa-V-1/workspace/Alexa_V-1/build/tft.o
                0x10004a40                MXC_TFT_Init
 .text.MXC_TFT_ShowImage
                0x10004e4c       0xcc c:/Users/ian89/OneDrive/Desktop/Alexa-V-1/workspace/Alexa_V-1/build/tft.o
                0x10004e4c                MXC_TFT_ShowImage
 .text.MXC_TFT_ShowImageCameraRGB565
                0x10004f18      0x180 c:/Users/ian89/OneDrive/Desktop/Alexa-V-1/workspace/Alexa_V-1/build/tft.o
                0x10004f18                MXC_TFT_ShowImageCameraRGB565
 .text.MXC_TFT_PrintFont
                0x10005098       0x1c c:/Users/ian89/OneDrive/Desktop/Alexa-V-1/workspace/Alexa_V-1/build/tft.o
                0x10005098                MXC_TFT_PrintFont
 .text.MXC_TFT_ClearArea
                0x100050b4       0xdc c:/Users/ian89/OneDrive/Desktop/Alexa-V-1/workspace/Alexa_V-1/build/tft.o
                0x100050b4                MXC_TFT_ClearArea
 .text.MXC_TFT_WriteReg
                0x10005190       0x20 c:/Users/ian89/OneDrive/Desktop/Alexa-V-1/workspace/Alexa_V-1/build/tft.o
                0x10005190                MXC_TFT_WriteReg
 .text.spi_transmit_tsc2046
                0x100051b0       0x80 c:/Users/ian89/OneDrive/Desktop/Alexa-V-1/workspace/Alexa_V-1/build/touchscreen.o
 .text.MXC_TS_Start
                0x10005230       0x20 c:/Users/ian89/OneDrive/Desktop/Alexa-V-1/workspace/Alexa_V-1/build/touchscreen.o
                0x10005230                MXC_TS_Start
 .text.MXC_TS_Stop
                0x10005250       0x20 c:/Users/ian89/OneDrive/Desktop/Alexa-V-1/workspace/Alexa_V-1/build/touchscreen.o
                0x10005250                MXC_TS_Stop
 .text.tsHandler
                0x10005270       0xd8 c:/Users/ian89/OneDrive/Desktop/Alexa-V-1/workspace/Alexa_V-1/build/touchscreen.o
 .text.MXC_TS_Init
                0x10005348      0x120 c:/Users/ian89/OneDrive/Desktop/Alexa-V-1/workspace/Alexa_V-1/build/touchscreen.o
                0x10005348                MXC_TS_Init
 .text.MXC_TS_AddButton
                0x10005468       0x3c c:/Users/ian89/OneDrive/Desktop/Alexa-V-1/workspace/Alexa_V-1/build/touchscreen.o
                0x10005468                MXC_TS_AddButton
 .text.MXC_TS_RemoveAllButton
                0x100054a4       0x18 c:/Users/ian89/OneDrive/Desktop/Alexa-V-1/workspace/Alexa_V-1/build/touchscreen.o
                0x100054a4                MXC_TS_RemoveAllButton
 .text.MXC_TS_GetKey
                0x100054bc       0x10 c:/Users/ian89/OneDrive/Desktop/Alexa-V-1/workspace/Alexa_V-1/build/touchscreen.o
                0x100054bc                MXC_TS_GetKey
 .text.camera_irq_handler
                0x100054cc      0x13c c:/Users/ian89/OneDrive/Desktop/Alexa-V-1/workspace/Alexa_V-1/build/camera.o
                0x100054cc                camera_irq_handler
 .text.camera_init
                0x10005608      0x148 c:/Users/ian89/OneDrive/Desktop/Alexa-V-1/workspace/Alexa_V-1/build/camera.o
                0x10005608                camera_init
 .text.camera_setup
                0x10005750      0x16c c:/Users/ian89/OneDrive/Desktop/Alexa-V-1/workspace/Alexa_V-1/build/camera.o
                0x10005750                camera_setup
 .text.camera_write_reg
                0x100058bc        0xc c:/Users/ian89/OneDrive/Desktop/Alexa-V-1/workspace/Alexa_V-1/build/camera.o
                0x100058bc                camera_write_reg
 .text.camera_get_slave_address
                0x100058c8        0xc c:/Users/ian89/OneDrive/Desktop/Alexa-V-1/workspace/Alexa_V-1/build/camera.o
                0x100058c8                camera_get_slave_address
 .text.camera_get_product_id
                0x100058d4        0xc c:/Users/ian89/OneDrive/Desktop/Alexa-V-1/workspace/Alexa_V-1/build/camera.o
                0x100058d4                camera_get_product_id
 .text.camera_get_manufacture_id
                0x100058e0        0xc c:/Users/ian89/OneDrive/Desktop/Alexa-V-1/workspace/Alexa_V-1/build/camera.o
                0x100058e0                camera_get_manufacture_id
 .text.camera_start_capture_image
                0x100058ec       0x80 c:/Users/ian89/OneDrive/Desktop/Alexa-V-1/workspace/Alexa_V-1/build/camera.o
                0x100058ec                camera_start_capture_image
 .text.camera_is_image_rcv
                0x1000596c       0x10 c:/Users/ian89/OneDrive/Desktop/Alexa-V-1/workspace/Alexa_V-1/build/camera.o
                0x1000596c                camera_is_image_rcv
 .text.camera_get_image
                0x1000597c       0xac c:/Users/ian89/OneDrive/Desktop/Alexa-V-1/workspace/Alexa_V-1/build/camera.o
                0x1000597c                camera_get_image
 .text.get_slave_address
                0x10005a28        0xc c:/Users/ian89/OneDrive/Desktop/Alexa-V-1/workspace/Alexa_V-1/build/ov7692.o
 .text.get_pixformat
                0x10005a34       0x10 c:/Users/ian89/OneDrive/Desktop/Alexa-V-1/workspace/Alexa_V-1/build/ov7692.o
 .text.set_contrast
                0x10005a44        0x4 c:/Users/ian89/OneDrive/Desktop/Alexa-V-1/workspace/Alexa_V-1/build/ov7692.o
 .text.set_gainceiling
                0x10005a48        0x4 c:/Users/ian89/OneDrive/Desktop/Alexa-V-1/workspace/Alexa_V-1/build/ov7692.o
 .text.set_windowing
                0x10005a4c      0x150 c:/Users/ian89/OneDrive/Desktop/Alexa-V-1/workspace/Alexa_V-1/build/ov7692.o
 .text.set_framesize
                0x10005b9c       0xc0 c:/Users/ian89/OneDrive/Desktop/Alexa-V-1/workspace/Alexa_V-1/build/ov7692.o
 .text.write_reg
                0x10005c5c       0x10 c:/Users/ian89/OneDrive/Desktop/Alexa-V-1/workspace/Alexa_V-1/build/ov7692.o
 .text.set_vflip
                0x10005c6c       0x3c c:/Users/ian89/OneDrive/Desktop/Alexa-V-1/workspace/Alexa_V-1/build/ov7692.o
 .text.set_hmirror
                0x10005ca8       0x3c c:/Users/ian89/OneDrive/Desktop/Alexa-V-1/workspace/Alexa_V-1/build/ov7692.o
 .text.read_reg
                0x10005ce4       0x20 c:/Users/ian89/OneDrive/Desktop/Alexa-V-1/workspace/Alexa_V-1/build/ov7692.o
 .text.sleep    0x10005d04       0x3c c:/Users/ian89/OneDrive/Desktop/Alexa-V-1/workspace/Alexa_V-1/build/ov7692.o
 .text.get_manufacture_id
                0x10005d40       0x3c c:/Users/ian89/OneDrive/Desktop/Alexa-V-1/workspace/Alexa_V-1/build/ov7692.o
 .text.get_product_id
                0x10005d7c       0x3c c:/Users/ian89/OneDrive/Desktop/Alexa-V-1/workspace/Alexa_V-1/build/ov7692.o
 .text.reset    0x10005db8       0x6c c:/Users/ian89/OneDrive/Desktop/Alexa-V-1/workspace/Alexa_V-1/build/ov7692.o
 .text.dump_registers
                0x10005e24       0xa4 c:/Users/ian89/OneDrive/Desktop/Alexa-V-1/workspace/Alexa_V-1/build/ov7692.o
 .text.init     0x10005ec8       0x1c c:/Users/ian89/OneDrive/Desktop/Alexa-V-1/workspace/Alexa_V-1/build/ov7692.o
 .text.set_negateimage
                0x10005ee4       0x98 c:/Users/ian89/OneDrive/Desktop/Alexa-V-1/workspace/Alexa_V-1/build/ov7692.o
 .text.set_pixformat
                0x10005f7c       0x54 c:/Users/ian89/OneDrive/Desktop/Alexa-V-1/workspace/Alexa_V-1/build/ov7692.o
 .text.set_saturation
                0x10005fd0        0x4 c:/Users/ian89/OneDrive/Desktop/Alexa-V-1/workspace/Alexa_V-1/build/ov7692.o
 .text.set_colorbar
                0x10005fd4        0x4 c:/Users/ian89/OneDrive/Desktop/Alexa-V-1/workspace/Alexa_V-1/build/ov7692.o
 .text.set_brightness
                0x10005fd8        0x4 c:/Users/ian89/OneDrive/Desktop/Alexa-V-1/workspace/Alexa_V-1/build/ov7692.o
 .text.sensor_register
                0x10005fdc       0xb0 c:/Users/ian89/OneDrive/Desktop/Alexa-V-1/workspace/Alexa_V-1/build/ov7692.o
                0x10005fdc                sensor_register
 .text.start    0x1000608c       0x40 c:/Users/ian89/OneDrive/Desktop/Alexa-V-1/workspace/Alexa_V-1/build/sccb.o
 .text.send_byte
                0x100060cc       0x78 c:/Users/ian89/OneDrive/Desktop/Alexa-V-1/workspace/Alexa_V-1/build/sccb.o
 .text.stop     0x10006144       0x38 c:/Users/ian89/OneDrive/Desktop/Alexa-V-1/workspace/Alexa_V-1/build/sccb.o
 .text.sccb_init
                0x1000617c       0x2c c:/Users/ian89/OneDrive/Desktop/Alexa-V-1/workspace/Alexa_V-1/build/sccb.o
                0x1000617c                sccb_init
 .text.sccb_scan
                0x100061a8       0x30 c:/Users/ian89/OneDrive/Desktop/Alexa-V-1/workspace/Alexa_V-1/build/sccb.o
                0x100061a8                sccb_scan
 .text.sccb_read_byt
                0x100061d8       0xe4 c:/Users/ian89/OneDrive/Desktop/Alexa-V-1/workspace/Alexa_V-1/build/sccb.o
                0x100061d8                sccb_read_byt
 .text.sccb_write_byt
                0x100062bc       0x5c c:/Users/ian89/OneDrive/Desktop/Alexa-V-1/workspace/Alexa_V-1/build/sccb.o
                0x100062bc                sccb_write_byt
 .text          0x10006318      0x148 c:/Users/ian89/OneDrive/Desktop/Alexa-V-1/workspace/Alexa_V-1/build/startup_max78000.o
                0x10006318                Reset_Handler
                0x10006356                HardFault_Handler
                0x10006358                MemManage_Handler
                0x1000635a                BusFault_Handler
                0x1000635c                UsageFault_Handler
                0x1000635e                SVC_Handler
                0x10006360                DebugMon_Handler
                0x10006362                PendSV_Handler
                0x10006364                SysTick_Handler
                0x10006366                Default_Handler
                0x10006368                PF_IRQHandler
                0x1000636a                WDT0_IRQHandler
                0x1000636c                RSV02_IRQHandler
                0x1000636e                RTC_IRQHandler
                0x10006370                TRNG_IRQHandler
                0x10006372                TMR0_IRQHandler
                0x10006374                TMR1_IRQHandler
                0x10006376                TMR2_IRQHandler
                0x10006378                TMR3_IRQHandler
                0x1000637a                TMR4_IRQHandler
                0x1000637c                TMR5_IRQHandler
                0x1000637e                RSV11_IRQHandler
                0x10006380                RSV12_IRQHandler
                0x10006382                I2C0_IRQHandler
                0x10006384                UART0_IRQHandler
                0x10006386                UART1_IRQHandler
                0x10006388                SPI1_IRQHandler
                0x1000638a                RSV17_IRQHandler
                0x1000638c                RSV18_IRQHandler
                0x1000638e                RSV19_IRQHandler
                0x10006390                ADC_IRQHandler
                0x10006392                RSV21_IRQHandler
                0x10006394                RSV22_IRQHandler
                0x10006396                FLC0_IRQHandler
                0x1000639e                RSV27_IRQHandler
                0x100063a0                DMA0_IRQHandler
                0x100063a2                DMA1_IRQHandler
                0x100063a4                DMA2_IRQHandler
                0x100063a6                DMA3_IRQHandler
                0x100063a8                RSV32_IRQHandler
                0x100063aa                RSV33_IRQHandler
                0x100063ac                UART2_IRQHandler
                0x100063ae                RSV35_IRQHandler
                0x100063b0                I2C1_IRQHandler
                0x100063b2                RSV37_IRQHandler
                0x100063b4                RSV38_IRQHandler
                0x100063b6                RSV39_IRQHandler
                0x100063b8                RSV40_IRQHandler
                0x100063ba                RSV41_IRQHandler
                0x100063bc                RSV42_IRQHandler
                0x100063be                RSV43_IRQHandler
                0x100063c0                RSV44_IRQHandler
                0x100063c2                RSV45_IRQHandler
                0x100063c4                RSV46_IRQHandler
                0x100063c6                RSV47_IRQHandler
                0x100063c8                RSV48_IRQHandler
                0x100063ca                RSV49_IRQHandler
                0x100063cc                RSV50_IRQHandler
                0x100063ce                RSV51_IRQHandler
                0x100063d0                RSV52_IRQHandler
                0x100063d2                WUT_IRQHandler
                0x100063d4                GPIOWAKE_IRQHandler
                0x100063d6                RSV55_IRQHandler
                0x100063d8                SPI0_IRQHandler
                0x100063da                WDT1_IRQHandler
                0x100063dc                RSV58_IRQHandler
                0x100063de                PT_IRQHandler
                0x100063e0                RSV60_IRQHandler
                0x100063e2                RSV61_IRQHandler
                0x100063e4                I2C2_IRQHandler
                0x100063e6                RISCV_IRQHandler
                0x100063e8                RSV64_IRQHandler
                0x100063ea                RSV65_IRQHandler
                0x100063ec                RSV66_IRQHandler
                0x100063ee                OWM_IRQHandler
                0x100063f0                RSV68_IRQHandler
                0x100063f2                RSV69_IRQHandler
                0x100063f4                RSV70_IRQHandler
                0x100063f6                RSV71_IRQHandler
                0x100063f8                RSV72_IRQHandler
                0x100063fa                RSV73_IRQHandler
                0x100063fc                RSV74_IRQHandler
                0x100063fe                RSV75_IRQHandler
                0x10006400                RSV76_IRQHandler
                0x10006402                RSV77_IRQHandler
                0x10006404                RSV78_IRQHandler
                0x10006406                RSV79_IRQHandler
                0x10006408                RSV80_IRQHandler
                0x1000640a                RSV81_IRQHandler
                0x1000640c                ECC_IRQHandler
                0x1000640e                DVS_IRQHandler
                0x10006410                SIMO_IRQHandler
                0x10006412                RSV85_IRQHandler
                0x10006414                RSV86_IRQHandler
                0x10006416                RSV87_IRQHandler
                0x10006418                UART3_IRQHandler
                0x1000641a                RSV89_IRQHandler
                0x1000641c                RSV90_IRQHandler
                0x1000641e                PCIF_IRQHandler
                0x10006420                RSV92_IRQHandler
                0x10006422                RSV93_IRQHandler
                0x10006424                RSV94_IRQHandler
                0x10006426                RSV95_IRQHandler
                0x10006428                RSV96_IRQHandler
                0x1000642a                AES_IRQHandler
                0x1000642c                RSV98_IRQHandler
                0x1000642e                I2S_IRQHandler
                0x10006430                CNN_FIFO_IRQHandler
                0x10006432                CNN_IRQHandler
                0x10006434                RSV102_IRQHandler
                0x10006436                LPCMP_IRQHandler
 .text._sbrk    0x10006460       0x40 c:/Users/ian89/OneDrive/Desktop/Alexa-V-1/workspace/Alexa_V-1/build/heap.o
                0x10006460                _sbrk
 .text.SystemCoreClockUpdate
                0x100064a0       0x68 c:/Users/ian89/OneDrive/Desktop/Alexa-V-1/workspace/Alexa_V-1/build/system_max78000.o
                0x100064a0                SystemCoreClockUpdate
 .text.PreInit  0x10006508        0x4 c:/Users/ian89/OneDrive/Desktop/Alexa-V-1/workspace/Alexa_V-1/build/system_max78000.o
                0x10006508                PreInit
 .text.SystemInit
                0x1000650c       0x30 c:/Users/ian89/OneDrive/Desktop/Alexa-V-1/workspace/Alexa_V-1/build/system_max78000.o
                0x1000650c                SystemInit
 .text.MXC_DelayInit
                0x1000653c       0x80 Libraries/PeriphDrivers/bin/MAX78000/softfp/libPeriphDriver_softfp.a(mxc_delay.o)
 .text.MXC_DelayAsync
                0x100065bc       0x3c Libraries/PeriphDrivers/bin/MAX78000/softfp/libPeriphDriver_softfp.a(mxc_delay.o)
                0x100065bc                MXC_DelayAsync
 .text.MXC_DelayCheck
                0x100065f8       0x74 Libraries/PeriphDrivers/bin/MAX78000/softfp/libPeriphDriver_softfp.a(mxc_delay.o)
                0x100065f8                MXC_DelayCheck
 .text.MXC_DelayAbort
                0x1000666c       0x34 Libraries/PeriphDrivers/bin/MAX78000/softfp/libPeriphDriver_softfp.a(mxc_delay.o)
                0x1000666c                MXC_DelayAbort
 .text.MXC_Delay
                0x100066a0       0x74 Libraries/PeriphDrivers/bin/MAX78000/softfp/libPeriphDriver_softfp.a(mxc_delay.o)
                0x100066a0                MXC_Delay
 .text.MXC_SYS_IsClockEnabled
                0x10006714       0x50 Libraries/PeriphDrivers/bin/MAX78000/softfp/libPeriphDriver_softfp.a(sys_ai85.o)
                0x10006714                MXC_SYS_IsClockEnabled
 .text.MXC_SYS_ClockDisable
                0x10006764       0x44 Libraries/PeriphDrivers/bin/MAX78000/softfp/libPeriphDriver_softfp.a(sys_ai85.o)
                0x10006764                MXC_SYS_ClockDisable
 .text.MXC_SYS_ClockEnable
                0x100067a8       0x4c Libraries/PeriphDrivers/bin/MAX78000/softfp/libPeriphDriver_softfp.a(sys_ai85.o)
                0x100067a8                MXC_SYS_ClockEnable
 .text.MXC_SYS_Clock_Timeout
                0x100067f4       0x30 Libraries/PeriphDrivers/bin/MAX78000/softfp/libPeriphDriver_softfp.a(sys_ai85.o)
                0x100067f4                MXC_SYS_Clock_Timeout
 .text.MXC_SYS_ClockSourceEnable
                0x10006824       0x60 Libraries/PeriphDrivers/bin/MAX78000/softfp/libPeriphDriver_softfp.a(sys_ai85.o)
                0x10006824                MXC_SYS_ClockSourceEnable
 .text.MXC_SYS_Clock_Select
                0x10006884       0xf4 Libraries/PeriphDrivers/bin/MAX78000/softfp/libPeriphDriver_softfp.a(sys_ai85.o)
                0x10006884                MXC_SYS_Clock_Select
 .text.MXC_SYS_Reset_Periph
                0x10006978       0x3c Libraries/PeriphDrivers/bin/MAX78000/softfp/libPeriphDriver_softfp.a(sys_ai85.o)
                0x10006978                MXC_SYS_Reset_Periph
 .text.NVIC_SetVector
                0x100069b4       0x4c Libraries/PeriphDrivers/bin/MAX78000/softfp/libPeriphDriver_softfp.a(nvic_table.o)
                0x100069b4                NVIC_SetVector
 .text.MXC_PCIF_Init
                0x10006a00       0x6c Libraries/PeriphDrivers/bin/MAX78000/softfp/libPeriphDriver_softfp.a(cameraif_ai85.o)
                0x10006a00                MXC_PCIF_Init
 .text.MXC_PCIF_SetDataWidth
                0x10006a6c        0xc Libraries/PeriphDrivers/bin/MAX78000/softfp/libPeriphDriver_softfp.a(cameraif_ai85.o)
                0x10006a6c                MXC_PCIF_SetDataWidth
 .text.MXC_PCIF_SetTimingSel
                0x10006a78        0xc Libraries/PeriphDrivers/bin/MAX78000/softfp/libPeriphDriver_softfp.a(cameraif_ai85.o)
                0x10006a78                MXC_PCIF_SetTimingSel
 .text.MXC_PCIF_SetThreshold
                0x10006a84        0xc Libraries/PeriphDrivers/bin/MAX78000/softfp/libPeriphDriver_softfp.a(cameraif_ai85.o)
                0x10006a84                MXC_PCIF_SetThreshold
 .text.MXC_PCIF_EnableInt
                0x10006a90        0xc Libraries/PeriphDrivers/bin/MAX78000/softfp/libPeriphDriver_softfp.a(cameraif_ai85.o)
                0x10006a90                MXC_PCIF_EnableInt
 .text.MXC_PCIF_DisableInt
                0x10006a9c        0xc Libraries/PeriphDrivers/bin/MAX78000/softfp/libPeriphDriver_softfp.a(cameraif_ai85.o)
                0x10006a9c                MXC_PCIF_DisableInt
 .text.MXC_PCIF_Start
                0x10006aa8        0xc Libraries/PeriphDrivers/bin/MAX78000/softfp/libPeriphDriver_softfp.a(cameraif_ai85.o)
                0x10006aa8                MXC_PCIF_Start
 .text.MXC_PCIF_RevA_SetDatawidth
                0x10006ab4       0x14 Libraries/PeriphDrivers/bin/MAX78000/softfp/libPeriphDriver_softfp.a(cameraif_reva.o)
                0x10006ab4                MXC_PCIF_RevA_SetDatawidth
 .text.MXC_PCIF_RevA_SetTimingSel
                0x10006ac8       0x14 Libraries/PeriphDrivers/bin/MAX78000/softfp/libPeriphDriver_softfp.a(cameraif_reva.o)
                0x10006ac8                MXC_PCIF_RevA_SetTimingSel
 .text.MXC_PCIF_RevA_SetThreshold
                0x10006adc       0x18 Libraries/PeriphDrivers/bin/MAX78000/softfp/libPeriphDriver_softfp.a(cameraif_reva.o)
                0x10006adc                MXC_PCIF_RevA_SetThreshold
 .text.MXC_PCIF_RevA_EnableInt
                0x10006af4        0xc Libraries/PeriphDrivers/bin/MAX78000/softfp/libPeriphDriver_softfp.a(cameraif_reva.o)
                0x10006af4                MXC_PCIF_RevA_EnableInt
 .text.MXC_PCIF_RevA_DisableInt
                0x10006b00       0x10 Libraries/PeriphDrivers/bin/MAX78000/softfp/libPeriphDriver_softfp.a(cameraif_reva.o)
                0x10006b00                MXC_PCIF_RevA_DisableInt
 .text.MXC_PCIF_RevA_Start
                0x10006b10       0x14 Libraries/PeriphDrivers/bin/MAX78000/softfp/libPeriphDriver_softfp.a(cameraif_reva.o)
                0x10006b10                MXC_PCIF_RevA_Start
 .text.MXC_DMA_Init
                0x10006b24       0x30 Libraries/PeriphDrivers/bin/MAX78000/softfp/libPeriphDriver_softfp.a(dma_me17.o)
                0x10006b24                MXC_DMA_Init
 .text.MXC_DMA_AcquireChannel
                0x10006b54        0x4 Libraries/PeriphDrivers/bin/MAX78000/softfp/libPeriphDriver_softfp.a(dma_me17.o)
                0x10006b54                MXC_DMA_AcquireChannel
 .text.MXC_DMA_RevA_Init
                0x10006b58       0x84 Libraries/PeriphDrivers/bin/MAX78000/softfp/libPeriphDriver_softfp.a(dma_reva.o)
                0x10006b58                MXC_DMA_RevA_Init
 .text.MXC_DMA_RevA_AcquireChannel
                0x10006bdc       0x64 Libraries/PeriphDrivers/bin/MAX78000/softfp/libPeriphDriver_softfp.a(dma_reva.o)
                0x10006bdc                MXC_DMA_RevA_AcquireChannel
 .text.MXC_GPIO_Init
                0x10006c40       0x38 Libraries/PeriphDrivers/bin/MAX78000/softfp/libPeriphDriver_softfp.a(gpio_ai85.o)
                0x10006c40                MXC_GPIO_Init
 .text.MXC_GPIO_Config
                0x10006c78      0x190 Libraries/PeriphDrivers/bin/MAX78000/softfp/libPeriphDriver_softfp.a(gpio_ai85.o)
                0x10006c78                MXC_GPIO_Config
 .text.MXC_GPIO_OutSet
                0x10006e08       0x34 Libraries/PeriphDrivers/bin/MAX78000/softfp/libPeriphDriver_softfp.a(gpio_ai85.o)
                0x10006e08                MXC_GPIO_OutSet
 .text.MXC_GPIO_OutClr
                0x10006e3c       0x34 Libraries/PeriphDrivers/bin/MAX78000/softfp/libPeriphDriver_softfp.a(gpio_ai85.o)
                0x10006e3c                MXC_GPIO_OutClr
 .text.MXC_GPIO_EnableInt
                0x10006e70        0x4 Libraries/PeriphDrivers/bin/MAX78000/softfp/libPeriphDriver_softfp.a(gpio_ai85.o)
                0x10006e70                MXC_GPIO_EnableInt
 .text.MXC_GPIO_DisableInt
                0x10006e74        0x4 Libraries/PeriphDrivers/bin/MAX78000/softfp/libPeriphDriver_softfp.a(gpio_ai85.o)
                0x10006e74                MXC_GPIO_DisableInt
 .text.MXC_GPIO_RegisterCallback
                0x10006e78        0x4 Libraries/PeriphDrivers/bin/MAX78000/softfp/libPeriphDriver_softfp.a(gpio_ai85.o)
                0x10006e78                MXC_GPIO_RegisterCallback
 .text.MXC_GPIO_Handler
                0x10006e7c        0x4 Libraries/PeriphDrivers/bin/MAX78000/softfp/libPeriphDriver_softfp.a(gpio_ai85.o)
                0x10006e7c                MXC_GPIO_Handler
 .text.MXC_GPIO_ClearFlags
                0x10006e80        0x4 Libraries/PeriphDrivers/bin/MAX78000/softfp/libPeriphDriver_softfp.a(gpio_ai85.o)
                0x10006e80                MXC_GPIO_ClearFlags
 .text.MXC_GPIO_GetFlags
                0x10006e84        0x4 Libraries/PeriphDrivers/bin/MAX78000/softfp/libPeriphDriver_softfp.a(gpio_ai85.o)
                0x10006e84                MXC_GPIO_GetFlags
 .text.MXC_GPIO_SetVSSEL
                0x10006e88        0x4 Libraries/PeriphDrivers/bin/MAX78000/softfp/libPeriphDriver_softfp.a(gpio_ai85.o)
                0x10006e88                MXC_GPIO_SetVSSEL
 .text.MXC_GPIO_RevA_OutSet
                0x10006e8c        0x4 Libraries/PeriphDrivers/bin/MAX78000/softfp/libPeriphDriver_softfp.a(gpio_reva.o)
                0x10006e8c                MXC_GPIO_RevA_OutSet
 .text.MXC_GPIO_RevA_OutClr
                0x10006e90        0x4 Libraries/PeriphDrivers/bin/MAX78000/softfp/libPeriphDriver_softfp.a(gpio_reva.o)
                0x10006e90                MXC_GPIO_RevA_OutClr
 .text.MXC_GPIO_RevA_EnableInt
                0x10006e94        0x4 Libraries/PeriphDrivers/bin/MAX78000/softfp/libPeriphDriver_softfp.a(gpio_reva.o)
                0x10006e94                MXC_GPIO_RevA_EnableInt
 .text.MXC_GPIO_RevA_DisableInt
                0x10006e98        0x4 Libraries/PeriphDrivers/bin/MAX78000/softfp/libPeriphDriver_softfp.a(gpio_reva.o)
                0x10006e98                MXC_GPIO_RevA_DisableInt
 .text.MXC_GPIO_RevA_ClearFlags
                0x10006e9c        0x4 Libraries/PeriphDrivers/bin/MAX78000/softfp/libPeriphDriver_softfp.a(gpio_reva.o)
                0x10006e9c                MXC_GPIO_RevA_ClearFlags
 .text.MXC_GPIO_RevA_GetFlags
                0x10006ea0        0x4 Libraries/PeriphDrivers/bin/MAX78000/softfp/libPeriphDriver_softfp.a(gpio_reva.o)
                0x10006ea0                MXC_GPIO_RevA_GetFlags
 .text.MXC_GPIO_RevA_SetVSSEL
                0x10006ea4       0x30 Libraries/PeriphDrivers/bin/MAX78000/softfp/libPeriphDriver_softfp.a(gpio_reva.o)
                0x10006ea4                MXC_GPIO_RevA_SetVSSEL
 .text.MXC_GPIO_RevA_SetAF
                0x10006ed4       0x58 Libraries/PeriphDrivers/bin/MAX78000/softfp/libPeriphDriver_softfp.a(gpio_reva.o)
                0x10006ed4                MXC_GPIO_RevA_SetAF
 .text.MXC_ICC_Enable
                0x10006f2c        0x4 Libraries/PeriphDrivers/bin/MAX78000/softfp/libPeriphDriver_softfp.a(icc_me17.o)
                0x10006f2c                MXC_ICC_Enable
 .text.MXC_ICC_RevA_Enable
                0x10006f30       0x24 Libraries/PeriphDrivers/bin/MAX78000/softfp/libPeriphDriver_softfp.a(icc_reva.o)
                0x10006f30                MXC_ICC_RevA_Enable
 .text.MXC_PT_Init
                0x10006f54      0x128 Libraries/PeriphDrivers/bin/MAX78000/softfp/libPeriphDriver_softfp.a(pt_me17.o)
                0x10006f54                MXC_PT_Init
 .text.MXC_PT_Config
                0x1000707c       0x5c Libraries/PeriphDrivers/bin/MAX78000/softfp/libPeriphDriver_softfp.a(pt_me17.o)
                0x1000707c                MXC_PT_Config
 .text.MXC_PT_SqrWaveConfig
                0x100070d8       0x20 Libraries/PeriphDrivers/bin/MAX78000/softfp/libPeriphDriver_softfp.a(pt_me17.o)
                0x100070d8                MXC_PT_SqrWaveConfig
 .text.MXC_PT_Start
                0x100070f8        0xc Libraries/PeriphDrivers/bin/MAX78000/softfp/libPeriphDriver_softfp.a(pt_me17.o)
                0x100070f8                MXC_PT_Start
 .text.MXC_PT_IsActive
                0x10007104        0xc Libraries/PeriphDrivers/bin/MAX78000/softfp/libPeriphDriver_softfp.a(pt_me17.o)
                0x10007104                MXC_PT_IsActive
 .text.MXC_PT_RevA_Init
                0x10007110        0xc Libraries/PeriphDrivers/bin/MAX78000/softfp/libPeriphDriver_softfp.a(pt_reva.o)
                0x10007110                MXC_PT_RevA_Init
 .text.MXC_PT_RevA_Config
                0x1000711c       0xbc Libraries/PeriphDrivers/bin/MAX78000/softfp/libPeriphDriver_softfp.a(pt_reva.o)
                0x1000711c                MXC_PT_RevA_Config
 .text.MXC_PT_RevA_SqrWaveConfig
                0x100071d8       0x1c Libraries/PeriphDrivers/bin/MAX78000/softfp/libPeriphDriver_softfp.a(pt_reva.o)
                0x100071d8                MXC_PT_RevA_SqrWaveConfig
 .text.MXC_PT_RevA_Start
                0x100071f4       0x10 Libraries/PeriphDrivers/bin/MAX78000/softfp/libPeriphDriver_softfp.a(pt_reva.o)
                0x100071f4                MXC_PT_RevA_Start
 .text.MXC_PT_RevA_IsActive
                0x10007204        0xc Libraries/PeriphDrivers/bin/MAX78000/softfp/libPeriphDriver_softfp.a(pt_reva.o)
                0x10007204                MXC_PT_RevA_IsActive
 .text.MXC_RTC_Start
                0x10007210        0xc Libraries/PeriphDrivers/bin/MAX78000/softfp/libPeriphDriver_softfp.a(rtc_me17.o)
                0x10007210                MXC_RTC_Start
 .text.MXC_RTC_Init
                0x1000721c       0x20 Libraries/PeriphDrivers/bin/MAX78000/softfp/libPeriphDriver_softfp.a(rtc_me17.o)
                0x1000721c                MXC_RTC_Init
 .text.MXC_RTC_GetSubSecond
                0x1000723c        0x4 Libraries/PeriphDrivers/bin/MAX78000/softfp/libPeriphDriver_softfp.a(rtc_me17.o)
                0x1000723c                MXC_RTC_GetSubSecond
 .text.MXC_RTC_GetSecond
                0x10007240        0x4 Libraries/PeriphDrivers/bin/MAX78000/softfp/libPeriphDriver_softfp.a(rtc_me17.o)
                0x10007240                MXC_RTC_GetSecond
 .text.MXC_RTC_CheckBusy
                0x10007244       0x34 Libraries/PeriphDrivers/bin/MAX78000/softfp/libPeriphDriver_softfp.a(rtc_reva.o)
                0x10007244                MXC_RTC_CheckBusy
 .text.MXC_RTC_RevA_Start
                0x10007278       0x38 Libraries/PeriphDrivers/bin/MAX78000/softfp/libPeriphDriver_softfp.a(rtc_reva.o)
                0x10007278                MXC_RTC_RevA_Start
 .text.MXC_RTC_RevA_Init
                0x100072b0       0x50 Libraries/PeriphDrivers/bin/MAX78000/softfp/libPeriphDriver_softfp.a(rtc_reva.o)
                0x100072b0                MXC_RTC_RevA_Init
 .text.MXC_RTC_RevA_GetSubSecond
                0x10007300        0xc Libraries/PeriphDrivers/bin/MAX78000/softfp/libPeriphDriver_softfp.a(rtc_reva.o)
                0x10007300                MXC_RTC_RevA_GetSubSecond
 .text.MXC_RTC_RevA_GetSecond
                0x1000730c        0xc Libraries/PeriphDrivers/bin/MAX78000/softfp/libPeriphDriver_softfp.a(rtc_reva.o)
                0x1000730c                MXC_RTC_RevA_GetSecond
 .text.MXC_SPI_Init
                0x10007318      0x1e0 Libraries/PeriphDrivers/bin/MAX78000/softfp/libPeriphDriver_softfp.a(spi_me17.o)
                0x10007318                MXC_SPI_Init
 .text.MXC_SPI_SetFrequency
                0x100074f8        0x4 Libraries/PeriphDrivers/bin/MAX78000/softfp/libPeriphDriver_softfp.a(spi_me17.o)
                0x100074f8                MXC_SPI_SetFrequency
 .text.MXC_SPI_SetDataSize
                0x100074fc        0x4 Libraries/PeriphDrivers/bin/MAX78000/softfp/libPeriphDriver_softfp.a(spi_me17.o)
                0x100074fc                MXC_SPI_SetDataSize
 .text.MXC_SPI_GetDataSize
                0x10007500        0x4 Libraries/PeriphDrivers/bin/MAX78000/softfp/libPeriphDriver_softfp.a(spi_me17.o)
                0x10007500                MXC_SPI_GetDataSize
 .text.MXC_SPI_SetSlave
                0x10007504        0x4 Libraries/PeriphDrivers/bin/MAX78000/softfp/libPeriphDriver_softfp.a(spi_me17.o)
                0x10007504                MXC_SPI_SetSlave
 .text.MXC_SPI_SetWidth
                0x10007508        0x4 Libraries/PeriphDrivers/bin/MAX78000/softfp/libPeriphDriver_softfp.a(spi_me17.o)
                0x10007508                MXC_SPI_SetWidth
 .text.MXC_SPI_GetWidth
                0x1000750c        0x4 Libraries/PeriphDrivers/bin/MAX78000/softfp/libPeriphDriver_softfp.a(spi_me17.o)
                0x1000750c                MXC_SPI_GetWidth
 .text.MXC_SPI_StartTransmission
                0x10007510        0x4 Libraries/PeriphDrivers/bin/MAX78000/softfp/libPeriphDriver_softfp.a(spi_me17.o)
                0x10007510                MXC_SPI_StartTransmission
 .text.MXC_SPI_GetActive
                0x10007514        0x4 Libraries/PeriphDrivers/bin/MAX78000/softfp/libPeriphDriver_softfp.a(spi_me17.o)
                0x10007514                MXC_SPI_GetActive
 .text.MXC_SPI_ReadRXFIFO
                0x10007518        0x4 Libraries/PeriphDrivers/bin/MAX78000/softfp/libPeriphDriver_softfp.a(spi_me17.o)
                0x10007518                MXC_SPI_ReadRXFIFO
 .text.MXC_SPI_GetRXFIFOAvailable
                0x1000751c        0x4 Libraries/PeriphDrivers/bin/MAX78000/softfp/libPeriphDriver_softfp.a(spi_me17.o)
                0x1000751c                MXC_SPI_GetRXFIFOAvailable
 .text.MXC_SPI_WriteTXFIFO
                0x10007520        0x4 Libraries/PeriphDrivers/bin/MAX78000/softfp/libPeriphDriver_softfp.a(spi_me17.o)
                0x10007520                MXC_SPI_WriteTXFIFO
 .text.MXC_SPI_GetTXFIFOAvailable
                0x10007524        0x4 Libraries/PeriphDrivers/bin/MAX78000/softfp/libPeriphDriver_softfp.a(spi_me17.o)
                0x10007524                MXC_SPI_GetTXFIFOAvailable
 .text.MXC_SPI_SetRXThreshold
                0x10007528        0x4 Libraries/PeriphDrivers/bin/MAX78000/softfp/libPeriphDriver_softfp.a(spi_me17.o)
                0x10007528                MXC_SPI_SetRXThreshold
 .text.MXC_SPI_SetTXThreshold
                0x1000752c        0x4 Libraries/PeriphDrivers/bin/MAX78000/softfp/libPeriphDriver_softfp.a(spi_me17.o)
                0x1000752c                MXC_SPI_SetTXThreshold
 .text.MXC_SPI_MasterTransaction
                0x10007530        0x4 Libraries/PeriphDrivers/bin/MAX78000/softfp/libPeriphDriver_softfp.a(spi_me17.o)
                0x10007530                MXC_SPI_MasterTransaction
 .text.MXC_SPI_RevA_TransSetup
                0x10007534      0x1a4 Libraries/PeriphDrivers/bin/MAX78000/softfp/libPeriphDriver_softfp.a(spi_reva.o)
 .text.MXC_SPI_RevA_TransHandler
                0x100076d8      0x164 Libraries/PeriphDrivers/bin/MAX78000/softfp/libPeriphDriver_softfp.a(spi_reva.o)
 .text.MXC_SPI_RevA_MasterTransHandler
                0x1000783c       0x68 Libraries/PeriphDrivers/bin/MAX78000/softfp/libPeriphDriver_softfp.a(spi_reva.o)
 .text.MXC_SPI_RevA_Init
                0x100078a4       0xd8 Libraries/PeriphDrivers/bin/MAX78000/softfp/libPeriphDriver_softfp.a(spi_reva.o)
                0x100078a4                MXC_SPI_RevA_Init
 .text.MXC_SPI_RevA_SetFrequency
                0x1000797c       0x90 Libraries/PeriphDrivers/bin/MAX78000/softfp/libPeriphDriver_softfp.a(spi_reva.o)
                0x1000797c                MXC_SPI_RevA_SetFrequency
 .text.MXC_SPI_RevA_SetDataSize
                0x10007a0c       0x9c Libraries/PeriphDrivers/bin/MAX78000/softfp/libPeriphDriver_softfp.a(spi_reva.o)
                0x10007a0c                MXC_SPI_RevA_SetDataSize
 .text.MXC_SPI_RevA_GetDataSize
                0x10007aa8       0x3c Libraries/PeriphDrivers/bin/MAX78000/softfp/libPeriphDriver_softfp.a(spi_reva.o)
                0x10007aa8                MXC_SPI_RevA_GetDataSize
 .text.MXC_SPI_RevA_SetSlave
                0x10007ae4       0x5c Libraries/PeriphDrivers/bin/MAX78000/softfp/libPeriphDriver_softfp.a(spi_reva.o)
                0x10007ae4                MXC_SPI_RevA_SetSlave
 .text.MXC_SPI_RevA_SetWidth
                0x10007b40       0x6c Libraries/PeriphDrivers/bin/MAX78000/softfp/libPeriphDriver_softfp.a(spi_reva.o)
                0x10007b40                MXC_SPI_RevA_SetWidth
 .text.MXC_SPI_RevA_GetWidth
                0x10007bac       0x24 Libraries/PeriphDrivers/bin/MAX78000/softfp/libPeriphDriver_softfp.a(spi_reva.o)
                0x10007bac                MXC_SPI_RevA_GetWidth
 .text.MXC_SPI_RevA_StartTransmission
                0x10007bd0       0x40 Libraries/PeriphDrivers/bin/MAX78000/softfp/libPeriphDriver_softfp.a(spi_reva.o)
                0x10007bd0                MXC_SPI_RevA_StartTransmission
 .text.MXC_SPI_RevA_GetActive
                0x10007c10       0x10 Libraries/PeriphDrivers/bin/MAX78000/softfp/libPeriphDriver_softfp.a(spi_reva.o)
                0x10007c10                MXC_SPI_RevA_GetActive
 .text.MXC_SPI_RevA_ReadRXFIFO
                0x10007c20       0x88 Libraries/PeriphDrivers/bin/MAX78000/softfp/libPeriphDriver_softfp.a(spi_reva.o)
                0x10007c20                MXC_SPI_RevA_ReadRXFIFO
 .text.MXC_SPI_RevA_GetRXFIFOAvailable
                0x10007ca8        0x8 Libraries/PeriphDrivers/bin/MAX78000/softfp/libPeriphDriver_softfp.a(spi_reva.o)
                0x10007ca8                MXC_SPI_RevA_GetRXFIFOAvailable
 .text.MXC_SPI_RevA_WriteTXFIFO
                0x10007cb0       0x90 Libraries/PeriphDrivers/bin/MAX78000/softfp/libPeriphDriver_softfp.a(spi_reva.o)
                0x10007cb0                MXC_SPI_RevA_WriteTXFIFO
 .text.MXC_SPI_RevA_GetTXFIFOAvailable
                0x10007d40       0x38 Libraries/PeriphDrivers/bin/MAX78000/softfp/libPeriphDriver_softfp.a(spi_reva.o)
                0x10007d40                MXC_SPI_RevA_GetTXFIFOAvailable
 .text.MXC_SPI_RevA_SetRXThreshold
                0x10007d78       0x4c Libraries/PeriphDrivers/bin/MAX78000/softfp/libPeriphDriver_softfp.a(spi_reva.o)
                0x10007d78                MXC_SPI_RevA_SetRXThreshold
 .text.MXC_SPI_RevA_SetTXThreshold
                0x10007dc4       0x48 Libraries/PeriphDrivers/bin/MAX78000/softfp/libPeriphDriver_softfp.a(spi_reva.o)
                0x10007dc4                MXC_SPI_RevA_SetTXThreshold
 .text.MXC_SPI_RevA_MasterTransaction
                0x10007e0c       0x2c Libraries/PeriphDrivers/bin/MAX78000/softfp/libPeriphDriver_softfp.a(spi_reva.o)
                0x10007e0c                MXC_SPI_RevA_MasterTransaction
 .text.MXC_TMR_Init
                0x10007e38      0x344 Libraries/PeriphDrivers/bin/MAX78000/softfp/libPeriphDriver_softfp.a(tmr_ai85.o)
                0x10007e38                MXC_TMR_Init
 .text.MXC_TMR_Start
                0x1000817c        0x4 Libraries/PeriphDrivers/bin/MAX78000/softfp/libPeriphDriver_softfp.a(tmr_ai85.o)
                0x1000817c                MXC_TMR_Start
 .text.MXC_TMR_Stop
                0x10008180        0x4 Libraries/PeriphDrivers/bin/MAX78000/softfp/libPeriphDriver_softfp.a(tmr_ai85.o)
                0x10008180                MXC_TMR_Stop
 .text.MXC_TMR_ClearFlags
                0x10008184        0x4 Libraries/PeriphDrivers/bin/MAX78000/softfp/libPeriphDriver_softfp.a(tmr_ai85.o)
                0x10008184                MXC_TMR_ClearFlags
 .text.MXC_TMR_GetFlags
                0x10008188        0x4 Libraries/PeriphDrivers/bin/MAX78000/softfp/libPeriphDriver_softfp.a(tmr_ai85.o)
                0x10008188                MXC_TMR_GetFlags
 .text.MXC_TMR_SetCount
                0x1000818c        0x4 Libraries/PeriphDrivers/bin/MAX78000/softfp/libPeriphDriver_softfp.a(tmr_ai85.o)
                0x1000818c                MXC_TMR_SetCount
 .text.MXC_TMR_Delay
                0x10008190        0x4 Libraries/PeriphDrivers/bin/MAX78000/softfp/libPeriphDriver_softfp.a(tmr_ai85.o)
                0x10008190                MXC_TMR_Delay
 .text.MXC_TMR_TO_Start
                0x10008194        0x4 Libraries/PeriphDrivers/bin/MAX78000/softfp/libPeriphDriver_softfp.a(tmr_ai85.o)
                0x10008194                MXC_TMR_TO_Start
 .text.MXC_TMR_TO_Check
                0x10008198        0x4 Libraries/PeriphDrivers/bin/MAX78000/softfp/libPeriphDriver_softfp.a(tmr_ai85.o)
                0x10008198                MXC_TMR_TO_Check
 .text.MXC_TMR_TO_Stop
                0x1000819c        0x4 Libraries/PeriphDrivers/bin/MAX78000/softfp/libPeriphDriver_softfp.a(tmr_ai85.o)
                0x1000819c                MXC_TMR_TO_Stop
 .text.MXC_TMR_TO_Elapsed
                0x100081a0        0x4 Libraries/PeriphDrivers/bin/MAX78000/softfp/libPeriphDriver_softfp.a(tmr_ai85.o)
                0x100081a0                MXC_TMR_TO_Elapsed
 .text.MXC_TMR_SW_Start
                0x100081a4        0x4 Libraries/PeriphDrivers/bin/MAX78000/softfp/libPeriphDriver_softfp.a(tmr_ai85.o)
                0x100081a4                MXC_TMR_SW_Start
 .text.MXC_TMR_SW_Stop
                0x100081a8        0x4 Libraries/PeriphDrivers/bin/MAX78000/softfp/libPeriphDriver_softfp.a(tmr_ai85.o)
                0x100081a8                MXC_TMR_SW_Stop
 .text.MXC_TMR_GetTime
                0x100081ac        0x4 Libraries/PeriphDrivers/bin/MAX78000/softfp/libPeriphDriver_softfp.a(tmr_ai85.o)
                0x100081ac                MXC_TMR_GetTime
 .text.MXC_TMR_RevB_ConfigGeneric
                0x100081b0       0xd4 Libraries/PeriphDrivers/bin/MAX78000/softfp/libPeriphDriver_softfp.a(tmr_revb.o)
                0x100081b0                MXC_TMR_RevB_ConfigGeneric
 .text.MXC_TMR_RevB_Init
                0x10008284       0xc4 Libraries/PeriphDrivers/bin/MAX78000/softfp/libPeriphDriver_softfp.a(tmr_revb.o)
                0x10008284                MXC_TMR_RevB_Init
 .text.MXC_TMR_RevB_Start
                0x10008348       0x5c Libraries/PeriphDrivers/bin/MAX78000/softfp/libPeriphDriver_softfp.a(tmr_revb.o)
                0x10008348                MXC_TMR_RevB_Start
 .text.MXC_TMR_RevB_Stop
                0x100083a4       0x58 Libraries/PeriphDrivers/bin/MAX78000/softfp/libPeriphDriver_softfp.a(tmr_revb.o)
                0x100083a4                MXC_TMR_RevB_Stop
 .text.MXC_TMR_RevB_ClearFlags
                0x100083fc       0x58 Libraries/PeriphDrivers/bin/MAX78000/softfp/libPeriphDriver_softfp.a(tmr_revb.o)
                0x100083fc                MXC_TMR_RevB_ClearFlags
 .text.MXC_TMR_RevB_GetFlags
                0x10008454       0x58 Libraries/PeriphDrivers/bin/MAX78000/softfp/libPeriphDriver_softfp.a(tmr_revb.o)
                0x10008454                MXC_TMR_RevB_GetFlags
 .text.MXC_TMR_RevB_SetCount
                0x100084ac       0x54 Libraries/PeriphDrivers/bin/MAX78000/softfp/libPeriphDriver_softfp.a(tmr_revb.o)
                0x100084ac                MXC_TMR_RevB_SetCount
 .text.MXC_TMR_RevB_TO_Start
                0x10008500       0xf8 Libraries/PeriphDrivers/bin/MAX78000/softfp/libPeriphDriver_softfp.a(tmr_revb.o)
                0x10008500                MXC_TMR_RevB_TO_Start
 .text.MXC_TMR_RevB_GetTime
                0x100085f8      0x15c Libraries/PeriphDrivers/bin/MAX78000/softfp/libPeriphDriver_softfp.a(tmr_revb.o)
                0x100085f8                MXC_TMR_RevB_GetTime
 .text.MXC_UART_Shutdown
                0x10008754       0x70 Libraries/PeriphDrivers/bin/MAX78000/softfp/libPeriphDriver_softfp.a(uart_ai85.o)
                0x10008754                MXC_UART_Shutdown
 .text.MXC_UART_Init
                0x100087c4       0xb8 Libraries/PeriphDrivers/bin/MAX78000/softfp/libPeriphDriver_softfp.a(uart_ai85.o)
                0x100087c4                MXC_UART_Init
 .text.MXC_UART_SetFrequency
                0x1000887c        0x4 Libraries/PeriphDrivers/bin/MAX78000/softfp/libPeriphDriver_softfp.a(uart_ai85.o)
                0x1000887c                MXC_UART_SetFrequency
 .text.MXC_UART_GetFrequency
                0x10008880        0x4 Libraries/PeriphDrivers/bin/MAX78000/softfp/libPeriphDriver_softfp.a(uart_ai85.o)
                0x10008880                MXC_UART_GetFrequency
 .text.MXC_UART_SetDataSize
                0x10008884        0x4 Libraries/PeriphDrivers/bin/MAX78000/softfp/libPeriphDriver_softfp.a(uart_ai85.o)
                0x10008884                MXC_UART_SetDataSize
 .text.MXC_UART_SetStopBits
                0x10008888        0x4 Libraries/PeriphDrivers/bin/MAX78000/softfp/libPeriphDriver_softfp.a(uart_ai85.o)
                0x10008888                MXC_UART_SetStopBits
 .text.MXC_UART_SetParity
                0x1000888c        0x4 Libraries/PeriphDrivers/bin/MAX78000/softfp/libPeriphDriver_softfp.a(uart_ai85.o)
                0x1000888c                MXC_UART_SetParity
 .text.MXC_UART_ReadCharacterRaw
                0x10008890        0x4 Libraries/PeriphDrivers/bin/MAX78000/softfp/libPeriphDriver_softfp.a(uart_ai85.o)
                0x10008890                MXC_UART_ReadCharacterRaw
 .text.MXC_UART_WriteCharacterRaw
                0x10008894        0x4 Libraries/PeriphDrivers/bin/MAX78000/softfp/libPeriphDriver_softfp.a(uart_ai85.o)
                0x10008894                MXC_UART_WriteCharacterRaw
 .text.MXC_UART_ReadCharacter
                0x10008898        0x4 Libraries/PeriphDrivers/bin/MAX78000/softfp/libPeriphDriver_softfp.a(uart_ai85.o)
                0x10008898                MXC_UART_ReadCharacter
 .text.MXC_UART_WriteCharacter
                0x1000889c        0x4 Libraries/PeriphDrivers/bin/MAX78000/softfp/libPeriphDriver_softfp.a(uart_ai85.o)
                0x1000889c                MXC_UART_WriteCharacter
 .text.MXC_UART_GetRXFIFOAvailable
                0x100088a0        0x4 Libraries/PeriphDrivers/bin/MAX78000/softfp/libPeriphDriver_softfp.a(uart_ai85.o)
                0x100088a0                MXC_UART_GetRXFIFOAvailable
 .text.MXC_UART_GetTXFIFOAvailable
                0x100088a4        0x4 Libraries/PeriphDrivers/bin/MAX78000/softfp/libPeriphDriver_softfp.a(uart_ai85.o)
                0x100088a4                MXC_UART_GetTXFIFOAvailable
 .text.MXC_UART_SetRXThreshold
                0x100088a8        0x4 Libraries/PeriphDrivers/bin/MAX78000/softfp/libPeriphDriver_softfp.a(uart_ai85.o)
                0x100088a8                MXC_UART_SetRXThreshold
 .text.MXC_UART_Common_ReadCharacter
                0x100088ac       0x18 Libraries/PeriphDrivers/bin/MAX78000/softfp/libPeriphDriver_softfp.a(uart_common.o)
                0x100088ac                MXC_UART_Common_ReadCharacter
 .text.MXC_UART_Common_WriteCharacter
                0x100088c4       0x1c Libraries/PeriphDrivers/bin/MAX78000/softfp/libPeriphDriver_softfp.a(uart_common.o)
                0x100088c4                MXC_UART_Common_WriteCharacter
 .text.MXC_UART_RevB_Init
                0x100088e0       0x70 Libraries/PeriphDrivers/bin/MAX78000/softfp/libPeriphDriver_softfp.a(uart_revb.o)
                0x100088e0                MXC_UART_RevB_Init
 .text.MXC_UART_RevB_SetFrequency
                0x10008950      0x11c Libraries/PeriphDrivers/bin/MAX78000/softfp/libPeriphDriver_softfp.a(uart_revb.o)
                0x10008950                MXC_UART_RevB_SetFrequency
 .text.MXC_UART_RevB_GetFrequency
                0x10008a6c       0xc0 Libraries/PeriphDrivers/bin/MAX78000/softfp/libPeriphDriver_softfp.a(uart_revb.o)
                0x10008a6c                MXC_UART_RevB_GetFrequency
 .text.MXC_UART_RevB_SetDataSize
                0x10008b2c       0x40 Libraries/PeriphDrivers/bin/MAX78000/softfp/libPeriphDriver_softfp.a(uart_revb.o)
                0x10008b2c                MXC_UART_RevB_SetDataSize
 .text.MXC_UART_RevB_SetStopBits
                0x10008b6c       0x4c Libraries/PeriphDrivers/bin/MAX78000/softfp/libPeriphDriver_softfp.a(uart_revb.o)
                0x10008b6c                MXC_UART_RevB_SetStopBits
 .text.MXC_UART_RevB_SetParity
                0x10008bb8       0x9c Libraries/PeriphDrivers/bin/MAX78000/softfp/libPeriphDriver_softfp.a(uart_revb.o)
                0x10008bb8                MXC_UART_RevB_SetParity
 .text.MXC_UART_RevB_ReadCharacterRaw
                0x10008c54       0x38 Libraries/PeriphDrivers/bin/MAX78000/softfp/libPeriphDriver_softfp.a(uart_revb.o)
                0x10008c54                MXC_UART_RevB_ReadCharacterRaw
 .text.MXC_UART_RevB_WriteCharacterRaw
                0x10008c8c       0x3c Libraries/PeriphDrivers/bin/MAX78000/softfp/libPeriphDriver_softfp.a(uart_revb.o)
                0x10008c8c                MXC_UART_RevB_WriteCharacterRaw
 .text.MXC_UART_RevB_GetRXFIFOAvailable
                0x10008cc8        0x8 Libraries/PeriphDrivers/bin/MAX78000/softfp/libPeriphDriver_softfp.a(uart_revb.o)
                0x10008cc8                MXC_UART_RevB_GetRXFIFOAvailable
 .text.MXC_UART_RevB_GetTXFIFOAvailable
                0x10008cd0        0xc Libraries/PeriphDrivers/bin/MAX78000/softfp/libPeriphDriver_softfp.a(uart_revb.o)
                0x10008cd0                MXC_UART_RevB_GetTXFIFOAvailable
 .text.MXC_UART_RevB_SetRXThreshold
                0x10008cdc       0x3c Libraries/PeriphDrivers/bin/MAX78000/softfp/libPeriphDriver_softfp.a(uart_revb.o)
                0x10008cdc                MXC_UART_RevB_SetRXThreshold
 .text.MXC_GetLock
                0x10008d18       0x1c Libraries/PeriphDrivers/bin/MAX78000/softfp/libPeriphDriver_softfp.a(mxc_lock.o)
                0x10008d18                MXC_GetLock
 .text.MXC_FreeLock
                0x10008d34        0xc Libraries/PeriphDrivers/bin/MAX78000/softfp/libPeriphDriver_softfp.a(mxc_lock.o)
                0x10008d34                MXC_FreeLock
 .text.MXC_GPIO_Common_Init
                0x10008d40       0x3c Libraries/PeriphDrivers/bin/MAX78000/softfp/libPeriphDriver_softfp.a(gpio_common.o)
                0x10008d40                MXC_GPIO_Common_Init
 .text.MXC_GPIO_Common_RegisterCallback
                0x10008d7c       0x78 Libraries/PeriphDrivers/bin/MAX78000/softfp/libPeriphDriver_softfp.a(gpio_common.o)
                0x10008d7c                MXC_GPIO_Common_RegisterCallback
 .text.MXC_GPIO_Common_Handler
                0x10008df4       0x88 Libraries/PeriphDrivers/bin/MAX78000/softfp/libPeriphDriver_softfp.a(gpio_common.o)
                0x10008df4                MXC_GPIO_Common_Handler
 .text.MXC_TMR_Common_Delay
                0x10008e7c       0x18 Libraries/PeriphDrivers/bin/MAX78000/softfp/libPeriphDriver_softfp.a(tmr_common.o)
                0x10008e7c                MXC_TMR_Common_Delay
 .text.MXC_TMR_Common_TO_Check
                0x10008e94       0x14 Libraries/PeriphDrivers/bin/MAX78000/softfp/libPeriphDriver_softfp.a(tmr_common.o)
                0x10008e94                MXC_TMR_Common_TO_Check
 .text.MXC_TMR_Common_TO_Stop
                0x10008ea8       0x14 Libraries/PeriphDrivers/bin/MAX78000/softfp/libPeriphDriver_softfp.a(tmr_common.o)
                0x10008ea8                MXC_TMR_Common_TO_Stop
 .text.MXC_TMR_Common_SW_Start
                0x10008ebc        0x8 Libraries/PeriphDrivers/bin/MAX78000/softfp/libPeriphDriver_softfp.a(tmr_common.o)
                0x10008ebc                MXC_TMR_Common_SW_Start
 .text.MXC_TMR_Common_SW_Stop
                0x10008ec4       0x14 Libraries/PeriphDrivers/bin/MAX78000/softfp/libPeriphDriver_softfp.a(tmr_common.o)
                0x10008ec4                MXC_TMR_Common_SW_Stop
 .text.MXC_TMR_Common_TO_Elapsed
                0x10008ed8       0x58 Libraries/PeriphDrivers/bin/MAX78000/softfp/libPeriphDriver_softfp.a(tmr_common.o)
                0x10008ed8                MXC_TMR_Common_TO_Elapsed
 .text.__errno  0x10008f30        0xc c:/maximsdk/tools/gnutools/bin/../lib/gcc/arm-none-eabi/9.2.1/../../../../arm-none-eabi/lib/thumb/v7e-m+fp/softfp\libc.a(lib_a-errno.o)
                0x10008f30                __errno
 .text.__libc_init_array
                0x10008f3c       0x48 c:/maximsdk/tools/gnutools/bin/../lib/gcc/arm-none-eabi/9.2.1/../../../../arm-none-eabi/lib/thumb/v7e-m+fp/softfp\libc.a(lib_a-init.o)
                0x10008f3c                __libc_init_array
 .text.malloc   0x10008f84       0x10 c:/maximsdk/tools/gnutools/bin/../lib/gcc/arm-none-eabi/9.2.1/../../../../arm-none-eabi/lib/thumb/v7e-m+fp/softfp\libc.a(lib_a-malloc.o)
                0x10008f84                malloc
 .text.free     0x10008f94       0x10 c:/maximsdk/tools/gnutools/bin/../lib/gcc/arm-none-eabi/9.2.1/../../../../arm-none-eabi/lib/thumb/v7e-m+fp/softfp\libc.a(lib_a-malloc.o)
                0x10008f94                free
 .text._malloc_r
                0x10008fa4      0x574 c:/maximsdk/tools/gnutools/bin/../lib/gcc/arm-none-eabi/9.2.1/../../../../arm-none-eabi/lib/thumb/v7e-m+fp/softfp\libc.a(lib_a-mallocr.o)
                0x10008fa4                _malloc_r
 .text          0x10009518      0x134 c:/maximsdk/tools/gnutools/bin/../lib/gcc/arm-none-eabi/9.2.1/../../../../arm-none-eabi/lib/thumb/v7e-m+fp/softfp\libc.a(lib_a-memcpy.o)
                0x10009518                memcpy
 .text.memset   0x1000964c       0xa0 c:/maximsdk/tools/gnutools/bin/../lib/gcc/arm-none-eabi/9.2.1/../../../../arm-none-eabi/lib/thumb/v7e-m+fp/softfp\libc.a(lib_a-memset.o)
                0x1000964c                memset
 .text.__malloc_lock
                0x100096ec        0xc c:/maximsdk/tools/gnutools/bin/../lib/gcc/arm-none-eabi/9.2.1/../../../../arm-none-eabi/lib/thumb/v7e-m+fp/softfp\libc.a(lib_a-mlock.o)
                0x100096ec                __malloc_lock
 .text.__malloc_unlock
                0x100096f8        0xc c:/maximsdk/tools/gnutools/bin/../lib/gcc/arm-none-eabi/9.2.1/../../../../arm-none-eabi/lib/thumb/v7e-m+fp/softfp\libc.a(lib_a-mlock.o)
                0x100096f8                __malloc_unlock
 .text.printf   0x10009704       0x28 c:/maximsdk/tools/gnutools/bin/../lib/gcc/arm-none-eabi/9.2.1/../../../../arm-none-eabi/lib/thumb/v7e-m+fp/softfp\libc.a(lib_a-printf.o)
                0x10009704                printf
 .text.putchar  0x1000972c       0x14 c:/maximsdk/tools/gnutools/bin/../lib/gcc/arm-none-eabi/9.2.1/../../../../arm-none-eabi/lib/thumb/v7e-m+fp/softfp\libc.a(lib_a-putchar.o)
                0x1000972c                putchar
 .text._puts_r  0x10009740       0x9c c:/maximsdk/tools/gnutools/bin/../lib/gcc/arm-none-eabi/9.2.1/../../../../arm-none-eabi/lib/thumb/v7e-m+fp/softfp\libc.a(lib_a-puts.o)
                0x10009740                _puts_r
 .text.puts     0x100097dc       0x10 c:/maximsdk/tools/gnutools/bin/../lib/gcc/arm-none-eabi/9.2.1/../../../../arm-none-eabi/lib/thumb/v7e-m+fp/softfp\libc.a(lib_a-puts.o)
                0x100097dc                puts
 .text._sbrk_r  0x100097ec       0x24 c:/maximsdk/tools/gnutools/bin/../lib/gcc/arm-none-eabi/9.2.1/../../../../arm-none-eabi/lib/thumb/v7e-m+fp/softfp\libc.a(lib_a-sbrkr.o)
                0x100097ec                _sbrk_r
 .text.sprintf  0x10009810       0x44 c:/maximsdk/tools/gnutools/bin/../lib/gcc/arm-none-eabi/9.2.1/../../../../arm-none-eabi/lib/thumb/v7e-m+fp/softfp\libc.a(lib_a-sprintf.o)
                0x10009810                sprintf
 .text.strcpy   0x10009854       0xbc c:/maximsdk/tools/gnutools/bin/../lib/gcc/arm-none-eabi/9.2.1/../../../../arm-none-eabi/lib/thumb/v7e-m+fp/softfp\libc.a(lib_a-strcpy.o)
                0x10009854                strcpy
 *fill*         0x10009910       0x30 
 .text          0x10009940       0xdc c:/maximsdk/tools/gnutools/bin/../lib/gcc/arm-none-eabi/9.2.1/../../../../arm-none-eabi/lib/thumb/v7e-m+fp/softfp\libc.a(lib_a-strlen.o)
                0x10009940                strlen
 .text.strncpy  0x10009a1c       0x68 c:/maximsdk/tools/gnutools/bin/../lib/gcc/arm-none-eabi/9.2.1/../../../../arm-none-eabi/lib/thumb/v7e-m+fp/softfp\libc.a(lib_a-strncpy.o)
                0x10009a1c                strncpy
 *fill*         0x10009a84        0x4 
 .text._svfprintf_r
                0x10009a88     0x1b34 c:/maximsdk/tools/gnutools/bin/../lib/gcc/arm-none-eabi/9.2.1/../../../../arm-none-eabi/lib/thumb/v7e-m+fp/softfp\libc.a(lib_a-svfprintf.o)
                0x10009a88                _svfprintf_r
 *fill*         0x1000b5bc        0x4 
 .text._vfprintf_r
                0x1000b5c0     0x1bdc c:/maximsdk/tools/gnutools/bin/../lib/gcc/arm-none-eabi/9.2.1/../../../../arm-none-eabi/lib/thumb/v7e-m+fp/softfp\libc.a(lib_a-vfprintf.o)
                0x1000b5c0                _vfprintf_r
 .text.__sbprintf
                0x1000d19c       0x84 c:/maximsdk/tools/gnutools/bin/../lib/gcc/arm-none-eabi/9.2.1/../../../../arm-none-eabi/lib/thumb/v7e-m+fp/softfp\libc.a(lib_a-vfprintf.o)
 .text.__swsetup_r
                0x1000d220       0xd0 c:/maximsdk/tools/gnutools/bin/../lib/gcc/arm-none-eabi/9.2.1/../../../../arm-none-eabi/lib/thumb/v7e-m+fp/softfp\libc.a(lib_a-wsetup.o)
                0x1000d220                __swsetup_r
 .text.startup.register_fini
                0x1000d2f0       0x14 c:/maximsdk/tools/gnutools/bin/../lib/gcc/arm-none-eabi/9.2.1/../../../../arm-none-eabi/lib/thumb/v7e-m+fp/softfp\libc.a(lib_a-__call_atexit.o)
 .text.atexit   0x1000d304        0xc c:/maximsdk/tools/gnutools/bin/../lib/gcc/arm-none-eabi/9.2.1/../../../../arm-none-eabi/lib/thumb/v7e-m+fp/softfp\libc.a(lib_a-atexit.o)
                0x1000d304                atexit
 .text.quorem   0x1000d310      0x11c c:/maximsdk/tools/gnutools/bin/../lib/gcc/arm-none-eabi/9.2.1/../../../../arm-none-eabi/lib/thumb/v7e-m+fp/softfp\libc.a(lib_a-dtoa.o)
 *fill*         0x1000d42c        0x4 
 .text._dtoa_r  0x1000d430      0xeec c:/maximsdk/tools/gnutools/bin/../lib/gcc/arm-none-eabi/9.2.1/../../../../arm-none-eabi/lib/thumb/v7e-m+fp/softfp\libc.a(lib_a-dtoa.o)
                0x1000d430                _dtoa_r
 .text.__sflush_r
                0x1000e31c      0x130 c:/maximsdk/tools/gnutools/bin/../lib/gcc/arm-none-eabi/9.2.1/../../../../arm-none-eabi/lib/thumb/v7e-m+fp/softfp\libc.a(lib_a-fflush.o)
                0x1000e31c                __sflush_r
 .text._fflush_r
                0x1000e44c       0x5c c:/maximsdk/tools/gnutools/bin/../lib/gcc/arm-none-eabi/9.2.1/../../../../arm-none-eabi/lib/thumb/v7e-m+fp/softfp\libc.a(lib_a-fflush.o)
                0x1000e44c                _fflush_r
 .text.std      0x1000e4a8       0x50 c:/maximsdk/tools/gnutools/bin/../lib/gcc/arm-none-eabi/9.2.1/../../../../arm-none-eabi/lib/thumb/v7e-m+fp/softfp\libc.a(lib_a-findfp.o)
 .text._cleanup_r
                0x1000e4f8        0xc c:/maximsdk/tools/gnutools/bin/../lib/gcc/arm-none-eabi/9.2.1/../../../../arm-none-eabi/lib/thumb/v7e-m+fp/softfp\libc.a(lib_a-findfp.o)
                0x1000e4f8                _cleanup_r
 .text.__sinit  0x1000e504       0x54 c:/maximsdk/tools/gnutools/bin/../lib/gcc/arm-none-eabi/9.2.1/../../../../arm-none-eabi/lib/thumb/v7e-m+fp/softfp\libc.a(lib_a-findfp.o)
                0x1000e504                __sinit
 .text.__sfp_lock_acquire
                0x1000e558        0xc c:/maximsdk/tools/gnutools/bin/../lib/gcc/arm-none-eabi/9.2.1/../../../../arm-none-eabi/lib/thumb/v7e-m+fp/softfp\libc.a(lib_a-findfp.o)
                0x1000e558                __sfp_lock_acquire
 .text.__sfp_lock_release
                0x1000e564        0xc c:/maximsdk/tools/gnutools/bin/../lib/gcc/arm-none-eabi/9.2.1/../../../../arm-none-eabi/lib/thumb/v7e-m+fp/softfp\libc.a(lib_a-findfp.o)
                0x1000e564                __sfp_lock_release
 .text.__libc_fini_array
                0x1000e570       0x2c c:/maximsdk/tools/gnutools/bin/../lib/gcc/arm-none-eabi/9.2.1/../../../../arm-none-eabi/lib/thumb/v7e-m+fp/softfp\libc.a(lib_a-fini.o)
                0x1000e570                __libc_fini_array
 .text._malloc_trim_r
                0x1000e59c       0xa0 c:/maximsdk/tools/gnutools/bin/../lib/gcc/arm-none-eabi/9.2.1/../../../../arm-none-eabi/lib/thumb/v7e-m+fp/softfp\libc.a(lib_a-freer.o)
                0x1000e59c                _malloc_trim_r
 .text._free_r  0x1000e63c      0x208 c:/maximsdk/tools/gnutools/bin/../lib/gcc/arm-none-eabi/9.2.1/../../../../arm-none-eabi/lib/thumb/v7e-m+fp/softfp\libc.a(lib_a-freer.o)
                0x1000e63c                _free_r
 .text.__sfvwrite_r
                0x1000e844      0x2e0 c:/maximsdk/tools/gnutools/bin/../lib/gcc/arm-none-eabi/9.2.1/../../../../arm-none-eabi/lib/thumb/v7e-m+fp/softfp\libc.a(lib_a-fvwrite.o)
                0x1000e844                __sfvwrite_r
 .text._fwalk_reent
                0x1000eb24       0x48 c:/maximsdk/tools/gnutools/bin/../lib/gcc/arm-none-eabi/9.2.1/../../../../arm-none-eabi/lib/thumb/v7e-m+fp/softfp\libc.a(lib_a-fwalk.o)
                0x1000eb24                _fwalk_reent
 .text._localeconv_r
                0x1000eb6c        0x8 c:/maximsdk/tools/gnutools/bin/../lib/gcc/arm-none-eabi/9.2.1/../../../../arm-none-eabi/lib/thumb/v7e-m+fp/softfp\libc.a(lib_a-localeconv.o)
                0x1000eb6c                _localeconv_r
 .text.__retarget_lock_init_recursive
                0x1000eb74        0x4 c:/maximsdk/tools/gnutools/bin/../lib/gcc/arm-none-eabi/9.2.1/../../../../arm-none-eabi/lib/thumb/v7e-m+fp/softfp\libc.a(lib_a-lock.o)
                0x1000eb74                __retarget_lock_init_recursive
 .text.__retarget_lock_close_recursive
                0x1000eb78        0x4 c:/maximsdk/tools/gnutools/bin/../lib/gcc/arm-none-eabi/9.2.1/../../../../arm-none-eabi/lib/thumb/v7e-m+fp/softfp\libc.a(lib_a-lock.o)
                0x1000eb78                __retarget_lock_close_recursive
 .text.__retarget_lock_acquire_recursive
                0x1000eb7c        0x4 c:/maximsdk/tools/gnutools/bin/../lib/gcc/arm-none-eabi/9.2.1/../../../../arm-none-eabi/lib/thumb/v7e-m+fp/softfp\libc.a(lib_a-lock.o)
                0x1000eb7c                __retarget_lock_acquire_recursive
 .text.__retarget_lock_release_recursive
                0x1000eb80        0x4 c:/maximsdk/tools/gnutools/bin/../lib/gcc/arm-none-eabi/9.2.1/../../../../arm-none-eabi/lib/thumb/v7e-m+fp/softfp\libc.a(lib_a-lock.o)
                0x1000eb80                __retarget_lock_release_recursive
 .text.__swhatbuf_r
                0x1000eb84       0x5c c:/maximsdk/tools/gnutools/bin/../lib/gcc/arm-none-eabi/9.2.1/../../../../arm-none-eabi/lib/thumb/v7e-m+fp/softfp\libc.a(lib_a-makebuf.o)
                0x1000eb84                __swhatbuf_r
 .text.__smakebuf_r
                0x1000ebe0       0x98 c:/maximsdk/tools/gnutools/bin/../lib/gcc/arm-none-eabi/9.2.1/../../../../arm-none-eabi/lib/thumb/v7e-m+fp/softfp\libc.a(lib_a-makebuf.o)
                0x1000ebe0                __smakebuf_r
 *fill*         0x1000ec78        0x8 
 .text          0x1000ec80       0xa0 c:/maximsdk/tools/gnutools/bin/../lib/gcc/arm-none-eabi/9.2.1/../../../../arm-none-eabi/lib/thumb/v7e-m+fp/softfp\libc.a(lib_a-memchr.o)
                0x1000ec80                memchr
 .text.memmove  0x1000ed20       0xd8 c:/maximsdk/tools/gnutools/bin/../lib/gcc/arm-none-eabi/9.2.1/../../../../arm-none-eabi/lib/thumb/v7e-m+fp/softfp\libc.a(lib_a-memmove.o)
                0x1000ed20                memmove
 .text._Balloc  0x1000edf8       0x4c c:/maximsdk/tools/gnutools/bin/../lib/gcc/arm-none-eabi/9.2.1/../../../../arm-none-eabi/lib/thumb/v7e-m+fp/softfp\libc.a(lib_a-mprec.o)
                0x1000edf8                _Balloc
 .text._Bfree   0x1000ee44       0x14 c:/maximsdk/tools/gnutools/bin/../lib/gcc/arm-none-eabi/9.2.1/../../../../arm-none-eabi/lib/thumb/v7e-m+fp/softfp\libc.a(lib_a-mprec.o)
                0x1000ee44                _Bfree
 .text.__multadd
                0x1000ee58       0x8c c:/maximsdk/tools/gnutools/bin/../lib/gcc/arm-none-eabi/9.2.1/../../../../arm-none-eabi/lib/thumb/v7e-m+fp/softfp\libc.a(lib_a-mprec.o)
                0x1000ee58                __multadd
 .text.__hi0bits
                0x1000eee4       0x40 c:/maximsdk/tools/gnutools/bin/../lib/gcc/arm-none-eabi/9.2.1/../../../../arm-none-eabi/lib/thumb/v7e-m+fp/softfp\libc.a(lib_a-mprec.o)
                0x1000eee4                __hi0bits
 .text.__lo0bits
                0x1000ef24       0x60 c:/maximsdk/tools/gnutools/bin/../lib/gcc/arm-none-eabi/9.2.1/../../../../arm-none-eabi/lib/thumb/v7e-m+fp/softfp\libc.a(lib_a-mprec.o)
                0x1000ef24                __lo0bits
 .text.__i2b    0x1000ef84       0x14 c:/maximsdk/tools/gnutools/bin/../lib/gcc/arm-none-eabi/9.2.1/../../../../arm-none-eabi/lib/thumb/v7e-m+fp/softfp\libc.a(lib_a-mprec.o)
                0x1000ef84                __i2b
 .text.__multiply
                0x1000ef98      0x144 c:/maximsdk/tools/gnutools/bin/../lib/gcc/arm-none-eabi/9.2.1/../../../../arm-none-eabi/lib/thumb/v7e-m+fp/softfp\libc.a(lib_a-mprec.o)
                0x1000ef98                __multiply
 .text.__pow5mult
                0x1000f0dc       0xa0 c:/maximsdk/tools/gnutools/bin/../lib/gcc/arm-none-eabi/9.2.1/../../../../arm-none-eabi/lib/thumb/v7e-m+fp/softfp\libc.a(lib_a-mprec.o)
                0x1000f0dc                __pow5mult
 .text.__lshift
                0x1000f17c       0xd4 c:/maximsdk/tools/gnutools/bin/../lib/gcc/arm-none-eabi/9.2.1/../../../../arm-none-eabi/lib/thumb/v7e-m+fp/softfp\libc.a(lib_a-mprec.o)
                0x1000f17c                __lshift
 .text.__mcmp   0x1000f250       0x3c c:/maximsdk/tools/gnutools/bin/../lib/gcc/arm-none-eabi/9.2.1/../../../../arm-none-eabi/lib/thumb/v7e-m+fp/softfp\libc.a(lib_a-mprec.o)
                0x1000f250                __mcmp
 .text.__mdiff  0x1000f28c      0x138 c:/maximsdk/tools/gnutools/bin/../lib/gcc/arm-none-eabi/9.2.1/../../../../arm-none-eabi/lib/thumb/v7e-m+fp/softfp\libc.a(lib_a-mprec.o)
                0x1000f28c                __mdiff
 .text.__d2b    0x1000f3c4       0xbc c:/maximsdk/tools/gnutools/bin/../lib/gcc/arm-none-eabi/9.2.1/../../../../arm-none-eabi/lib/thumb/v7e-m+fp/softfp\libc.a(lib_a-mprec.o)
                0x1000f3c4                __d2b
 .text._putc_r  0x1000f480       0x74 c:/maximsdk/tools/gnutools/bin/../lib/gcc/arm-none-eabi/9.2.1/../../../../arm-none-eabi/lib/thumb/v7e-m+fp/softfp\libc.a(lib_a-putc.o)
                0x1000f480                _putc_r
 .text._realloc_r
                0x1000f4f4      0x3e0 c:/maximsdk/tools/gnutools/bin/../lib/gcc/arm-none-eabi/9.2.1/../../../../arm-none-eabi/lib/thumb/v7e-m+fp/softfp\libc.a(lib_a-reallocr.o)
                0x1000f4f4                _realloc_r
 .text.frexp    0x1000f8d4       0x70 c:/maximsdk/tools/gnutools/bin/../lib/gcc/arm-none-eabi/9.2.1/../../../../arm-none-eabi/lib/thumb/v7e-m+fp/softfp\libc.a(lib_a-s_frexp.o)
                0x1000f8d4                frexp
 .text.__sread  0x1000f944       0x24 c:/maximsdk/tools/gnutools/bin/../lib/gcc/arm-none-eabi/9.2.1/../../../../arm-none-eabi/lib/thumb/v7e-m+fp/softfp\libc.a(lib_a-stdio.o)
                0x1000f944                __sread
 .text.__swrite
                0x1000f968       0x40 c:/maximsdk/tools/gnutools/bin/../lib/gcc/arm-none-eabi/9.2.1/../../../../arm-none-eabi/lib/thumb/v7e-m+fp/softfp\libc.a(lib_a-stdio.o)
                0x1000f968                __swrite
 .text.__sseek  0x1000f9a8       0x20 c:/maximsdk/tools/gnutools/bin/../lib/gcc/arm-none-eabi/9.2.1/../../../../arm-none-eabi/lib/thumb/v7e-m+fp/softfp\libc.a(lib_a-stdio.o)
                0x1000f9a8                __sseek
 .text.__sclose
                0x1000f9c8        0x8 c:/maximsdk/tools/gnutools/bin/../lib/gcc/arm-none-eabi/9.2.1/../../../../arm-none-eabi/lib/thumb/v7e-m+fp/softfp\libc.a(lib_a-stdio.o)
                0x1000f9c8                __sclose
 .text.__ssprint_r
                0x1000f9d0       0xf8 c:/maximsdk/tools/gnutools/bin/../lib/gcc/arm-none-eabi/9.2.1/../../../../arm-none-eabi/lib/thumb/v7e-m+fp/softfp\libc.a(lib_a-svfiprintf.o)
                0x1000f9d0                __ssprint_r
 .text.__sprint_r.part.0
                0x1000fac8       0x78 c:/maximsdk/tools/gnutools/bin/../lib/gcc/arm-none-eabi/9.2.1/../../../../arm-none-eabi/lib/thumb/v7e-m+fp/softfp\libc.a(lib_a-vfiprintf.o)
 .text.__sprint_r
                0x1000fb40       0x18 c:/maximsdk/tools/gnutools/bin/../lib/gcc/arm-none-eabi/9.2.1/../../../../arm-none-eabi/lib/thumb/v7e-m+fp/softfp\libc.a(lib_a-vfiprintf.o)
                0x1000fb40                __sprint_r
 .text.__swbuf_r
                0x1000fb58       0xb0 c:/maximsdk/tools/gnutools/bin/../lib/gcc/arm-none-eabi/9.2.1/../../../../arm-none-eabi/lib/thumb/v7e-m+fp/softfp\libc.a(lib_a-wbuf.o)
                0x1000fb58                __swbuf_r
 .text._write_r
                0x1000fc08       0x2c c:/maximsdk/tools/gnutools/bin/../lib/gcc/arm-none-eabi/9.2.1/../../../../arm-none-eabi/lib/thumb/v7e-m+fp/softfp\libc.a(lib_a-writer.o)
                0x1000fc08                _write_r
 .text.__register_exitproc
                0x1000fc34       0x8c c:/maximsdk/tools/gnutools/bin/../lib/gcc/arm-none-eabi/9.2.1/../../../../arm-none-eabi/lib/thumb/v7e-m+fp/softfp\libc.a(lib_a-__atexit.o)
                0x1000fc34                __register_exitproc
 .text._calloc_r
                0x1000fcc0       0x60 c:/maximsdk/tools/gnutools/bin/../lib/gcc/arm-none-eabi/9.2.1/../../../../arm-none-eabi/lib/thumb/v7e-m+fp/softfp\libc.a(lib_a-callocr.o)
                0x1000fcc0                _calloc_r
 .text._close_r
                0x1000fd20       0x24 c:/maximsdk/tools/gnutools/bin/../lib/gcc/arm-none-eabi/9.2.1/../../../../arm-none-eabi/lib/thumb/v7e-m+fp/softfp\libc.a(lib_a-closer.o)
                0x1000fd20                _close_r
 .text._fclose_r
                0x1000fd44       0xcc c:/maximsdk/tools/gnutools/bin/../lib/gcc/arm-none-eabi/9.2.1/../../../../arm-none-eabi/lib/thumb/v7e-m+fp/softfp\libc.a(lib_a-fclose.o)
                0x1000fd44                _fclose_r
 .text.__fputwc
                0x1000fe10       0xa8 c:/maximsdk/tools/gnutools/bin/../lib/gcc/arm-none-eabi/9.2.1/../../../../arm-none-eabi/lib/thumb/v7e-m+fp/softfp\libc.a(lib_a-fputwc.o)
                0x1000fe10                __fputwc
 .text._fputwc_r
                0x1000feb8       0x68 c:/maximsdk/tools/gnutools/bin/../lib/gcc/arm-none-eabi/9.2.1/../../../../arm-none-eabi/lib/thumb/v7e-m+fp/softfp\libc.a(lib_a-fputwc.o)
                0x1000feb8                _fputwc_r
 .text._fstat_r
                0x1000ff20       0x2c c:/maximsdk/tools/gnutools/bin/../lib/gcc/arm-none-eabi/9.2.1/../../../../arm-none-eabi/lib/thumb/v7e-m+fp/softfp\libc.a(lib_a-fstatr.o)
                0x1000ff20                _fstat_r
 .text._isatty_r
                0x1000ff4c       0x24 c:/maximsdk/tools/gnutools/bin/../lib/gcc/arm-none-eabi/9.2.1/../../../../arm-none-eabi/lib/thumb/v7e-m+fp/softfp\libc.a(lib_a-isattyr.o)
                0x1000ff4c                _isatty_r
 .text.__locale_mb_cur_max
                0x1000ff70        0xc c:/maximsdk/tools/gnutools/bin/../lib/gcc/arm-none-eabi/9.2.1/../../../../arm-none-eabi/lib/thumb/v7e-m+fp/softfp\libc.a(lib_a-locale.o)
                0x1000ff70                __locale_mb_cur_max
 .text._lseek_r
                0x1000ff7c       0x2c c:/maximsdk/tools/gnutools/bin/../lib/gcc/arm-none-eabi/9.2.1/../../../../arm-none-eabi/lib/thumb/v7e-m+fp/softfp\libc.a(lib_a-lseekr.o)
                0x1000ff7c                _lseek_r
 .text.__ascii_mbtowc
                0x1000ffa8       0x2c c:/maximsdk/tools/gnutools/bin/../lib/gcc/arm-none-eabi/9.2.1/../../../../arm-none-eabi/lib/thumb/v7e-m+fp/softfp\libc.a(lib_a-mbtowc_r.o)
                0x1000ffa8                __ascii_mbtowc
 .text._read_r  0x1000ffd4       0x2c c:/maximsdk/tools/gnutools/bin/../lib/gcc/arm-none-eabi/9.2.1/../../../../arm-none-eabi/lib/thumb/v7e-m+fp/softfp\libc.a(lib_a-readr.o)
                0x1000ffd4                _read_r
 .text._wcrtomb_r
                0x10010000       0x3c c:/maximsdk/tools/gnutools/bin/../lib/gcc/arm-none-eabi/9.2.1/../../../../arm-none-eabi/lib/thumb/v7e-m+fp/softfp\libc.a(lib_a-wcrtomb.o)
                0x10010000                _wcrtomb_r
 .text.__ascii_wctomb
                0x1001003c       0x1c c:/maximsdk/tools/gnutools/bin/../lib/gcc/arm-none-eabi/9.2.1/../../../../arm-none-eabi/lib/thumb/v7e-m+fp/softfp\libc.a(lib_a-wctomb_r.o)
                0x1001003c                __ascii_wctomb
 .text          0x10010058      0x378 c:/maximsdk/tools/gnutools/bin/../lib/gcc/arm-none-eabi/9.2.1/thumb/v7e-m+fp/softfp\libgcc.a(_arm_addsubdf3.o)
                0x10010058                __aeabi_drsub
                0x10010060                __aeabi_dsub
                0x10010060                __subdf3
                0x10010064                __aeabi_dadd
                0x10010064                __adddf3
                0x100102dc                __floatunsidf
                0x100102dc                __aeabi_ui2d
                0x100102fc                __floatsidf
                0x100102fc                __aeabi_i2d
                0x10010320                __aeabi_f2d
                0x10010320                __extendsfdf2
                0x10010364                __floatundidf
                0x10010364                __aeabi_ul2d
                0x10010374                __floatdidf
                0x10010374                __aeabi_l2d
 .text          0x100103d0      0x424 c:/maximsdk/tools/gnutools/bin/../lib/gcc/arm-none-eabi/9.2.1/thumb/v7e-m+fp/softfp\libgcc.a(_arm_muldivdf3.o)
                0x100103d0                __aeabi_dmul
                0x100103d0                __muldf3
                0x10010624                __divdf3
                0x10010624                __aeabi_ddiv
 .text          0x100107f4      0x110 c:/maximsdk/tools/gnutools/bin/../lib/gcc/arm-none-eabi/9.2.1/thumb/v7e-m+fp/softfp\libgcc.a(_arm_cmpdf2.o)
                0x100107f4                __gtdf2
                0x100107f4                __gedf2
                0x100107fc                __ltdf2
                0x100107fc                __ledf2
                0x10010804                __nedf2
                0x10010804                __eqdf2
                0x10010804                __cmpdf2
                0x10010880                __aeabi_cdrcmple
                0x10010890                __aeabi_cdcmpeq
                0x10010890                __aeabi_cdcmple
                0x100108a0                __aeabi_dcmpeq
                0x100108b4                __aeabi_dcmplt
                0x100108c8                __aeabi_dcmple
                0x100108dc                __aeabi_dcmpge
                0x100108f0                __aeabi_dcmpgt
 .text          0x10010904       0x2c c:/maximsdk/tools/gnutools/bin/../lib/gcc/arm-none-eabi/9.2.1/thumb/v7e-m+fp/softfp\libgcc.a(_arm_unorddf2.o)
                0x10010904                __unorddf2
                0x10010904                __aeabi_dcmpun
 .text          0x10010930       0x50 c:/maximsdk/tools/gnutools/bin/../lib/gcc/arm-none-eabi/9.2.1/thumb/v7e-m+fp/softfp\libgcc.a(_arm_fixdfsi.o)
                0x10010930                __aeabi_d2iz
                0x10010930                __fixdfsi
 .text          0x10010980       0x30 c:/maximsdk/tools/gnutools/bin/../lib/gcc/arm-none-eabi/9.2.1/thumb/v7e-m+fp/softfp\libgcc.a(_aeabi_uldivmod.o)
                0x10010980                __aeabi_uldivmod
 .text          0x100109b0      0x2c4 c:/maximsdk/tools/gnutools/bin/../lib/gcc/arm-none-eabi/9.2.1/thumb/v7e-m+fp/softfp\libgcc.a(_udivmoddi4.o)
                0x100109b0                __udivmoddi4
 .text          0x10010c74        0x4 c:/maximsdk/tools/gnutools/bin/../lib/gcc/arm-none-eabi/9.2.1/thumb/v7e-m+fp/softfp\libgcc.a(_dvmd_tls.o)
                0x10010c74                __aeabi_idiv0
                0x10010c74                __aeabi_ldiv0
 *(.rodata*)
 .rodata.main.str1.4
                0x10010c78      0x129 c:/Users/ian89/OneDrive/Desktop/Alexa-V-1/workspace/Alexa_V-1/build/main.o
 *fill*         0x10010da1        0x3 
 .rodata        0x10010da4       0x18 c:/Users/ian89/OneDrive/Desktop/Alexa-V-1/workspace/Alexa_V-1/build/main.o
 .rodata.camera_settings
                0x10010dbc       0xf0 c:/Users/ian89/OneDrive/Desktop/Alexa-V-1/workspace/Alexa_V-1/build/main.o
 .rodata.init.str1.4
                0x10010eac        0xb c:/Users/ian89/OneDrive/Desktop/Alexa-V-1/workspace/Alexa_V-1/build/state_home.o
 *fill*         0x10010eb7        0x1 
 .rodata.str1.4
                0x10010eb8       0x4a c:/Users/ian89/OneDrive/Desktop/Alexa-V-1/workspace/Alexa_V-1/build/state_home.o
 *fill*         0x10010f02        0x2 
 .rodata        0x10010f04       0x20 c:/Users/ian89/OneDrive/Desktop/Alexa-V-1/workspace/Alexa_V-1/build/state_home.o
 .rodata.run_cnn.str1.4
                0x10010f24       0x8e c:/Users/ian89/OneDrive/Desktop/Alexa-V-1/workspace/Alexa_V-1/build/state_faceID.o
                                 0x9e (size before relaxing)
 *fill*         0x10010fb2        0x2 
 .rodata.init.str1.4
                0x10010fb4        0x3 c:/Users/ian89/OneDrive/Desktop/Alexa-V-1/workspace/Alexa_V-1/build/state_faceID.o
 *fill*         0x10010fb7        0x1 
 .rodata.str1.4
                0x10010fb8       0x22 c:/Users/ian89/OneDrive/Desktop/Alexa-V-1/workspace/Alexa_V-1/build/state_faceID.o
 *fill*         0x10010fda        0x2 
 .rodata        0x10010fdc       0x10 c:/Users/ian89/OneDrive/Desktop/Alexa-V-1/workspace/Alexa_V-1/build/state_faceID.o
 .rodata.init.str1.4
                0x10010fec       0x52 c:/Users/ian89/OneDrive/Desktop/Alexa-V-1/workspace/Alexa_V-1/build/state_voice_recognition.o
 *fill*         0x1001103e        0x2 
 .rodata.key_process.str1.4
                0x10011040       0x1c c:/Users/ian89/OneDrive/Desktop/Alexa-V-1/workspace/Alexa_V-1/build/state_voice_recognition.o
 .rodata.str1.4
                0x1001105c        0xb c:/Users/ian89/OneDrive/Desktop/Alexa-V-1/workspace/Alexa_V-1/build/state_voice_recognition.o
 *fill*         0x10011067        0x1 
 .rodata        0x10011068        0x8 c:/Users/ian89/OneDrive/Desktop/Alexa-V-1/workspace/Alexa_V-1/build/state_voice_recognition.o
 .rodata.kernels_0
                0x10011070      0xb04 c:/Users/ian89/OneDrive/Desktop/Alexa-V-1/workspace/Alexa_V-1/build/cnn.o
 .rodata.kernels_1
                0x10011b74      0xb04 c:/Users/ian89/OneDrive/Desktop/Alexa-V-1/workspace/Alexa_V-1/build/cnn.o
 .rodata.kernels_10
                0x10012678      0xb04 c:/Users/ian89/OneDrive/Desktop/Alexa-V-1/workspace/Alexa_V-1/build/cnn.o
 .rodata.kernels_11
                0x1001317c      0xb04 c:/Users/ian89/OneDrive/Desktop/Alexa-V-1/workspace/Alexa_V-1/build/cnn.o
 .rodata.kernels_12
                0x10013c80      0xb04 c:/Users/ian89/OneDrive/Desktop/Alexa-V-1/workspace/Alexa_V-1/build/cnn.o
 .rodata.kernels_13
                0x10014784      0xb04 c:/Users/ian89/OneDrive/Desktop/Alexa-V-1/workspace/Alexa_V-1/build/cnn.o
 .rodata.kernels_14
                0x10015288      0xb04 c:/Users/ian89/OneDrive/Desktop/Alexa-V-1/workspace/Alexa_V-1/build/cnn.o
 .rodata.kernels_15
                0x10015d8c      0xb04 c:/Users/ian89/OneDrive/Desktop/Alexa-V-1/workspace/Alexa_V-1/build/cnn.o
 .rodata.kernels_16
                0x10016890      0xb04 c:/Users/ian89/OneDrive/Desktop/Alexa-V-1/workspace/Alexa_V-1/build/cnn.o
 .rodata.kernels_17
                0x10017394      0xb04 c:/Users/ian89/OneDrive/Desktop/Alexa-V-1/workspace/Alexa_V-1/build/cnn.o
 .rodata.kernels_18
                0x10017e98      0xb04 c:/Users/ian89/OneDrive/Desktop/Alexa-V-1/workspace/Alexa_V-1/build/cnn.o
 .rodata.kernels_19
                0x1001899c      0xb04 c:/Users/ian89/OneDrive/Desktop/Alexa-V-1/workspace/Alexa_V-1/build/cnn.o
 .rodata.kernels_2
                0x100194a0      0xb04 c:/Users/ian89/OneDrive/Desktop/Alexa-V-1/workspace/Alexa_V-1/build/cnn.o
 .rodata.kernels_20
                0x10019fa4      0x9e4 c:/Users/ian89/OneDrive/Desktop/Alexa-V-1/workspace/Alexa_V-1/build/cnn.o
 .rodata.kernels_21
                0x1001a988      0x9e4 c:/Users/ian89/OneDrive/Desktop/Alexa-V-1/workspace/Alexa_V-1/build/cnn.o
 .rodata.kernels_22
                0x1001b36c      0x9e4 c:/Users/ian89/OneDrive/Desktop/Alexa-V-1/workspace/Alexa_V-1/build/cnn.o
 .rodata.kernels_23
                0x1001bd50      0x9e4 c:/Users/ian89/OneDrive/Desktop/Alexa-V-1/workspace/Alexa_V-1/build/cnn.o
 .rodata.kernels_24
                0x1001c734      0x9e4 c:/Users/ian89/OneDrive/Desktop/Alexa-V-1/workspace/Alexa_V-1/build/cnn.o
 .rodata.kernels_25